2026-05-22T12:21:07.2420477+05:30 worker_started bridge_root=\\hu-nandam-hyd\workspace\AURA_V1\bridge
2026-05-22T12:24:48.5963510+05:30 worker_started bridge_root=\\hu-nandam-hyd\workspace\AURA_V1\bridge
2026-05-22T12:27:01.8851721+05:30 worker_started bridge_root=\\hu-nandam-hyd\workspace\AURA_V1\bridge
2026-05-22T12:27:02.4015910+05:30 processed request_id=606e3239-7203-4a47-b9c0-1a5ee80d1332 seq=2 status=executed
2026-05-22T12:27:02.7367425+05:30 processed request_id=7aedb4ca-e37b-416d-a85c-a13e15d6a21e seq=1 status=executed
2026-05-22T12:31:34.2377018+05:30 processed request_id=44ab1968-7697-4c66-a5c6-f2ab02c9f5b3 seq=3 status=executed
2026-05-22T12:32:17.8516988+05:30 processed request_id=bac23781-06e7-4191-a812-a294d002dc9c seq=4 status=executed
2026-05-22T12:35:42.5642558+05:30 rejected forbidden command request_id=570f4e96-93a2-4268-a7c3-6ab33e8c2336 seq=5
2026-05-22T12:36:54.6624228+05:30 worker_started bridge_root=\\hu-nandam-hyd\workspace\AURA_V1\bridge
2026-05-22T12:37:39.3320250+05:30 processed request_id=7199274a-3ad3-4fad-9726-41ff8d2ae06c seq=6 status=failed
2026-05-22T12:47:09.8898656+05:30 worker_started bridge_root=\\hu-nandam-hyd\workspace\AURA_V1\bridge
2026-05-22T12:47:29.2604106+05:30 worker_started bridge_root=\\hu-nandam-hyd\workspace\AURA_V1\bridge
2026-05-22T12:48:36.8643557+05:30 processed request_id=0cbab3f1-f5ed-493b-aace-0cb7ac82f672 seq=7 status=timeout
2026-05-22T12:54:04.5357690+05:30 processed request_id=26b56f3a-abe8-4e74-9d23-8a7c854551d9 seq=8 status=executed
2026-05-22T12:55:39.3211319+05:30 worker_started bridge_root=\\hu-nandam-hyd\workspace\AURA_V1\bridge
2026-05-22T12:56:21.9860585+05:30 processed request_id=2d3cde81-15be-4480-a646-7b925fa58432 seq=9 status=executed
2026-05-22T13:07:30.7369030+05:30 worker_started bridge_root=\\hu-nandam-hyd\workspace\AURA_V1\bridge
2026-05-22T13:12:20.0820777+05:30 worker_started bridge_root=\\hu-nandam-hyd\workspace\AURA_V1\bridge
2026-05-22T13:12:52.6332509+05:30 processed request_id=7f09291e-3e9f-413c-8f05-7c47377e4ae0 seq=12 status=failed
2026-05-22T13:29:40.6067761+05:30 processed request_id=163fe632-ce29-44a3-8d03-622617404c49 seq=13 status=failed
2026-05-22T13:29:50.7972943+05:30 processed request_id=66259c06-368a-4230-a2da-4589fcf253d4 seq=14 status=executed
2026-05-22T13:32:27.7083863+05:30 processed request_id=9e689263-cf0d-423d-97d0-193d5379526f seq=15 status=failed
2026-05-22T13:32:37.8714226+05:30 processed request_id=ceb727e7-e41f-4a50-a031-f02088b1ff22 seq=16 status=executed
2026-05-22T15:03:27.7314331+05:30 processed request_id=00d8b9e9-86cb-476d-b68f-3b2acf6716ad seq=17 status=executed
2026-05-22T15:03:58.3199548+05:30 rejected allowlist violation request_id=f4e4cf71-4a23-4f94-addf-763d843f9a31 seq=18
2026-05-22T15:04:09.0018532+05:30 rejected allowlist violation request_id=1b5b510f-d397-4858-a973-3554f6e1442a seq=20
2026-05-22T15:04:09.1854706+05:30 rejected allowlist violation request_id=69de2cfe-44b5-48cb-8dd9-a2f0cbdb6677 seq=19
2026-05-22T15:04:19.8285286+05:30 rejected allowlist violation request_id=66c73d25-dcbd-4e8c-ac80-c239072fd82d seq=22
2026-05-22T15:04:20.0044683+05:30 rejected allowlist violation request_id=af90a7ac-c99f-46d2-932c-b972dd9588ef seq=21
2026-05-22T15:06:57.0092641+05:30 rejected allowlist violation request_id=a4f5f974-b0df-47ab-a71e-543d36210db3 seq=24
2026-05-22T15:06:57.1889590+05:30 rejected allowlist violation request_id=f0da0c07-81ac-456e-a551-25d238de3d4a seq=23
2026-05-22T15:07:07.8669720+05:30 rejected allowlist violation request_id=758e89e3-d4ab-4755-98fb-362eccc1bb62 seq=26
2026-05-22T15:07:08.0451786+05:30 rejected allowlist violation request_id=d5ec1fec-f4ad-425b-8bc9-e1ab021b120a seq=25
2026-05-22T15:07:18.7402257+05:30 rejected allowlist violation request_id=a8feabd0-4947-4fd4-b3dd-80e51ef10f52 seq=27
2026-05-22T15:13:26.4623895+05:30 worker_started bridge_root=\\hu-nandam-hyd\workspace\AURA_V1\bridge
2026-05-22T15:17:07.6008238+05:30 processed request_id=cac05a9e-afd2-4f1d-8ffd-1c0f7b3c3811 seq=28 status=executed
2026-05-22T15:18:13.4574207+05:30 processed request_id=4df81e27-43dc-4f87-8eba-b9058769ce38 seq=29 status=timeout
2026-05-22T15:18:15.0571114+05:30 processed request_id=947a2bbe-b275-4219-a6a2-ae7a0281df02 seq=30 status=failed
2026-05-22T15:18:25.1274740+05:30 processed request_id=5f22e593-45f5-41de-8896-6f1ce7858e42 seq=31 status=executed
2026-05-22T15:19:21.5828402+05:30 processed request_id=8977d8b7-dd13-42c7-9998-cbf33e7c8234 seq=32 status=timeout
2026-05-22T15:19:23.0958416+05:30 processed request_id=b65dfe33-f201-4645-a1e5-20c3a999fe46 seq=33 status=executed
2026-05-22T15:21:49.4463041+05:30 processed request_id=6b34df93-9703-4381-a9f8-9fc55882092e seq=34 status=timeout
2026-05-22T15:21:51.0004142+05:30 processed request_id=b318c1b2-f66d-41bd-8d9a-9417e2a52204 seq=35 status=failed
2026-05-22T15:22:02.0685611+05:30 processed request_id=f86b2583-f0b7-4b65-86f7-5905de40786e seq=36 status=executed
2026-05-22T15:22:43.4597543+05:30 processed request_id=52d7f798-694a-4b7f-82cb-9b7190bb52e5 seq=37 status=timeout
2026-05-22T15:22:44.9461359+05:30 processed request_id=14e48aab-10b3-4851-afb4-b049e9e40f4f seq=38 status=executed
2026-05-22T15:26:28.1777060+05:30 worker_started bridge_root=\\hu-nandam-hyd\workspace\AURA_V1\bridge
2026-05-22T15:29:10.3585619+05:30 processed request_id=f9575148-03d6-4a7a-b3b5-9baad567c1eb seq=39 status=timeout
2026-05-22T15:29:11.9548734+05:30 processed request_id=15e8e610-20c9-40d8-862c-5f55e3c4034d seq=40 status=failed
2026-05-22T15:29:21.9859781+05:30 processed request_id=53c7979b-566b-40ae-8fee-869b89b093b7 seq=41 status=failed
2026-05-22T15:30:18.4218386+05:30 processed request_id=7976b8a6-24c7-482d-ad2b-b62669814d83 seq=42 status=timeout
2026-05-22T15:30:19.9776584+05:30 processed request_id=a6d456d6-5bfc-4c54-b84a-68e3983f2264 seq=43 status=executed
2026-05-22T15:43:57.0545932+05:30 processed request_id=10d17ae4-3160-42eb-9ee3-a570ca4d6d74 seq=44 status=timeout
2026-05-22T15:43:58.8419421+05:30 processed request_id=2f5b1f7e-d5b9-441b-9113-ca97b8361105 seq=45 status=executed
2026-05-22T15:44:08.5484690+05:30 rejected governed command format request_id=b6b1198f-ca70-40d3-8c9a-9dc74804ff9b seq=47 reason=playback_aplay_device_invalid
2026-05-22T15:45:19.9500157+05:30 processed request_id=510f1f37-8680-4043-ab0f-e3d81b8156e6 seq=48 status=timeout
2026-05-22T15:45:21.5053814+05:30 processed request_id=3702a40d-515e-4eaa-a86a-a2774db143c7 seq=49 status=executed
2026-05-22T15:48:06.5001034+05:30 processed request_id=d1e43b06-2405-4e64-8e15-b38cec3021d9 seq=50 status=timeout
2026-05-22T15:48:08.2610109+05:30 processed request_id=e67058a8-86eb-4266-b68f-ead294af0aa4 seq=51 status=executed
2026-05-22T15:48:18.0386182+05:30 rejected allowlist violation request_id=6b077d5c-ba83-435f-97ec-892f66738bec seq=52
2026-05-22T15:48:28.7261803+05:30 rejected governed command format request_id=f1f9d1e5-677e-43c6-860b-460d4d002fbd seq=53 reason=playback_aplay_device_invalid
2026-05-22T15:49:40.1284117+05:30 processed request_id=0f4e00f2-403c-4d17-a043-e2b4907da1bd seq=54 status=timeout
2026-05-22T15:49:41.6699236+05:30 processed request_id=81170feb-3f1c-4b09-bf2c-4e9214f6af52 seq=55 status=executed
2026-05-22T16:15:57.1204094+05:30 worker_started bridge_root=\\hu-nandam-hyd\workspace\AURA_V1\bridge
2026-05-22T16:17:00.3951354+05:30 rejected_malformed_request id=fe7cd900-8390-47ff-b68a-956781458eee reason=missing_field:command_entries
2026-05-22T16:17:32.4353962+05:30 processed request_id=027571ca-7774-4d7d-b88e-fc01cefaaad2 seq=57 status=executed
2026-05-22T16:20:33.3233525+05:30 processed request_id=a06778dc-3c65-4262-8ede-8c15d0454d8d seq=58 status=timeout
2026-05-22T16:20:35.0919275+05:30 processed request_id=441c6cdf-4e01-4275-9052-9067536d5196 seq=59 status=executed
2026-05-22T16:20:48.4559802+05:30 processed request_id=e0e925cc-8855-4fc4-881d-e476f7032495 seq=60 status=executed
2026-05-22T16:20:56.1205065+05:30 processed request_id=e4f1f63a-bdc5-488d-b38a-c56d1dc3076d seq=61 status=executed
2026-05-22T16:24:06.4461769+05:30 processed request_id=f6b7e76a-315e-44d9-8843-1726dc6c3858 seq=62 status=timeout
2026-05-22T16:24:07.9880447+05:30 processed request_id=83625a1a-cd81-41e7-9a8d-3b279a9553b4 seq=63 status=executed
2026-05-22T16:41:12.6731043+05:30 processed request_id=00770703-495e-4a85-b84f-b096cc9bbe4c seq=64 status=executed
2026-05-22T16:41:13.2208529+05:30 processed request_id=d46d718c-7f79-4232-ba05-8c0a7cbebb47 seq=65 status=executed
2026-05-22T16:41:23.2112122+05:30 processed request_id=145dc799-7244-4740-bae4-f659018e104f seq=66 status=executed
2026-05-22T16:41:34.2641937+05:30 processed request_id=8bf7bee9-cfe8-4636-aef7-9ced84d07ab9 seq=67 status=executed
2026-05-22T16:42:30.1191955+05:30 processed request_id=c7ac3de3-9735-4f90-b0ac-a196ceec5f60 seq=68 status=timeout
2026-05-22T16:42:31.8703370+05:30 processed request_id=026f0ee5-2a12-49e6-be40-282a2dca18bb seq=69 status=executed
2026-05-22T16:42:45.1545220+05:30 processed request_id=5f44f94c-733c-4bc1-a264-a2db5112140b seq=70 status=executed
2026-05-22T16:42:52.8801140+05:30 processed request_id=2ff0fc3a-1705-4dc1-a465-1fb798f70277 seq=71 status=executed
2026-05-22T16:43:02.8313284+05:30 processed request_id=cbf35593-c4a9-49b0-a9f1-2abe88f91cea seq=72 status=executed
2026-05-22T16:43:13.7666739+05:30 processed request_id=446ef58b-4cae-4109-a398-b9c2eb25d089 seq=73 status=executed
2026-05-22T16:43:24.6574412+05:30 processed request_id=981cf030-d8a6-4284-a124-efd306829e94 seq=74 status=executed
2026-05-22T16:44:20.5982064+05:30 processed request_id=05d1054d-dcf5-416f-8400-f63985816397 seq=75 status=timeout
2026-05-22T16:44:22.1678559+05:30 processed request_id=e152aa47-242b-4e6f-92c7-c616683f15b9 seq=76 status=executed
2026-05-22T16:49:47.9249231+05:30 processed request_id=faea6e21-85f8-4ba8-aee9-c332f590e6d9 seq=77 status=executed
2026-05-22T16:49:57.9741719+05:30 processed request_id=04b2ee25-f27d-4e83-ae92-06e87a95638b seq=78 status=executed
2026-05-22T16:50:08.8938826+05:30 processed request_id=cb85c22f-2c37-4649-920e-ab1677799a26 seq=79 status=executed
2026-05-22T16:50:19.5662824+05:30 rejected allowlist violation request_id=7359713d-dca7-4c4d-9d1d-8d4ec6f02bc3 seq=80
2026-05-22T16:50:31.0832306+05:30 processed request_id=9ac9f79e-fbed-4e1d-b3d3-0cf70a3b52d5 seq=81 status=executed
2026-05-22T16:50:44.1216963+05:30 processed request_id=a872941f-15bf-43ac-a214-f7865d41f83c seq=82 status=executed
2026-05-22T16:50:58.7515368+05:30 processed request_id=8db1cdd7-b8c0-4a12-bef7-b1258c8c9473 seq=83 status=executed
2026-05-22T16:51:02.4210154+05:30 processed request_id=b96f07fc-13b9-49cc-a73b-00068196e1d7 seq=84 status=executed
2026-05-22T16:51:13.3271154+05:30 processed request_id=342c569a-76f7-4455-b168-c1fc28586c44 seq=85 status=executed
2026-05-22T16:51:24.3174700+05:30 processed request_id=35d4f609-164e-483b-ac6a-9750b52dfa03 seq=86 status=executed
2026-05-22T16:51:35.0117072+05:30 rejected allowlist violation request_id=391ad077-469a-43e5-ab4e-d5c03a02a0af seq=87
2026-05-22T16:51:46.0061805+05:30 processed request_id=1bd837a2-2627-41c4-aa0e-94cc2c5c1ead seq=88 status=executed
2026-05-22T17:25:04.5529007+05:30 processed request_id=95e3f24a-9c30-44c7-8c74-dd76011f13dc seq=89 status=executed
2026-05-22T17:25:14.5731110+05:30 processed request_id=9f6fc820-4749-464f-bab6-3e40a4783e40 seq=90 status=executed
2026-05-22T17:25:24.5585800+05:30 processed request_id=9cf09870-f86d-4ef2-8903-97e770517fe8 seq=91 status=executed
2026-05-22T17:25:35.3184225+05:30 rejected allowlist violation request_id=02910367-1bf0-423c-aed9-5318a7c046dc seq=92
2026-05-22T17:25:47.9114108+05:30 processed request_id=039504e2-4c0e-4f5b-b9de-626ed566bbfe seq=93 status=executed
2026-05-22T17:26:00.1294313+05:30 processed request_id=7f0cad44-a635-4a45-a5f5-f3c5d0d2389c seq=94 status=executed
2026-05-22T17:26:32.7521796+05:30 processed request_id=179a98e3-d959-497f-8c0e-0a9eddfb465e seq=95 status=executed
2026-05-22T17:26:34.2934083+05:30 processed request_id=f9a660a3-e784-4166-8a58-b80bb1b576f2 seq=96 status=executed
2026-05-22T17:26:45.3756990+05:30 processed request_id=2f06efb2-8be7-4bb6-9acd-001f770a7494 seq=97 status=executed
2026-05-22T17:26:56.3454057+05:30 processed request_id=1169bc80-ff74-45ec-b719-ab4b31113511 seq=98 status=executed
2026-05-22T17:27:07.0485740+05:30 rejected allowlist violation request_id=d717cb86-0840-4866-8da4-8f5d6e3135e0 seq=99
2026-05-22T17:27:18.0067694+05:30 processed request_id=f5ceab33-31ec-44e4-b354-94f03d34c0cc seq=100 status=executed
2026-05-22T17:30:16.8338447+05:30 processed request_id=261eb989-f8a5-4e99-b256-dca38e841eab seq=101 status=executed
2026-05-22T17:30:26.8195044+05:30 processed request_id=18c6c67d-5f57-44c5-ac65-d01e4ba58d8f seq=102 status=executed
2026-05-22T17:30:37.7675679+05:30 processed request_id=42c6cf5c-7bd3-4e04-83ae-46ace834aeef seq=103 status=executed
2026-05-22T17:30:48.5072035+05:30 rejected allowlist violation request_id=d0c54749-e344-4291-b45c-3735ad99f85d seq=104
2026-05-22T17:31:01.0874088+05:30 processed request_id=1cf6fe92-d0ba-40b6-a3c8-1e8e08b55e1c seq=105 status=executed
2026-05-22T17:31:13.1901672+05:30 processed request_id=0120e093-9d3a-49f0-8052-11349002f6cf seq=106 status=executed
2026-05-22T17:31:46.7905809+05:30 processed request_id=609a226f-a741-4c43-99bf-678e938550f7 seq=107 status=executed
2026-05-22T17:31:48.4239528+05:30 processed request_id=359d5086-c558-43dc-b951-724a4907f290 seq=108 status=executed
2026-05-22T17:31:58.4345520+05:30 processed request_id=3bd6272a-7ae5-415a-9019-9adc09f0f431 seq=109 status=executed
2026-05-22T17:32:09.4705116+05:30 processed request_id=6add0595-68b4-48d4-8e7b-41a85b852f1c seq=110 status=executed
2026-05-22T17:32:19.2079333+05:30 rejected allowlist violation request_id=a15d7185-6790-4aef-91bf-a8e3c8d9fa8a seq=111
2026-05-22T17:32:30.1785172+05:30 processed request_id=2af98a72-2a7e-41cc-a733-639925b6f4a4 seq=112 status=executed
2026-05-22T17:33:54.9605648+05:30 processed request_id=7cd7297e-c8c6-4ac9-827c-0f5fe9d8a01a seq=113 status=executed
2026-05-22T17:34:05.9515715+05:30 processed request_id=140f02fc-dfed-4ec5-9219-04e636737da7 seq=114 status=executed
2026-05-22T17:34:16.7980290+05:30 processed request_id=cc5e6eec-6b73-4979-91ae-2fc99157db3f seq=115 status=executed
2026-05-22T17:34:27.4279087+05:30 rejected allowlist violation request_id=60828313-e199-425c-be72-6b34532f9d95 seq=116
2026-05-22T17:34:39.8401578+05:30 processed request_id=1eab3896-3eae-4682-8233-a29834d18410 seq=117 status=executed
2026-05-22T17:34:52.0027340+05:30 processed request_id=5f406eaa-d29a-4f11-b57c-86663845264e seq=118 status=executed
2026-05-22T17:35:24.5855375+05:30 processed request_id=3a503bda-b9e0-4649-83d3-88c05c78a1ca seq=119 status=executed
2026-05-22T17:35:26.2030327+05:30 processed request_id=07050b6c-9f6e-4574-97e5-ad7a9d20a524 seq=120 status=executed
2026-05-22T17:35:36.2164548+05:30 processed request_id=b943a679-4712-4c32-a212-9b692c03325d seq=121 status=executed
2026-05-22T17:35:47.2076024+05:30 processed request_id=3736be17-4c51-4ace-bcc5-31f0ca4050ad seq=122 status=executed
2026-05-22T17:35:57.9052058+05:30 rejected allowlist violation request_id=dad3c9dc-af87-4721-bb5b-ed3ed03a1d05 seq=123
2026-05-22T17:36:08.9273831+05:30 processed request_id=2ee82648-121f-44a5-9e19-02eeb08b93ba seq=124 status=executed
2026-05-22T18:02:49.3769191+05:30 processed request_id=8dddb4d7-cfa4-4e9b-aedd-971a2c07603d seq=125 status=executed
2026-05-22T18:03:00.3793152+05:30 processed request_id=b596365a-5fac-4a85-ae02-c1f177bf8a0b seq=126 status=executed
2026-05-22T18:03:11.4041575+05:30 processed request_id=966af4cb-0b95-4bba-bcfe-3092a4dd5afd seq=127 status=executed
2026-05-22T18:03:21.1052557+05:30 rejected allowlist violation request_id=efa45a06-2f8e-424a-b8a5-6a6dfc4f5bd1 seq=128
2026-05-22T18:03:33.5478899+05:30 processed request_id=f452896a-5ab6-4f26-997b-3c49e071a5ad seq=129 status=executed
2026-05-22T18:03:45.6025651+05:30 processed request_id=fa0cdadb-9441-4326-93d8-79be283770b7 seq=130 status=executed
2026-05-22T18:04:19.2120783+05:30 processed request_id=bcb78051-fbd0-4253-affe-8d2adf186ed6 seq=131 status=executed
2026-05-22T18:04:20.7796008+05:30 processed request_id=736f8b21-88dc-4f0f-bead-5584bd0b6611 seq=132 status=executed
2026-05-22T18:04:31.7729547+05:30 processed request_id=6df72afd-8b1c-4ad6-b254-ab762399aa59 seq=133 status=executed
2026-05-22T18:04:41.8895777+05:30 processed request_id=e11faf66-27bc-4e9e-904e-a0113166b2d5 seq=134 status=executed
2026-05-22T18:04:51.5687782+05:30 rejected allowlist violation request_id=60116c36-db43-410e-b1ed-988112c8982f seq=135
2026-05-22T18:05:02.6109706+05:30 processed request_id=c030913f-3e89-4ade-ae39-a061b8891e93 seq=136 status=executed
2026-05-22T18:05:31.5687625+05:30 worker_started bridge_root=\\hu-nandam-hyd\workspace\AURA_V1\bridge
2026-05-22T18:15:22.2626865+05:30 processed request_id=cc4146db-90d4-4b97-84d3-c44f8a3d4c7d seq=137 status=executed
2026-05-22T18:15:32.2626437+05:30 processed request_id=7338b45f-2210-40e1-ae2c-8c6a39cd91fb seq=138 status=executed
2026-05-22T18:15:44.7825022+05:30 processed request_id=fb35ea6f-5f1a-460b-acd6-101700bf0733 seq=139 status=executed
2026-05-22T18:15:56.9571035+05:30 processed request_id=e535bcfd-cda1-43cb-b177-577f631ab41a seq=140 status=executed
2026-05-22T18:16:29.5745117+05:30 processed request_id=5f3624e5-e249-4ada-aef6-524861608629 seq=141 status=executed
2026-05-22T18:16:31.1122464+05:30 processed request_id=a53b398c-437e-4793-88e4-c708b430d44e seq=142 status=executed
2026-05-22T18:16:42.1411646+05:30 processed request_id=3f0e14f4-1970-4d83-96be-dac2ce64fe5e seq=143 status=executed
2026-05-22T18:16:53.1449756+05:30 processed request_id=2f71d9d9-a144-4540-ab63-109cd424f185 seq=144 status=executed
2026-05-22T18:17:04.1318080+05:30 processed request_id=dfe5704c-22cb-48b3-b443-01425b4a734e seq=145 status=executed
2026-05-22T18:17:15.0834152+05:30 processed request_id=4ab39340-8305-4d99-9f14-4b86488ec145 seq=146 status=executed
2026-05-22T18:17:26.6578787+05:30 processed request_id=3c321746-a496-4598-b5cd-c36cd8eaf8f2 seq=147 status=executed
2026-05-22T18:17:38.7250643+05:30 processed request_id=3dfa9c8b-f60e-4575-8cca-5de530b14800 seq=148 status=executed
2026-05-22T18:18:12.3142145+05:30 processed request_id=914c3034-4bae-4d4c-88ad-4aafd4257e2f seq=149 status=executed
2026-05-22T18:18:13.8618975+05:30 processed request_id=ccd4e1b4-9af0-478b-ba8a-73eda5d7f9a7 seq=150 status=executed
2026-05-22T18:18:24.9396155+05:30 processed request_id=6aa6f919-45f9-46d6-9f7e-6dc1f0b74a1e seq=151 status=executed
2026-05-22T18:18:35.9024151+05:30 processed request_id=189fb5ad-991b-4676-aa0b-6bd97028913e seq=152 status=executed
2026-05-22T18:18:46.8872841+05:30 processed request_id=eb119c80-86e4-4c28-b16b-1db7a9e30350 seq=153 status=executed
2026-05-22T18:18:57.8851248+05:30 processed request_id=caa5b39f-d07f-4c92-8086-ed216d80e187 seq=154 status=executed
2026-05-22T18:19:10.4683805+05:30 processed request_id=1aad2a81-28bc-49bf-bba2-aecbd12e775d seq=155 status=executed
2026-05-22T18:19:22.9705916+05:30 processed request_id=0b7404d0-3872-4809-9baa-3560171722c0 seq=156 status=executed
2026-05-22T18:19:55.5518651+05:30 processed request_id=19c6dfce-b5a4-4443-b2f6-75d973bf263e seq=157 status=executed
2026-05-22T18:19:57.1110951+05:30 processed request_id=6551106d-a242-4043-a1ac-f46e07c9cd9b seq=158 status=executed
2026-05-22T18:20:08.1710902+05:30 processed request_id=8a67c477-e2a4-4e5e-9d23-cf80b855b230 seq=159 status=executed
2026-05-22T18:20:19.1583684+05:30 processed request_id=d6091696-1b94-437d-96c4-a9b81ea0a56b seq=160 status=executed
2026-05-22T18:20:30.2046329+05:30 processed request_id=32a27f40-d193-402e-a919-f54a074c2a2b seq=161 status=executed
2026-05-22T18:20:40.1402579+05:30 processed request_id=80238de5-3796-44ff-bfe2-956d87b5528a seq=162 status=executed
2026-05-22T18:20:52.5418567+05:30 processed request_id=f4b6f91b-dfd2-44b4-8081-7ed2568dcf0c seq=163 status=executed
2026-05-22T18:21:05.3255263+05:30 processed request_id=7d5c565e-cb42-4cf9-b214-65667022fca1 seq=164 status=executed
2026-05-22T18:21:37.9990885+05:30 processed request_id=29b97896-9bf7-4c94-b64a-2dce1bf02bf7 seq=165 status=executed
2026-05-22T18:21:39.5092396+05:30 processed request_id=4a7e40c0-75af-4ef0-a9ec-32c0ac1c5ef9 seq=166 status=executed
2026-05-22T18:21:50.6073997+05:30 processed request_id=2efd3b71-cc85-48c0-823c-2e6df2078996 seq=167 status=executed
2026-05-22T18:22:01.5075084+05:30 processed request_id=fe86cb97-c3cc-4d24-9c33-e6a0616e9ad7 seq=168 status=executed
2026-05-22T18:22:12.4291696+05:30 processed request_id=c61c608f-1fde-4bda-a5eb-18ff0814ea7e seq=169 status=executed
2026-05-22T18:22:23.3698463+05:30 processed request_id=02cb95bf-d63f-4bda-8cfa-f9aa0fe4c9b5 seq=170 status=executed
2026-05-22T18:22:35.8440490+05:30 processed request_id=b684bc41-143e-487a-89f2-26721b7c771d seq=171 status=executed
2026-05-22T18:22:47.7452144+05:30 processed request_id=763b0d41-a7ae-4989-a962-7400978d9352 seq=172 status=executed
2026-05-22T18:23:21.3763822+05:30 processed request_id=8d42ffc7-55ea-415c-8f88-76fd9d6971c2 seq=173 status=executed
2026-05-22T18:23:22.9038035+05:30 processed request_id=62d7b999-636e-4bc7-a7e8-35ffe5c0b1e8 seq=174 status=executed
2026-05-22T18:23:33.9816566+05:30 processed request_id=693750d0-12fa-4239-bac8-c66ead54a2c4 seq=175 status=executed
2026-05-22T18:23:44.9467560+05:30 processed request_id=c0c71b4a-8165-4598-9400-3d0ba9fb9bdf seq=176 status=executed
2026-05-22T18:23:56.0028278+05:30 processed request_id=5820a180-077a-4767-958a-7827968d4217 seq=177 status=executed
2026-05-22T18:24:06.9060900+05:30 processed request_id=45bca230-e524-408d-b22a-ffe9128d185d seq=178 status=executed
2026-05-22T18:24:19.2968325+05:30 processed request_id=fe017470-1a01-4e37-892f-6a1fa00c979d seq=179 status=executed
2026-05-22T18:24:31.2227456+05:30 processed request_id=bc0017d9-fefd-45ec-824c-abec3a401309 seq=180 status=executed
2026-05-22T18:25:04.7881860+05:30 processed request_id=d4ac4736-1dbe-44e6-b73d-e85584c180e5 seq=181 status=executed
2026-05-22T18:25:06.3483232+05:30 processed request_id=8be37760-7d01-4bff-8bc0-3023efeff0c5 seq=182 status=executed
2026-05-22T18:25:17.3127939+05:30 processed request_id=0b69f01b-27b5-4361-b1df-7b90a02c4343 seq=183 status=executed
2026-05-22T18:25:28.2707706+05:30 processed request_id=1f35220a-c638-4beb-a968-479643032b90 seq=184 status=executed
2026-05-22T18:25:39.2299261+05:30 processed request_id=2be839e2-720f-459f-88e5-91c520a94d46 seq=185 status=executed
2026-05-22T18:25:50.2273198+05:30 processed request_id=b360f0ab-98f3-43fe-a488-00f1740518a8 seq=186 status=executed
2026-05-22T18:26:02.6670322+05:30 processed request_id=31f3f509-3d36-4aa5-aec7-24457820d143 seq=187 status=executed
2026-05-22T18:26:14.7260947+05:30 processed request_id=4007f571-d840-4abd-a487-858a8e1d4a2c seq=188 status=executed
2026-05-22T18:26:48.3358540+05:30 processed request_id=a084409b-89f9-4194-a171-1e8074863f6e seq=189 status=executed
2026-05-22T18:26:49.9220236+05:30 processed request_id=1481d990-dc69-42bc-9b16-4961f519d972 seq=190 status=executed
2026-05-22T18:27:00.9398076+05:30 processed request_id=bdabfa8c-0942-4e08-b384-ab3e6bbe24f2 seq=191 status=executed
2026-05-22T18:27:11.0364298+05:30 processed request_id=2aec597d-eee8-41a6-af40-87c76706c7a6 seq=192 status=executed
2026-05-22T18:27:21.9608024+05:30 processed request_id=9872f606-9d7f-484c-a674-7a59213b56b3 seq=193 status=executed
2026-05-22T18:27:32.9465208+05:30 processed request_id=93a8b6cc-675f-4e76-8ba1-c989309ac570 seq=194 status=executed
2026-05-22T18:27:45.3592231+05:30 processed request_id=53a22641-989b-47d1-a8bc-dad8ced36566 seq=195 status=executed
2026-05-22T18:27:57.4359222+05:30 processed request_id=51618580-0efb-436f-9653-7865b2a1de09 seq=196 status=executed
2026-05-22T18:28:30.0424916+05:30 processed request_id=bd6c062c-dc70-460c-9c20-3d1494252f2d seq=197 status=executed
2026-05-22T18:28:31.5892525+05:30 processed request_id=0ecb5f8b-53cd-4a80-ad70-1e98bef3cda9 seq=198 status=executed
2026-05-22T18:28:42.6666668+05:30 processed request_id=7452c2b9-95d4-4d6f-9ba0-fa9faa7b19de seq=199 status=executed
2026-05-22T18:28:52.6082457+05:30 processed request_id=c5de5859-1a92-40b1-9639-be42cd55ab6b seq=200 status=executed
2026-05-22T18:29:03.5218242+05:30 processed request_id=ffafd92c-9c0b-441c-b22e-634a47fedb34 seq=201 status=executed
2026-05-22T18:29:14.5555838+05:30 processed request_id=67db8eb4-1543-4d29-a496-7ead34425d95 seq=202 status=executed
2026-05-22T18:29:27.0268164+05:30 processed request_id=7034b9f8-1417-4744-a9c8-a2245ac21cc5 seq=203 status=executed
2026-05-22T18:29:39.0244622+05:30 processed request_id=42786a38-d91e-4baf-bea6-b11d8046b7d1 seq=204 status=executed
2026-05-22T18:30:12.7201971+05:30 processed request_id=56b3eec7-0b8c-4fbb-9e28-c5b508d90335 seq=205 status=executed
2026-05-22T18:30:14.3308231+05:30 processed request_id=e4a10569-3425-44c1-ab2f-62c6eb468938 seq=206 status=executed
2026-05-22T18:30:25.3520769+05:30 processed request_id=1f882c88-b583-43db-bb39-948fada27921 seq=207 status=executed
2026-05-22T18:30:36.3395191+05:30 processed request_id=de802242-083b-4440-8381-f39d29d96230 seq=208 status=executed
2026-05-22T18:30:47.3185488+05:30 processed request_id=39d03204-d0f9-44f5-9109-9672e4ba78e2 seq=209 status=executed
2026-05-22T18:30:58.1938436+05:30 processed request_id=258e91aa-11e4-4963-acd5-e0e9710f1803 seq=210 status=executed
2026-05-22T18:31:10.7012086+05:30 processed request_id=6ad3d0f4-5a21-454c-b88b-a2330e1311ba seq=211 status=executed
2026-05-22T18:31:22.7142999+05:30 processed request_id=b1b89b8e-86ef-4fc9-814f-b619ada0553c seq=212 status=executed
2026-05-22T18:31:56.3481567+05:30 processed request_id=1bafd4da-adfa-4e4f-8e8b-09ea17e1eb6f seq=213 status=executed
2026-05-22T18:31:57.9451726+05:30 processed request_id=f5b2bc69-8530-459e-8bb6-a9c301ba911f seq=214 status=executed
2026-05-22T18:32:08.9929881+05:30 processed request_id=21f2c9c3-3207-474f-b190-60f39a20a555 seq=215 status=executed
2026-05-22T18:32:20.0036639+05:30 processed request_id=988adb16-d8a2-4a9c-a063-a051a1bbd46f seq=216 status=executed
2026-05-22T19:09:29.2605409+05:30 processed request_id=3467487e-5e6c-4c4c-9f85-56e14f15ddfa seq=217 status=executed
2026-05-22T19:09:40.2883750+05:30 processed request_id=aa8cd64b-68bb-41d0-82c1-8067a4898f59 seq=218 status=executed
2026-05-22T19:09:52.8109878+05:30 processed request_id=29834061-f8bb-4ffa-9e06-59ad21373dec seq=219 status=executed
2026-05-22T19:10:05.0661359+05:30 processed request_id=da2435eb-961d-494c-a66c-e4655be73b96 seq=220 status=executed
2026-05-22T19:10:37.5758499+05:30 processed request_id=350e838d-7859-4b2f-b492-cee1143b86f7 seq=221 status=executed
2026-05-22T19:10:39.1557303+05:30 processed request_id=af8bcce0-278a-46f1-90ac-2f35a106191c seq=222 status=executed
2026-05-22T19:10:50.1656268+05:30 processed request_id=b164c536-aee1-4307-8b2d-ce3580bd5d0a seq=223 status=executed
2026-05-22T19:11:00.0443665+05:30 processed request_id=eb94c784-676c-4289-8a21-8f18b3f16cd3 seq=224 status=executed
2026-05-22T19:12:33.9678449+05:30 processed request_id=17068011-d130-4577-bb1a-3f8fbb61dd07 seq=225 status=executed
2026-05-22T19:12:45.0266017+05:30 processed request_id=d98d61a4-fe50-466d-9689-74ce53f2d7a5 seq=226 status=executed
2026-05-22T19:12:57.8102107+05:30 processed request_id=ee6223b7-3efd-48be-a940-21f56943125a seq=227 status=executed
2026-05-22T19:13:10.3111807+05:30 processed request_id=bda3c9b9-0ef1-4972-adcf-e33d8512abae seq=228 status=executed
2026-05-22T19:13:42.9608812+05:30 processed request_id=338fa00a-701c-4d8f-a3cd-1ee6987899cc seq=229 status=executed
2026-05-22T19:13:44.4912930+05:30 processed request_id=19d5526d-1ee1-4ccd-9b95-b090af15e239 seq=230 status=executed
2026-05-22T19:13:55.6612620+05:30 processed request_id=6416aa8d-1167-4a26-9256-12bdd800b21a seq=231 status=executed
2026-05-22T19:14:05.5519177+05:30 processed request_id=b0ae41f5-6f0b-4555-bc49-f1b218ed42bd seq=232 status=executed
2026-05-22T19:15:09.5209997+05:30 processed request_id=daa631cd-3317-49d0-a599-bc65b471ca85 seq=233 status=executed
2026-05-22T19:15:19.4664669+05:30 processed request_id=b6e1af33-e0ba-496d-9969-1d61211a3ae8 seq=234 status=executed
2026-05-22T19:15:30.9966581+05:30 processed request_id=0135d45e-52e4-42e2-bdf8-68fbe747415b seq=235 status=executed
2026-05-22T19:15:43.1074381+05:30 processed request_id=72363d86-1ef7-4615-8a17-1b97bdc86092 seq=236 status=executed
2026-05-22T19:16:16.7621369+05:30 processed request_id=d9e02bc5-9bdf-464f-9eb3-432375665846 seq=237 status=executed
2026-05-22T19:16:18.3289893+05:30 processed request_id=3dd7b0fe-1df5-4335-9cb6-c3aa810b8d8b seq=238 status=executed
2026-05-22T19:16:29.3819513+05:30 processed request_id=66f65992-e426-4a75-ad99-b320908953e3 seq=239 status=executed
2026-05-22T19:16:40.3553386+05:30 processed request_id=2db75754-320f-435a-bb81-6d5f495f3d5e seq=240 status=executed
2026-05-22T20:02:08.5519341+05:30 processed request_id=ed37b3a2-0747-4582-a65b-c687d53c7f2c seq=241 status=executed
2026-05-22T20:02:18.5449707+05:30 processed request_id=3810bc21-e398-4411-bcdc-17cebf8cdcbe seq=242 status=executed
2026-05-22T20:02:31.1182308+05:30 processed request_id=686ebaa6-6afa-4811-aed9-6dbf80922299 seq=243 status=executed
2026-05-22T20:02:43.3549722+05:30 processed request_id=b6b600de-7500-4a3a-b723-53ecd6692c7e seq=244 status=executed
2026-05-22T20:03:15.8764448+05:30 processed request_id=e29db929-6a48-4165-8989-4be3b4e3dd38 seq=245 status=executed
2026-05-22T20:03:17.4023043+05:30 processed request_id=9ba5877f-634d-4c08-bd0f-9a741a30d9c1 seq=246 status=executed
2026-05-22T20:03:28.4246075+05:30 processed request_id=309808b4-88b5-4b64-9fc4-e51336bc8eb5 seq=247 status=executed
2026-05-22T20:03:39.4027546+05:30 processed request_id=94adc72d-d2c8-435f-803f-0348ab54facd seq=248 status=executed
2026-05-22T20:06:07.2081602+05:30 processed request_id=56c36b3f-8723-44f3-a08f-cf71c5732472 seq=249 status=executed
2026-05-22T20:06:18.3047163+05:30 processed request_id=fea18017-8eed-480d-ac83-2c126827dce9 seq=250 status=executed
2026-05-22T20:06:29.8010012+05:30 processed request_id=b3fff2ab-d529-4262-8fba-b780c456bf67 seq=251 status=executed
2026-05-22T20:06:41.8767429+05:30 processed request_id=4b7f4669-4633-40f3-bb59-a3ecf0a378c4 seq=252 status=executed
2026-05-22T20:07:15.5052630+05:30 processed request_id=ec5a86a3-4ec8-4eb2-9a28-5aabec834310 seq=253 status=executed
2026-05-22T20:07:27.7325965+05:30 processed request_id=66fe923d-1ade-4390-bff9-4f7a7f155487 seq=254 status=executed
2026-05-22T20:07:38.7399931+05:30 processed request_id=06d8e8a4-22d6-48b4-b888-4b7d34063925 seq=255 status=executed
2026-05-22T20:07:48.6985062+05:30 processed request_id=f04ef6eb-5359-4314-8437-e2020461fa58 seq=256 status=executed
2026-05-22T21:13:50.6614729+05:30 processed request_id=183dbe22-d86b-443b-b8d2-969c9caedf4a seq=257 status=executed
2026-05-22T21:14:01.6393947+05:30 processed request_id=d781587b-7b63-4cc2-92f9-11e11810e317 seq=258 status=executed
2026-05-22T21:14:14.2168687+05:30 processed request_id=d128db8d-e3d6-4506-8145-0625264b5a71 seq=259 status=executed
2026-05-22T21:14:26.6376242+05:30 processed request_id=94db9eac-3b29-4b08-aa97-2068b9f48c30 seq=260 status=executed
2026-05-22T21:14:59.2514780+05:30 processed request_id=d8a99db2-7291-4b79-91a9-684826fb856d seq=261 status=executed
2026-05-22T21:15:00.8303844+05:30 processed request_id=aa19526a-1a1b-483b-be99-0ff91808c91d seq=262 status=executed
2026-05-22T21:15:11.8939143+05:30 processed request_id=61fd2bcf-2ea3-4f2b-bb05-14da1bd207b3 seq=263 status=executed
2026-05-22T21:15:22.8183114+05:30 processed request_id=851ba6a7-b0b7-4349-87e4-bc979af592ac seq=264 status=executed
2026-05-22T21:16:57.8061305+05:30 processed request_id=683fa055-4fa1-41a4-ab48-7d9b1ad80dd9 seq=265 status=executed
2026-05-22T21:17:08.8617811+05:30 processed request_id=b26b945d-8e1d-4bff-bdad-ea7d3fe2c2fc seq=266 status=executed
2026-05-22T21:17:21.5821395+05:30 processed request_id=00f4103d-eebc-4ddc-8f42-cd8b93ad3abd seq=267 status=executed
2026-05-22T21:17:33.8020907+05:30 processed request_id=ff670ff9-e1d4-4fd8-a249-c5ae048683ee seq=268 status=executed
2026-05-22T21:18:06.4337524+05:30 processed request_id=10459ba0-856e-4331-827f-f62cff15c3f2 seq=269 status=executed
2026-05-22T21:18:08.0175372+05:30 processed request_id=a59be1c9-03b9-4213-beae-16ad359c2132 seq=270 status=executed
2026-05-22T21:18:19.1709581+05:30 processed request_id=6570c176-e1de-4215-a6cb-974e725db0da seq=271 status=executed
2026-05-22T21:18:29.2314977+05:30 processed request_id=307ac692-13a1-458d-a7e0-dfd45c95e9c9 seq=272 status=executed
