/local/mnt/workspace/AURA_V1/evidence/wcd937x_patchgen_20260519_194926/generated_patch_diffs:
total 36
drwxr-xr-x 2 nandam users 4096 May 19 19:50 .
drwxr-xr-x 8 nandam users 4096 May 19 19:49 ..
-rw-r--r-- 1 nandam users 1243 May 19 19:50 0000-cover-letter.patch
-rw-r--r-- 1 nandam users 1595 May 19 19:50 0001-ASoC-codecs-wcd937x-annotate-build-wiring-constraint.patch
-rw-r--r-- 1 nandam users 1313 May 19 19:50 0002-ASoC-codecs-wcd937x-add-core-port-migration-guardrai.patch
-rw-r--r-- 1 nandam users  935 May 19 19:50 0003-ASoC-codecs-wcd937x-sdw-document-SWR-to-SDW-migratio.patch
-rw-r--r-- 1 nandam users 1475 May 19 19:50 0004-ASoC-codecs-add-MBHC-CLSH-conversion-alignment-notes.patch
-rw-r--r-- 1 nandam users  901 May 19 19:50 0005-ASoC-codecs-wcd937x-record-downstream-abstraction-ex.patch
-rw-r--r-- 1 nandam users 1005 May 19 19:50 0006-dt-bindings-sound-qcom-wcd937x-clarify-upstream-sche.patch

/local/mnt/workspace/AURA_V1/evidence/wcd937x_patchgen_20260519_194926/raw:
total 176
drwxr-xr-x 2 nandam users  4096 May 19 20:04 .
drwxr-xr-x 8 nandam users  4096 May 19 19:49 ..
-rw-r--r-- 1 nandam users 19561 May 19 20:05 audit_ledger_rows.json
-rw-r--r-- 1 nandam users  8203 May 19 20:05 engineering_evidence_links_rows.json
-rw-r--r-- 1 nandam users  2137 May 19 20:05 engineering_snapshot_rows.json
-rw-r--r-- 1 nandam users   351 May 19 20:05 governance_actions_rows.json
-rw-r--r-- 1 nandam users  6257 May 19 20:05 runtime_evidence_link_trace.json
-rw-r--r-- 1 nandam users   782 May 19 20:01 runtime_ids.json
-rw-r--r-- 1 nandam users 64727 May 19 20:01 runtime_lifecycle_trace.json
-rw-r--r-- 1 nandam users  2546 May 19 20:05 runtime_report_link_trace.json
-rw-r--r-- 1 nandam users  4329 May 19 20:05 source_intake_event_rows.json
-rw-r--r-- 1 nandam users  1643 May 19 20:05 source_intake_rows.json
-rw-r--r-- 1 nandam users  4202 May 19 20:05 source_lineage_rows.json
-rw-r--r-- 1 nandam users  2724 May 19 20:05 source_snapshot_rows.json
-rw-r--r-- 1 nandam users  2742 May 19 20:05 validation_runs_rows.json
-rw-r--r-- 1 nandam users 15926 May 19 20:05 workflow_events_rows.json
-rw-r--r-- 1 nandam users   556 May 19 20:05 workflow_rows.json

/local/mnt/workspace/AURA_V1/evidence/wcd937x_patchgen_20260519_194926/reports:
total 44
drwxr-xr-x 2 nandam users 4096 May 19 20:04 .
drwxr-xr-x 8 nandam users 4096 May 19 19:49 ..
-rw-r--r-- 1 nandam users  510 May 19 20:05 WCD937x_controlled_patch_generation_index.md
-rw-r--r-- 1 nandam users  575 May 19 20:05 compile_closure_status.md
-rw-r--r-- 1 nandam users  541 May 19 20:05 governance_decision_report.md
-rw-r--r-- 1 nandam users  817 May 19 20:05 lifecycle_execution_report.md
-rw-r--r-- 1 nandam users 3917 May 19 20:05 replay_patch_lineage_report.md
-rw-r--r-- 1 nandam users  859 May 19 20:05 unresolved_gap_analysis.md
-rw-r--r-- 1 nandam users 6282 May 19 20:05 upstream_patch_series_plan.md
-rw-r--r-- 1 nandam users 1312 May 19 20:05 validation_execution_report.md
