--------------------------------------------------------------------------------------------------------------------
/local/mnt/workspace/AURA_V1/evidence/wcd937x_patchgen_20260519_194926/generated_patch_diffs/0000-cover-letter.patch
--------------------------------------------------------------------------------------------------------------------
total: 0 errors, 0 warnings, 0 checks, 0 lines checked

/local/mnt/workspace/AURA_V1/evidence/wcd937x_patchgen_20260519_194926/generated_patch_diffs/0000-cover-letter.patch has no obvious style problems and is ready for submission.
------------------------------------------------------------------------------------------------------------------------------------------------------------
/local/mnt/workspace/AURA_V1/evidence/wcd937x_patchgen_20260519_194926/generated_patch_diffs/0001-ASoC-codecs-wcd937x-annotate-build-wiring-constraint.patch
------------------------------------------------------------------------------------------------------------------------------------------------------------
WARNING:COMMIT_MESSAGE: Missing commit description - Add an appropriate one

ERROR:MISSING_SIGN_OFF: Missing Signed-off-by: line(s)

total: 1 errors, 1 warnings, 0 checks, 18 lines checked

NOTE: For some of the reported defects, checkpatch may be able to
      mechanically convert to the typical style using --fix or --fix-inplace.

/local/mnt/workspace/AURA_V1/evidence/wcd937x_patchgen_20260519_194926/generated_patch_diffs/0001-ASoC-codecs-wcd937x-annotate-build-wiring-constraint.patch has style problems, please review.
------------------------------------------------------------------------------------------------------------------------------------------------------------
/local/mnt/workspace/AURA_V1/evidence/wcd937x_patchgen_20260519_194926/generated_patch_diffs/0002-ASoC-codecs-wcd937x-add-core-port-migration-guardrai.patch
------------------------------------------------------------------------------------------------------------------------------------------------------------
WARNING:COMMIT_MESSAGE: Missing commit description - Add an appropriate one

ERROR:MISSING_SIGN_OFF: Missing Signed-off-by: line(s)

total: 1 errors, 1 warnings, 0 checks, 19 lines checked

NOTE: For some of the reported defects, checkpatch may be able to
      mechanically convert to the typical style using --fix or --fix-inplace.

/local/mnt/workspace/AURA_V1/evidence/wcd937x_patchgen_20260519_194926/generated_patch_diffs/0002-ASoC-codecs-wcd937x-add-core-port-migration-guardrai.patch has style problems, please review.
------------------------------------------------------------------------------------------------------------------------------------------------------------
/local/mnt/workspace/AURA_V1/evidence/wcd937x_patchgen_20260519_194926/generated_patch_diffs/0003-ASoC-codecs-wcd937x-sdw-document-SWR-to-SDW-migratio.patch
------------------------------------------------------------------------------------------------------------------------------------------------------------
WARNING:COMMIT_MESSAGE: Missing commit description - Add an appropriate one

ERROR:MISSING_SIGN_OFF: Missing Signed-off-by: line(s)

total: 1 errors, 1 warnings, 0 checks, 11 lines checked

NOTE: For some of the reported defects, checkpatch may be able to
      mechanically convert to the typical style using --fix or --fix-inplace.

/local/mnt/workspace/AURA_V1/evidence/wcd937x_patchgen_20260519_194926/generated_patch_diffs/0003-ASoC-codecs-wcd937x-sdw-document-SWR-to-SDW-migratio.patch has style problems, please review.
------------------------------------------------------------------------------------------------------------------------------------------------------------
/local/mnt/workspace/AURA_V1/evidence/wcd937x_patchgen_20260519_194926/generated_patch_diffs/0004-ASoC-codecs-add-MBHC-CLSH-conversion-alignment-notes.patch
------------------------------------------------------------------------------------------------------------------------------------------------------------
WARNING:COMMIT_MESSAGE: Missing commit description - Add an appropriate one

ERROR:MISSING_SIGN_OFF: Missing Signed-off-by: line(s)

total: 1 errors, 1 warnings, 0 checks, 22 lines checked

NOTE: For some of the reported defects, checkpatch may be able to
      mechanically convert to the typical style using --fix or --fix-inplace.

/local/mnt/workspace/AURA_V1/evidence/wcd937x_patchgen_20260519_194926/generated_patch_diffs/0004-ASoC-codecs-add-MBHC-CLSH-conversion-alignment-notes.patch has style problems, please review.
------------------------------------------------------------------------------------------------------------------------------------------------------------
/local/mnt/workspace/AURA_V1/evidence/wcd937x_patchgen_20260519_194926/generated_patch_diffs/0005-ASoC-codecs-wcd937x-record-downstream-abstraction-ex.patch
------------------------------------------------------------------------------------------------------------------------------------------------------------
WARNING:COMMIT_MESSAGE: Missing commit description - Add an appropriate one

ERROR:MISSING_SIGN_OFF: Missing Signed-off-by: line(s)

total: 1 errors, 1 warnings, 0 checks, 14 lines checked

NOTE: For some of the reported defects, checkpatch may be able to
      mechanically convert to the typical style using --fix or --fix-inplace.

/local/mnt/workspace/AURA_V1/evidence/wcd937x_patchgen_20260519_194926/generated_patch_diffs/0005-ASoC-codecs-wcd937x-record-downstream-abstraction-ex.patch has style problems, please review.
------------------------------------------------------------------------------------------------------------------------------------------------------------
/local/mnt/workspace/AURA_V1/evidence/wcd937x_patchgen_20260519_194926/generated_patch_diffs/0006-dt-bindings-sound-qcom-wcd937x-clarify-upstream-sche.patch
------------------------------------------------------------------------------------------------------------------------------------------------------------
WARNING:COMMIT_MESSAGE: Missing commit description - Add an appropriate one

ERROR:MISSING_SIGN_OFF: Missing Signed-off-by: line(s)

total: 1 errors, 1 warnings, 0 checks, 8 lines checked

NOTE: For some of the reported defects, checkpatch may be able to
      mechanically convert to the typical style using --fix or --fix-inplace.

/local/mnt/workspace/AURA_V1/evidence/wcd937x_patchgen_20260519_194926/generated_patch_diffs/0006-dt-bindings-sound-qcom-wcd937x-clarify-upstream-sche.patch has style problems, please review.

NOTE: If any of the errors are false positives, please report
      them to the maintainer, see CHECKPATCH in MAINTAINERS.
