make: Entering directory '/tmp/wcd9378_a1_compile_linux_next'
make[1]: Entering directory '/tmp/wcd9378_a1_compile_linux_next/sound/soc/codecs'
  CC [M]  adau7002.o
  LD [M]  snd-soc-adau7002.o
  CC [M]  ak4613.o
  LD [M]  snd-soc-ak4613.o
  CC [M]  ak4619.o
  LD [M]  snd-soc-ak4619.o
  CC [M]  bt-sco.o
  LD [M]  snd-soc-bt-sco.o
  CC [M]  cros_ec_codec.o
  LD [M]  snd-soc-cros-ec-codec.o
  CC [M]  da7213.o
  LD [M]  snd-soc-da7213.o
  CC [M]  da7219.o
  CC [M]  da7219-aad.o
  LD [M]  snd-soc-da7219.o
  CC [M]  dmic.o
  LD [M]  snd-soc-dmic.o
  CC [M]  es7134.o
  LD [M]  snd-soc-es7134.o
  CC [M]  es7241.o
  LD [M]  snd-soc-es7241.o
  CC [M]  es8316.o
  LD [M]  snd-soc-es8316.o
  CC [M]  es8326.o
  LD [M]  snd-soc-es8326.o
  CC [M]  es8328.o
  LD [M]  snd-soc-es8328.o
  CC [M]  es8328-i2c.o
  LD [M]  snd-soc-es8328-i2c.o
  CC [M]  gtm601.o
  LD [M]  snd-soc-gtm601.o
  CC [M]  max98090.o
  LD [M]  snd-soc-max98090.o
  CC [M]  max98357a.o
  LD [M]  snd-soc-max98357a.o
  CC [M]  max98927.o
  LD [M]  snd-soc-max98927.o
  CC [M]  max98390.o
  LD [M]  snd-soc-max98390.o
  CC [M]  msm8916-wcd-analog.o
  LD [M]  snd-soc-msm8916-analog.o
  CC [M]  msm8916-wcd-digital.o
  LD [M]  snd-soc-msm8916-digital.o
  CC [M]  mt6357.o
  LD [M]  snd-soc-mt6357.o
  CC [M]  mt6358.o
  LD [M]  snd-soc-mt6358.o
  CC [M]  mt6359.o
  LD [M]  snd-soc-mt6359.o
  CC [M]  nau8315.o
  LD [M]  snd-soc-nau8315.o
  CC [M]  nau8822.o
  LD [M]  snd-soc-nau8822.o
  CC [M]  nau8825.o
  LD [M]  snd-soc-nau8825.o
  CC [M]  hdmi-codec.o
  LD [M]  snd-soc-hdmi-codec.o
  CC [M]  pcm3168a.o
  LD [M]  snd-soc-pcm3168a.o
  CC [M]  pcm3168a-i2c.o
  LD [M]  snd-soc-pcm3168a-i2c.o
  CC [M]  rk3308_codec.o
  LD [M]  snd-soc-rk3308.o
  CC [M]  rk817_codec.o
  LD [M]  snd-soc-rk817.o
  CC [M]  rl6231.o
  LD [M]  snd-soc-rl6231.o
  CC [M]  rt1011.o
  LD [M]  snd-soc-rt1011.o
  CC [M]  rt1015.o
  LD [M]  snd-soc-rt1015.o
  CC [M]  rt1015p.o
  LD [M]  snd-soc-rt1015p.o
  CC [M]  rt5514.o
  LD [M]  snd-soc-rt5514.o
  CC [M]  rt5514-spi.o
  LD [M]  snd-soc-rt5514-spi.o
  CC [M]  rt5640.o
  LD [M]  snd-soc-rt5640.o
  CC [M]  rt5645.o
  LD [M]  snd-soc-rt5645.o
  CC [M]  rt5659.o
  LD [M]  snd-soc-rt5659.o
  CC [M]  rt5663.o
  LD [M]  snd-soc-rt5663.o
  CC [M]  rt5682.o
  LD [M]  snd-soc-rt5682.o
  CC [M]  rt5682-i2c.o
  LD [M]  snd-soc-rt5682-i2c.o
  CC [M]  rt5682s.o
  LD [M]  snd-soc-rt5682s.o
  CC [M]  sgtl5000.o
  LD [M]  snd-soc-sgtl5000.o
  CC [M]  spdif_receiver.o
  LD [M]  snd-soc-spdif-rx.o
  CC [M]  spdif_transmitter.o
  LD [M]  snd-soc-spdif-tx.o
  CC [M]  tas2552.o
  LD [M]  snd-soc-tas2552.o
  CC [M]  tas571x.o
  LD [M]  snd-soc-tas571x.o
  CC [M]  tlv320aic31xx.o
  LD [M]  snd-soc-tlv320aic31xx.o
  CC [M]  tlv320aic32x4.o
  CC [M]  tlv320aic32x4-clk.o
  LD [M]  snd-soc-tlv320aic32x4.o
  CC [M]  tlv320aic32x4-i2c.o
  LD [M]  snd-soc-tlv320aic32x4-i2c.o
  CC [M]  tlv320aic3x.o
  LD [M]  snd-soc-tlv320aic3x.o
  CC [M]  tlv320aic3x-i2c.o
  LD [M]  snd-soc-tlv320aic3x-i2c.o
  CC [M]  ts3a227e.o
  LD [M]  snd-soc-ts3a227e.o
  CC [M]  wcd-clsh-v2.o
  LD [M]  snd-soc-wcd-classh.o
  CC [M]  wcd-common.o
  LD [M]  snd-soc-wcd-common.o
  CC [M]  wcd-mbhc-v2.o
  LD [M]  snd-soc-wcd-mbhc.o
  CC [M]  wcd9335.o
  LD [M]  snd-soc-wcd9335.o
  CC [M]  wcd934x.o
  LD [M]  snd-soc-wcd934x.o
  CC [M]  wcd937x.o
  LD [M]  snd-soc-wcd937x.o
  CC [M]  wcd937x-sdw.o
  LD [M]  snd-soc-wcd937x-sdw.o
  CC [M]  wcd9378.o
  LD [M]  snd-soc-wcd9378.o
  CC [M]  wcd9378-sdw.o
  LD [M]  snd-soc-wcd9378-sdw.o
  CC [M]  wcd938x.o
  LD [M]  snd-soc-wcd938x.o
  CC [M]  wcd938x-sdw.o
  LD [M]  snd-soc-wcd938x-sdw.o
  CC [M]  wcd939x.o
  LD [M]  snd-soc-wcd939x.o
  CC [M]  wcd939x-sdw.o
  LD [M]  snd-soc-wcd939x-sdw.o
  CC [M]  wm8524.o
  LD [M]  snd-soc-wm8524.o
  CC [M]  wm8904.o
  LD [M]  snd-soc-wm8904.o
  CC [M]  wm8960.o
  LD [M]  snd-soc-wm8960.o
  CC [M]  wm8962.o
  LD [M]  snd-soc-wm8962.o
  CC [M]  wm8978.o
  LD [M]  snd-soc-wm8978.o
  CC [M]  wm8994.o
  CC [M]  wm8958-dsp2.o
  LD [M]  snd-soc-wm8994.o
  CC [M]  wm_hubs.o
  LD [M]  snd-soc-wm-hubs.o
  CC [M]  wsa881x.o
  LD [M]  snd-soc-wsa881x.o
  CC [M]  wsa883x.o
  LD [M]  snd-soc-wsa883x.o
  CC [M]  wsa884x.o
  LD [M]  snd-soc-wsa884x.o
  CC [M]  simple-amplifier.o
  LD [M]  snd-soc-simple-amplifier.o
  CC [M]  lpass-macro-common.o
  LD [M]  snd-soc-lpass-macro-common.o
  CC [M]  lpass-wsa-macro.o
  LD [M]  snd-soc-lpass-wsa-macro.o
  CC [M]  lpass-va-macro.o
  LD [M]  snd-soc-lpass-va-macro.o
  CC [M]  lpass-rx-macro.o
  LD [M]  snd-soc-lpass-rx-macro.o
  CC [M]  lpass-tx-macro.o
  LD [M]  snd-soc-lpass-tx-macro.o
  CC [M]  simple-mux.o
  LD [M]  snd-soc-simple-mux.o
  MODPOST Module.symvers
WARNING: /tmp/wcd9378_a1_build_out/Module.symvers is missing.
         Modules may not have dependencies or modversions.
         You may get many unresolved symbol errors.
         You can set KBUILD_MODPOST_WARN=1 to turn errors into warning
         if you want to proceed at your own risk.
ERROR: modpost: "devm_kmalloc" [snd-soc-adau7002.ko] undefined!
ERROR: modpost: "platform_driver_unregister" [snd-soc-adau7002.ko] undefined!
ERROR: modpost: "devm_snd_soc_register_component" [snd-soc-adau7002.ko] undefined!
ERROR: modpost: "device_property_read_u32_array" [snd-soc-adau7002.ko] undefined!
ERROR: modpost: "snd_soc_dapm_regulator_event" [snd-soc-adau7002.ko] undefined!
ERROR: modpost: "snd_soc_dapm_to_component" [snd-soc-adau7002.ko] undefined!
ERROR: modpost: "__platform_driver_register" [snd-soc-adau7002.ko] undefined!
ERROR: modpost: "msleep" [snd-soc-adau7002.ko] undefined!
ERROR: modpost: "__udelay" [snd-soc-ak4613.ko] undefined!
ERROR: modpost: "regcache_cache_only" [snd-soc-ak4613.ko] undefined!
WARNING: modpost: suppressed 3076 unresolved symbol warnings because there were too many)
make[3]: *** [/tmp/wcd9378_a1_compile_linux_next/scripts/Makefile.modpost:147: Module.symvers] Error 1
make[2]: *** [/tmp/wcd9378_a1_compile_linux_next/Makefile:2128: modpost] Error 2
make[1]: *** [/tmp/wcd9378_a1_compile_linux_next/Makefile:248: __sub-make] Error 2
make[1]: Leaving directory '/tmp/wcd9378_a1_compile_linux_next/sound/soc/codecs'
make: *** [Makefile:248: __sub-make] Error 2
make: Leaving directory '/tmp/wcd9378_a1_compile_linux_next'
