make: Entering directory '/tmp/wcd9378_a1_compile_linux_next'
make[1]: Entering directory '/tmp/wcd9378_a1_compile_linux_next/sound/soc/codecs'
  MODPOST Module.symvers
WARNING: /tmp/wcd9378_a1_build_out/Module.symvers is missing.
         Modules may not have dependencies or modversions.
         You may get many unresolved symbol errors.
         You can set KBUILD_MODPOST_WARN=1 to turn errors into warning
         if you want to proceed at your own risk.
WARNING: modpost: "devm_kmalloc" [snd-soc-adau7002.ko] undefined!
WARNING: modpost: "platform_driver_unregister" [snd-soc-adau7002.ko] undefined!
WARNING: modpost: "devm_snd_soc_register_component" [snd-soc-adau7002.ko] undefined!
WARNING: modpost: "device_property_read_u32_array" [snd-soc-adau7002.ko] undefined!
WARNING: modpost: "snd_soc_dapm_regulator_event" [snd-soc-adau7002.ko] undefined!
WARNING: modpost: "snd_soc_dapm_to_component" [snd-soc-adau7002.ko] undefined!
WARNING: modpost: "__platform_driver_register" [snd-soc-adau7002.ko] undefined!
WARNING: modpost: "msleep" [snd-soc-adau7002.ko] undefined!
WARNING: modpost: "__udelay" [snd-soc-ak4613.ko] undefined!
WARNING: modpost: "regcache_cache_only" [snd-soc-ak4613.ko] undefined!
WARNING: modpost: suppressed 3076 unresolved symbol warnings because there were too many)
  CC [M]  snd-soc-adau7002.mod.o
  CC [M]  .module-common.o
  LD [M]  snd-soc-adau7002.ko
  CC [M]  snd-soc-ak4613.mod.o
  LD [M]  snd-soc-ak4613.ko
  CC [M]  snd-soc-ak4619.mod.o
  LD [M]  snd-soc-ak4619.ko
  CC [M]  snd-soc-bt-sco.mod.o
  LD [M]  snd-soc-bt-sco.ko
  CC [M]  snd-soc-cros-ec-codec.mod.o
  LD [M]  snd-soc-cros-ec-codec.ko
  CC [M]  snd-soc-da7213.mod.o
  LD [M]  snd-soc-da7213.ko
  CC [M]  snd-soc-da7219.mod.o
  LD [M]  snd-soc-da7219.ko
  CC [M]  snd-soc-dmic.mod.o
  LD [M]  snd-soc-dmic.ko
  CC [M]  snd-soc-es7134.mod.o
  LD [M]  snd-soc-es7134.ko
  CC [M]  snd-soc-es7241.mod.o
  LD [M]  snd-soc-es7241.ko
  CC [M]  snd-soc-es8316.mod.o
  LD [M]  snd-soc-es8316.ko
  CC [M]  snd-soc-es8326.mod.o
  LD [M]  snd-soc-es8326.ko
  CC [M]  snd-soc-es8328.mod.o
  LD [M]  snd-soc-es8328.ko
  CC [M]  snd-soc-es8328-i2c.mod.o
  LD [M]  snd-soc-es8328-i2c.ko
  CC [M]  snd-soc-gtm601.mod.o
  LD [M]  snd-soc-gtm601.ko
  CC [M]  snd-soc-max98090.mod.o
  LD [M]  snd-soc-max98090.ko
  CC [M]  snd-soc-max98357a.mod.o
  LD [M]  snd-soc-max98357a.ko
  CC [M]  snd-soc-max98927.mod.o
  LD [M]  snd-soc-max98927.ko
  CC [M]  snd-soc-max98390.mod.o
  LD [M]  snd-soc-max98390.ko
  CC [M]  snd-soc-msm8916-analog.mod.o
  LD [M]  snd-soc-msm8916-analog.ko
  CC [M]  snd-soc-msm8916-digital.mod.o
  LD [M]  snd-soc-msm8916-digital.ko
  CC [M]  snd-soc-mt6357.mod.o
  LD [M]  snd-soc-mt6357.ko
  CC [M]  snd-soc-mt6358.mod.o
  LD [M]  snd-soc-mt6358.ko
  CC [M]  snd-soc-mt6359.mod.o
  LD [M]  snd-soc-mt6359.ko
  CC [M]  snd-soc-nau8315.mod.o
  LD [M]  snd-soc-nau8315.ko
  CC [M]  snd-soc-nau8822.mod.o
  LD [M]  snd-soc-nau8822.ko
  CC [M]  snd-soc-nau8825.mod.o
  LD [M]  snd-soc-nau8825.ko
  CC [M]  snd-soc-hdmi-codec.mod.o
  LD [M]  snd-soc-hdmi-codec.ko
  CC [M]  snd-soc-pcm3168a.mod.o
  LD [M]  snd-soc-pcm3168a.ko
  CC [M]  snd-soc-pcm3168a-i2c.mod.o
  LD [M]  snd-soc-pcm3168a-i2c.ko
  CC [M]  snd-soc-rk3308.mod.o
  LD [M]  snd-soc-rk3308.ko
  CC [M]  snd-soc-rk817.mod.o
  LD [M]  snd-soc-rk817.ko
  CC [M]  snd-soc-rl6231.mod.o
  LD [M]  snd-soc-rl6231.ko
  CC [M]  snd-soc-rt1011.mod.o
  LD [M]  snd-soc-rt1011.ko
  CC [M]  snd-soc-rt1015.mod.o
  LD [M]  snd-soc-rt1015.ko
  CC [M]  snd-soc-rt1015p.mod.o
  LD [M]  snd-soc-rt1015p.ko
  CC [M]  snd-soc-rt5514.mod.o
  LD [M]  snd-soc-rt5514.ko
  CC [M]  snd-soc-rt5514-spi.mod.o
  LD [M]  snd-soc-rt5514-spi.ko
  CC [M]  snd-soc-rt5640.mod.o
  LD [M]  snd-soc-rt5640.ko
  CC [M]  snd-soc-rt5645.mod.o
  LD [M]  snd-soc-rt5645.ko
  CC [M]  snd-soc-rt5659.mod.o
  LD [M]  snd-soc-rt5659.ko
  CC [M]  snd-soc-rt5663.mod.o
  LD [M]  snd-soc-rt5663.ko
  CC [M]  snd-soc-rt5682.mod.o
  LD [M]  snd-soc-rt5682.ko
  CC [M]  snd-soc-rt5682-i2c.mod.o
  LD [M]  snd-soc-rt5682-i2c.ko
  CC [M]  snd-soc-rt5682s.mod.o
  LD [M]  snd-soc-rt5682s.ko
  CC [M]  snd-soc-sgtl5000.mod.o
  LD [M]  snd-soc-sgtl5000.ko
  CC [M]  snd-soc-spdif-rx.mod.o
  LD [M]  snd-soc-spdif-rx.ko
  CC [M]  snd-soc-spdif-tx.mod.o
  LD [M]  snd-soc-spdif-tx.ko
  CC [M]  snd-soc-tas2552.mod.o
  LD [M]  snd-soc-tas2552.ko
  CC [M]  snd-soc-tas571x.mod.o
  LD [M]  snd-soc-tas571x.ko
  CC [M]  snd-soc-tlv320aic31xx.mod.o
  LD [M]  snd-soc-tlv320aic31xx.ko
  CC [M]  snd-soc-tlv320aic32x4.mod.o
  LD [M]  snd-soc-tlv320aic32x4.ko
  CC [M]  snd-soc-tlv320aic32x4-i2c.mod.o
  LD [M]  snd-soc-tlv320aic32x4-i2c.ko
  CC [M]  snd-soc-tlv320aic3x.mod.o
  LD [M]  snd-soc-tlv320aic3x.ko
  CC [M]  snd-soc-tlv320aic3x-i2c.mod.o
  LD [M]  snd-soc-tlv320aic3x-i2c.ko
  CC [M]  snd-soc-ts3a227e.mod.o
  LD [M]  snd-soc-ts3a227e.ko
  CC [M]  snd-soc-wcd-classh.mod.o
  LD [M]  snd-soc-wcd-classh.ko
  CC [M]  snd-soc-wcd-common.mod.o
  LD [M]  snd-soc-wcd-common.ko
  CC [M]  snd-soc-wcd-mbhc.mod.o
  LD [M]  snd-soc-wcd-mbhc.ko
  CC [M]  snd-soc-wcd9335.mod.o
  LD [M]  snd-soc-wcd9335.ko
  CC [M]  snd-soc-wcd934x.mod.o
  LD [M]  snd-soc-wcd934x.ko
  CC [M]  snd-soc-wcd937x.mod.o
  LD [M]  snd-soc-wcd937x.ko
  CC [M]  snd-soc-wcd937x-sdw.mod.o
  LD [M]  snd-soc-wcd937x-sdw.ko
  CC [M]  snd-soc-wcd9378.mod.o
  LD [M]  snd-soc-wcd9378.ko
  CC [M]  snd-soc-wcd9378-sdw.mod.o
  LD [M]  snd-soc-wcd9378-sdw.ko
  CC [M]  snd-soc-wcd938x.mod.o
  LD [M]  snd-soc-wcd938x.ko
  CC [M]  snd-soc-wcd938x-sdw.mod.o
  LD [M]  snd-soc-wcd938x-sdw.ko
  CC [M]  snd-soc-wcd939x.mod.o
  LD [M]  snd-soc-wcd939x.ko
  CC [M]  snd-soc-wcd939x-sdw.mod.o
  LD [M]  snd-soc-wcd939x-sdw.ko
  CC [M]  snd-soc-wm8524.mod.o
  LD [M]  snd-soc-wm8524.ko
  CC [M]  snd-soc-wm8904.mod.o
  LD [M]  snd-soc-wm8904.ko
  CC [M]  snd-soc-wm8960.mod.o
  LD [M]  snd-soc-wm8960.ko
  CC [M]  snd-soc-wm8962.mod.o
  LD [M]  snd-soc-wm8962.ko
  CC [M]  snd-soc-wm8978.mod.o
  LD [M]  snd-soc-wm8978.ko
  CC [M]  snd-soc-wm8994.mod.o
  LD [M]  snd-soc-wm8994.ko
  CC [M]  snd-soc-wm-hubs.mod.o
  LD [M]  snd-soc-wm-hubs.ko
  CC [M]  snd-soc-wsa881x.mod.o
  LD [M]  snd-soc-wsa881x.ko
  CC [M]  snd-soc-wsa883x.mod.o
  LD [M]  snd-soc-wsa883x.ko
  CC [M]  snd-soc-wsa884x.mod.o
  LD [M]  snd-soc-wsa884x.ko
  CC [M]  snd-soc-simple-amplifier.mod.o
  LD [M]  snd-soc-simple-amplifier.ko
  CC [M]  snd-soc-lpass-macro-common.mod.o
  LD [M]  snd-soc-lpass-macro-common.ko
  CC [M]  snd-soc-lpass-wsa-macro.mod.o
  LD [M]  snd-soc-lpass-wsa-macro.ko
  CC [M]  snd-soc-lpass-va-macro.mod.o
  LD [M]  snd-soc-lpass-va-macro.ko
  CC [M]  snd-soc-lpass-rx-macro.mod.o
  LD [M]  snd-soc-lpass-rx-macro.ko
  CC [M]  snd-soc-lpass-tx-macro.mod.o
  LD [M]  snd-soc-lpass-tx-macro.ko
  CC [M]  snd-soc-simple-mux.mod.o
  LD [M]  snd-soc-simple-mux.ko
make[1]: Leaving directory '/tmp/wcd9378_a1_compile_linux_next/sound/soc/codecs'
make: Leaving directory '/tmp/wcd9378_a1_compile_linux_next'
