# checkpatch on downstream snapshot files
/tmp/aura-wcd937x-study/snapshots/downstream/asoc/codecs/wcd937x/wcd937x.c:100: WARNING: struct regmap_irq_chip should normally be const
/tmp/aura-wcd937x-study/snapshots/downstream/asoc/codecs/wcd937x/wcd937x.c:294: WARNING: Block comments use * on subsequent lines
/tmp/aura-wcd937x-study/snapshots/downstream/asoc/codecs/wcd937x/wcd937x.c:296: WARNING: Block comments use a trailing */ on a separate line
/tmp/aura-wcd937x-study/snapshots/downstream/asoc/codecs/wcd937x/wcd937x.c:1545: ERROR: open brace '{' following function definitions go on the next line
/tmp/aura-wcd937x-study/snapshots/downstream/asoc/codecs/wcd937x/wcd937x.c:3035: WARNING: Unnecessary ftrace-like logging - prefer using ftrace
/tmp/aura-wcd937x-study/snapshots/downstream/asoc/codecs/wcd937x/wcd937x.c:3162: WARNING: void function return statements are not generally useful
/tmp/aura-wcd937x-study/snapshots/downstream/asoc/codecs/wcd937x/wcd937x.c:3487: WARNING: Possible repeated word: 'as'
/tmp/aura-wcd937x-study/snapshots/downstream/asoc/codecs/wcd937x/wcd937x.c:3617: ERROR: space prohibited before that ',' (ctx:WxW)
/tmp/aura-wcd937x-study/snapshots/downstream/asoc/codecs/wcd937x/wcd937x.c:3680: WARNING: LINUX_VERSION_CODE should be avoided, code should be for the version to which it is merged
/tmp/aura-wcd937x-study/snapshots/downstream/asoc/codecs/wcd937x/wcd937x.c:3680: WARNING: Comparisons should place the constant on the right side of the test
/tmp/aura-wcd937x-study/snapshots/downstream/asoc/codecs/wcd937x/wcd937x.c:3689: WARNING: LINUX_VERSION_CODE should be avoided, code should be for the version to which it is merged
/tmp/aura-wcd937x-study/snapshots/downstream/asoc/codecs/wcd937x/wcd937x.c:3689: WARNING: Comparisons should place the constant on the right side of the test
total: 2 errors, 10 warnings, 3719 lines checked
/tmp/aura-wcd937x-study/snapshots/downstream/asoc/codecs/wcd937x/wcd937x-mbhc.c:247: ERROR: "(foo*)" should be "(foo *)"
/tmp/aura-wcd937x-study/snapshots/downstream/asoc/codecs/wcd937x/wcd937x-mbhc.c:1006: ERROR: code indent should use tabs where possible
total: 2 errors, 0 warnings, 1159 lines checked
/tmp/aura-wcd937x-study/snapshots/downstream/asoc/codecs/wcd937x/wcd937x_slave.c:289: WARNING: Unnecessary ftrace-like logging - prefer using ftrace
/tmp/aura-wcd937x-study/snapshots/downstream/asoc/codecs/wcd937x/wcd937x_slave.c:289: WARNING: unnecessary whitespace before a quoted newline
/tmp/aura-wcd937x-study/snapshots/downstream/asoc/codecs/wcd937x/wcd937x_slave.c:325: ERROR: code indent should use tabs where possible
/tmp/aura-wcd937x-study/snapshots/downstream/asoc/codecs/wcd937x/wcd937x_slave.c:325: WARNING: please, no spaces at the start of a line
/tmp/aura-wcd937x-study/snapshots/downstream/asoc/codecs/wcd937x/wcd937x_slave.c:326: ERROR: code indent should use tabs where possible
/tmp/aura-wcd937x-study/snapshots/downstream/asoc/codecs/wcd937x/wcd937x_slave.c:326: WARNING: please, no spaces at the start of a line
/tmp/aura-wcd937x-study/snapshots/downstream/asoc/codecs/wcd937x/wcd937x_slave.c:331: ERROR: code indent should use tabs where possible
/tmp/aura-wcd937x-study/snapshots/downstream/asoc/codecs/wcd937x/wcd937x_slave.c:331: WARNING: please, no space before tabs
/tmp/aura-wcd937x-study/snapshots/downstream/asoc/codecs/wcd937x/wcd937x_slave.c:331: WARNING: please, no spaces at the start of a line
total: 3 errors, 6 warnings, 441 lines checked
/tmp/aura-wcd937x-study/snapshots/downstream/asoc/codecs/wcd937x/wcd937x-regmap.c:430: ERROR: space required before the open parenthesis '('
/tmp/aura-wcd937x-study/snapshots/downstream/asoc/codecs/wcd937x/wcd937x-regmap.c:437: ERROR: space required before the open parenthesis '('
/tmp/aura-wcd937x-study/snapshots/downstream/asoc/codecs/wcd937x/wcd937x-regmap.c:444: ERROR: space required before the open parenthesis '('
/tmp/aura-wcd937x-study/snapshots/downstream/asoc/codecs/wcd937x/wcd937x-regmap.c:452: WARNING: struct regmap_config should normally be const
total: 3 errors, 1 warnings, 465 lines checked
/tmp/aura-wcd937x-study/snapshots/downstream/asoc/codecs/msm-cdc-pinctrl.c:351: WARNING: LINUX_VERSION_CODE should be avoided, code should be for the version to which it is merged
/tmp/aura-wcd937x-study/snapshots/downstream/asoc/codecs/msm-cdc-pinctrl.c:351: WARNING: Comparisons should place the constant on the right side of the test
/tmp/aura-wcd937x-study/snapshots/downstream/asoc/codecs/msm-cdc-pinctrl.c:372: WARNING: LINUX_VERSION_CODE should be avoided, code should be for the version to which it is merged
/tmp/aura-wcd937x-study/snapshots/downstream/asoc/codecs/msm-cdc-pinctrl.c:372: WARNING: Comparisons should place the constant on the right side of the test
total: 0 errors, 4 warnings, 403 lines checked
/tmp/aura-wcd937x-study/snapshots/downstream/asoc/codecs/wcd-mbhc-v2.c:178: WARNING: Unnecessary ftrace-like logging - prefer using ftrace
/tmp/aura-wcd937x-study/snapshots/downstream/asoc/codecs/wcd-mbhc-v2.c:718: WARNING: braces {} are not necessary for single statement blocks
/tmp/aura-wcd937x-study/snapshots/downstream/asoc/codecs/wcd-mbhc-v2.c:719: ERROR: space required after that ',' (ctx:VxV)
/tmp/aura-wcd937x-study/snapshots/downstream/asoc/codecs/wcd-mbhc-v2.c:931: WARNING: Unnecessary ftrace-like logging - prefer using ftrace
/tmp/aura-wcd937x-study/snapshots/downstream/asoc/codecs/wcd-mbhc-v2.c:997: WARNING: Unnecessary ftrace-like logging - prefer using ftrace
/tmp/aura-wcd937x-study/snapshots/downstream/asoc/codecs/wcd-mbhc-v2.c:1110: WARNING: suspect code indent for conditional statements (24, 28)
/tmp/aura-wcd937x-study/snapshots/downstream/asoc/codecs/wcd-mbhc-v2.c:1166: WARNING: Unnecessary ftrace-like logging - prefer using ftrace
/tmp/aura-wcd937x-study/snapshots/downstream/asoc/codecs/wcd-mbhc-v2.c:1174: WARNING: Unnecessary ftrace-like logging - prefer using ftrace
/tmp/aura-wcd937x-study/snapshots/downstream/asoc/codecs/wcd-mbhc-v2.c:1242: WARNING: Unnecessary ftrace-like logging - prefer using ftrace
/tmp/aura-wcd937x-study/snapshots/downstream/asoc/codecs/wcd-mbhc-v2.c:1254: WARNING: Unnecessary ftrace-like logging - prefer using ftrace
/tmp/aura-wcd937x-study/snapshots/downstream/asoc/codecs/wcd-mbhc-v2.c:1288: WARNING: Unnecessary ftrace-like logging - prefer using ftrace
/tmp/aura-wcd937x-study/snapshots/downstream/asoc/codecs/wcd-mbhc-v2.c:1328: WARNING: Unnecessary ftrace-like logging - prefer using ftrace
/tmp/aura-wcd937x-study/snapshots/downstream/asoc/codecs/wcd-mbhc-v2.c:1338: WARNING: Unnecessary ftrace-like logging - prefer using ftrace
/tmp/aura-wcd937x-study/snapshots/downstream/asoc/codecs/wcd-mbhc-v2.c:1393: WARNING: Unnecessary ftrace-like logging - prefer using ftrace
/tmp/aura-wcd937x-study/snapshots/downstream/asoc/codecs/wcd-mbhc-v2.c:1485: WARNING: Unnecessary ftrace-like logging - prefer using ftrace
/tmp/aura-wcd937x-study/snapshots/downstream/asoc/codecs/wcd-mbhc-v2.c:1576: WARNING: Unnecessary ftrace-like logging - prefer using ftrace
/tmp/aura-wcd937x-study/snapshots/downstream/asoc/codecs/wcd-mbhc-v2.c:1723: ERROR: "(foo*)" should be "(foo *)"
/tmp/aura-wcd937x-study/snapshots/downstream/asoc/codecs/wcd-mbhc-v2.c:1750: WARNING: suspect code indent for conditional statements (16, 12)
/tmp/aura-wcd937x-study/snapshots/downstream/asoc/codecs/wcd-mbhc-v2.c:1751: ERROR: code indent should use tabs where possible
/tmp/aura-wcd937x-study/snapshots/downstream/asoc/codecs/wcd-mbhc-v2.c:1751: WARNING: please, no spaces at the start of a line
/tmp/aura-wcd937x-study/snapshots/downstream/asoc/codecs/wcd-mbhc-v2.c:1752: ERROR: code indent should use tabs where possible
/tmp/aura-wcd937x-study/snapshots/downstream/asoc/codecs/wcd-mbhc-v2.c:1752: WARNING: please, no spaces at the start of a line
/tmp/aura-wcd937x-study/snapshots/downstream/asoc/codecs/wcd-mbhc-v2.c:1802: WARNING: Unnecessary ftrace-like logging - prefer using ftrace
/tmp/aura-wcd937x-study/snapshots/downstream/asoc/codecs/wcd-mbhc-v2.c:1887: WARNING: Unnecessary ftrace-like logging - prefer using ftrace
/tmp/aura-wcd937x-study/snapshots/downstream/asoc/codecs/wcd-mbhc-v2.c:1920: WARNING: Unnecessary ftrace-like logging - prefer using ftrace
/tmp/aura-wcd937x-study/snapshots/downstream/asoc/codecs/wcd-mbhc-v2.c:1945: WARNING: Unnecessary ftrace-like logging - prefer using ftrace
/tmp/aura-wcd937x-study/snapshots/downstream/asoc/codecs/wcd-mbhc-v2.c:2028: WARNING: Possible repeated word: 'is'
total: 4 errors, 23 warnings, 2265 lines checked
