# enable WCD937X config
bad command: -y
Manipulate options in a .config file from the command line.
Usage:
config options command ...
commands:
	--enable|-e option   Enable option
	--disable|-d option  Disable option
	--module|-m option   Turn option into a module
	--set-str option string
	                     Set option to "string"
	--set-val option value
	                     Set option to value
	--undefine|-u option Undefine option
	--state|-s option    Print state of option (n,y,m,undef)

	--enable-after|-E beforeopt option
                             Enable option directly after other option
	--disable-after|-D beforeopt option
                             Disable option directly after other option
	--module-after|-M beforeopt option
                             Turn option into module directly after other option
	--refresh            Refresh the config using old settings

	commands can be repeated multiple times

options:
	--file config-file   .config file to change (default .config)
	--keep-case|-k       Keep next symbols' case (dont' upper-case it)

config doesn't check the validity of the .config file. This is done at next
make time.

By default, config will upper-case the given symbol. Use --keep-case to keep
the case of all following symbols unchanged.

config uses 'CONFIG_' as the default symbol prefix. Set the environment
variable CONFIG_ to the prefix to use. Eg.: CONFIG_="FOO_" config ...
make: Entering directory '/tmp/aura-wcd937x-study/linux-upstream-v6.18-1779164716'
make[1]: Entering directory '/tmp/aura-wcd937x-study/build-v6.18-wcd937x'
  GEN     Makefile
#
# configuration written to .config
#
make[1]: Leaving directory '/tmp/aura-wcd937x-study/build-v6.18-wcd937x'
make: Leaving directory '/tmp/aura-wcd937x-study/linux-upstream-v6.18-1779164716'
# compile codec module scope
make: Entering directory '/tmp/aura-wcd937x-study/linux-upstream-v6.18-1779164716'
make[1]: Entering directory '/tmp/aura-wcd937x-study/linux-upstream-v6.18-1779164716/sound/soc/codecs'
  CC      wcd937x.o
In file included from /tmp/aura-wcd937x-study/linux-upstream-v6.18-1779164716/include/linux/types.h:6,
                 from /tmp/aura-wcd937x-study/linux-upstream-v6.18-1779164716/include/linux/component.h:6,
                 from wcd937x.c:4:
/tmp/aura-wcd937x-study/linux-upstream-v6.18-1779164716/include/uapi/linux/types.h:5:10: fatal error: asm/types.h: No such file or directory
    5 | #include <asm/types.h>
      |          ^~~~~~~~~~~~~
compilation terminated.
make[3]: *** [/tmp/aura-wcd937x-study/linux-upstream-v6.18-1779164716/scripts/Makefile.build:287: wcd937x.o] Error 1
make[2]: *** [/tmp/aura-wcd937x-study/linux-upstream-v6.18-1779164716/Makefile:2010: .] Error 2
make[1]: *** [/tmp/aura-wcd937x-study/linux-upstream-v6.18-1779164716/Makefile:248: __sub-make] Error 2
make[1]: Leaving directory '/tmp/aura-wcd937x-study/linux-upstream-v6.18-1779164716/sound/soc/codecs'
make: *** [Makefile:248: __sub-make] Error 2
make: Leaving directory '/tmp/aura-wcd937x-study/linux-upstream-v6.18-1779164716'
