# label=static_sparse
# cmd=make -j8 C=1 CHECK=sparse M=sound/soc/codecs
# cwd=/local/mnt/workspace/AURA_V1/evidence/compile_closure_wcd937x_continuation_20260520_033221/repos/linux-compile-closure
# start=2026-05-20T03:49:55.838884+00:00
make[1]: Entering directory '/local/mnt/workspace/AURA_V1/evidence/compile_closure_wcd937x_continuation_20260520_033221/repos/linux-compile-closure/sound/soc/codecs'
  CC [M]  adau7002.o
  CC [M]  ak4613.o
  CC [M]  ak4619.o
  CC [M]  bt-sco.o
  CC [M]  cros_ec_codec.o
  CC [M]  da7213.o
  CC [M]  da7219.o
  CC [M]  da7219-aad.o
  CHECK   bt-sco.c
/bin/sh: 1: sparse: Permission denied
make[3]: *** [/local/mnt/workspace/AURA_V1/evidence/compile_closure_wcd937x_continuation_20260520_033221/repos/linux-compile-closure/scripts/Makefile.build:287: bt-sco.o] Error 126
make[3]: *** Deleting file 'bt-sco.o'
make[3]: *** Waiting for unfinished jobs....
  CHECK   adau7002.c
/bin/sh: 1: sparse: Permission denied
make[3]: *** [/local/mnt/workspace/AURA_V1/evidence/compile_closure_wcd937x_continuation_20260520_033221/repos/linux-compile-closure/scripts/Makefile.build:287: adau7002.o] Error 126
make[3]: *** Deleting file 'adau7002.o'
  CHECK   ak4613.c
/bin/sh: 1: sparse: Permission denied
make[3]: *** [/local/mnt/workspace/AURA_V1/evidence/compile_closure_wcd937x_continuation_20260520_033221/repos/linux-compile-closure/scripts/Makefile.build:287: ak4613.o] Error 126
make[3]: *** Deleting file 'ak4613.o'
  CHECK   ak4619.c
/bin/sh: 1: sparse: Permission denied
make[3]: *** [/local/mnt/workspace/AURA_V1/evidence/compile_closure_wcd937x_continuation_20260520_033221/repos/linux-compile-closure/scripts/Makefile.build:287: ak4619.o] Error 126
make[3]: *** Deleting file 'ak4619.o'
  CHECK   cros_ec_codec.c
/bin/sh: 1: sparse: Permission denied
make[3]: *** [/local/mnt/workspace/AURA_V1/evidence/compile_closure_wcd937x_continuation_20260520_033221/repos/linux-compile-closure/scripts/Makefile.build:287: cros_ec_codec.o] Error 126
make[3]: *** Deleting file 'cros_ec_codec.o'
  CHECK   da7219-aad.c
/bin/sh: 1: sparse: Permission denied
make[3]: *** [/local/mnt/workspace/AURA_V1/evidence/compile_closure_wcd937x_continuation_20260520_033221/repos/linux-compile-closure/scripts/Makefile.build:287: da7219-aad.o] Error 126
make[3]: *** Deleting file 'da7219-aad.o'
  CHECK   da7213.c
/bin/sh: 1: sparse: Permission denied
make[3]: *** [/local/mnt/workspace/AURA_V1/evidence/compile_closure_wcd937x_continuation_20260520_033221/repos/linux-compile-closure/scripts/Makefile.build:287: da7213.o] Error 126
make[3]: *** Deleting file 'da7213.o'
  CHECK   da7219.c
/bin/sh: 1: sparse: Permission denied
make[3]: *** [/local/mnt/workspace/AURA_V1/evidence/compile_closure_wcd937x_continuation_20260520_033221/repos/linux-compile-closure/scripts/Makefile.build:287: da7219.o] Error 126
make[3]: *** Deleting file 'da7219.o'
make[2]: *** [/local/mnt/workspace/AURA_V1/evidence/compile_closure_wcd937x_continuation_20260520_033221/repos/linux-compile-closure/Makefile:2010: .] Error 2
make[1]: *** [/local/mnt/workspace/AURA_V1/evidence/compile_closure_wcd937x_continuation_20260520_033221/repos/linux-compile-closure/Makefile:248: __sub-make] Error 2
make[1]: Leaving directory '/local/mnt/workspace/AURA_V1/evidence/compile_closure_wcd937x_continuation_20260520_033221/repos/linux-compile-closure/sound/soc/codecs'
make: *** [Makefile:248: __sub-make] Error 2
