# label=static_w1
# cmd=make -j8 W=1 M=sound/soc/codecs
# cwd=/local/mnt/workspace/AURA_V1/evidence/compile_closure_wcd937x_continuation_20260520_033221/repos/linux-compile-closure
# start=2026-05-20T03:49:57.711846+00:00
make[1]: Entering directory '/local/mnt/workspace/AURA_V1/evidence/compile_closure_wcd937x_continuation_20260520_033221/repos/linux-compile-closure/sound/soc/codecs'
  CC [M]  adau7002.o
  CC [M]  ak4613.o
  CC [M]  ak4619.o
  CC [M]  bt-sco.o
  CC [M]  cros_ec_codec.o
  CC [M]  da7213.o
  CC [M]  da7219.o
  CC [M]  da7219-aad.o
  CC [M]  dmic.o
  CC [M]  es7134.o
  CC [M]  es7241.o
  CC [M]  es8316.o
  CC [M]  es8326.o
  CC [M]  es8328.o
  CC [M]  es8328-i2c.o
  CC [M]  gtm601.o
  CC [M]  max98357a.o
  CC [M]  max98927.o
  CC [M]  max98390.o
  CC [M]  msm8916-wcd-analog.o
  CC [M]  msm8916-wcd-digital.o
  CC [M]  mt6357.o
  CC [M]  mt6358.o
  CC [M]  mt6359.o
  CC [M]  nau8315.o
  CC [M]  nau8822.o
  CC [M]  nau8825.o
  CC [M]  hdmi-codec.o
  CC [M]  pcm3168a.o
  CC [M]  pcm3168a-i2c.o
  CC [M]  rk3308_codec.o
  CC [M]  rk817_codec.o
  CC [M]  rl6231.o
  CC [M]  rt1011.o
  CC [M]  rt1015.o
  CC [M]  rt1015p.o
  CC [M]  rt5514.o
  CC [M]  rt5514-spi.o
  CC [M]  rt5640.o
  CC [M]  rt5645.o
  CC [M]  rt5659.o
  CC [M]  rt5663.o
  CC [M]  rt5682.o
  CC [M]  rt5682-i2c.o
  CC [M]  rt5682s.o
  CC [M]  sgtl5000.o
  CC [M]  spdif_receiver.o
  CC [M]  spdif_transmitter.o
  CC [M]  tas2552.o
  CC [M]  tas571x.o
  CC [M]  tlv320aic31xx.o
  CC [M]  tlv320aic32x4.o
  CC [M]  tlv320aic32x4-clk.o
  CC [M]  tlv320aic32x4-i2c.o
  CC [M]  tlv320aic3x.o
  CC [M]  tlv320aic3x-i2c.o
  CC [M]  ts3a227e.o
  CC [M]  wcd-clsh-v2.o
  CC [M]  wcd-common.o
  CC [M]  wcd-mbhc-v2.o
  CC [M]  wcd9335.o
  CC [M]  wcd934x.o
  CC [M]  wcd938x.o
  CC [M]  wcd938x-sdw.o
  CC [M]  wcd939x.o
  CC [M]  wcd939x-sdw.o
  CC [M]  wm8524.o
  CC [M]  wm8904.o
  CC [M]  wm8960.o
  CC [M]  wm8962.o
  CC [M]  wm8978.o
  CC [M]  wm8994.o
  CC [M]  wm8958-dsp2.o
  CC [M]  wm_hubs.o
  CC [M]  wsa881x.o
  CC [M]  wsa883x.o
  CC [M]  wsa884x.o
  CC [M]  simple-amplifier.o
  CC [M]  lpass-macro-common.o
  CC [M]  lpass-wsa-macro.o
  CC [M]  lpass-va-macro.o
  CC [M]  lpass-rx-macro.o
  CC [M]  lpass-tx-macro.o
  CC [M]  simple-mux.o
  LD [M]  snd-soc-adau7002.o
  LD [M]  snd-soc-ak4613.o
  LD [M]  snd-soc-ak4619.o
  LD [M]  snd-soc-bt-sco.o
  LD [M]  snd-soc-cros-ec-codec.o
  LD [M]  snd-soc-da7213.o
  LD [M]  snd-soc-da7219.o
  LD [M]  snd-soc-dmic.o
  LD [M]  snd-soc-es7134.o
  LD [M]  snd-soc-es7241.o
  LD [M]  snd-soc-es8316.o
  LD [M]  snd-soc-es8326.o
  LD [M]  snd-soc-es8328.o
  LD [M]  snd-soc-es8328-i2c.o
  LD [M]  snd-soc-gtm601.o
  LD [M]  snd-soc-max98357a.o
  LD [M]  snd-soc-max98927.o
  LD [M]  snd-soc-max98390.o
  LD [M]  snd-soc-msm8916-analog.o
  LD [M]  snd-soc-msm8916-digital.o
  LD [M]  snd-soc-mt6357.o
  LD [M]  snd-soc-mt6358.o
  LD [M]  snd-soc-mt6359.o
  LD [M]  snd-soc-nau8315.o
  LD [M]  snd-soc-nau8822.o
  LD [M]  snd-soc-nau8825.o
  LD [M]  snd-soc-hdmi-codec.o
  LD [M]  snd-soc-pcm3168a.o
  LD [M]  snd-soc-pcm3168a-i2c.o
  LD [M]  snd-soc-rk3308.o
  LD [M]  snd-soc-rk817.o
  LD [M]  snd-soc-rl6231.o
  LD [M]  snd-soc-rt1011.o
  LD [M]  snd-soc-rt1015.o
  LD [M]  snd-soc-rt1015p.o
  LD [M]  snd-soc-rt5514.o
  LD [M]  snd-soc-rt5514-spi.o
  LD [M]  snd-soc-rt5640.o
  LD [M]  snd-soc-rt5645.o
  LD [M]  snd-soc-rt5659.o
  LD [M]  snd-soc-rt5663.o
  LD [M]  snd-soc-rt5682.o
  LD [M]  snd-soc-rt5682-i2c.o
  LD [M]  snd-soc-rt5682s.o
  LD [M]  snd-soc-sgtl5000.o
  LD [M]  snd-soc-spdif-rx.o
  LD [M]  snd-soc-spdif-tx.o
  LD [M]  snd-soc-tas2552.o
  LD [M]  snd-soc-tas571x.o
  LD [M]  snd-soc-tlv320aic31xx.o
  LD [M]  snd-soc-tlv320aic32x4.o
  LD [M]  snd-soc-tlv320aic32x4-i2c.o
  LD [M]  snd-soc-tlv320aic3x.o
  LD [M]  snd-soc-tlv320aic3x-i2c.o
  LD [M]  snd-soc-ts3a227e.o
  LD [M]  snd-soc-wcd-classh.o
  LD [M]  snd-soc-wcd-common.o
  LD [M]  snd-soc-wcd-mbhc.o
  LD [M]  snd-soc-wcd9335.o
  LD [M]  snd-soc-wcd934x.o
  LD [M]  snd-soc-wcd938x.o
  LD [M]  snd-soc-wcd938x-sdw.o
  LD [M]  snd-soc-wcd939x.o
  LD [M]  snd-soc-wcd939x-sdw.o
  LD [M]  snd-soc-wm8524.o
  LD [M]  snd-soc-wm8904.o
  LD [M]  snd-soc-wm8960.o
  LD [M]  snd-soc-wm8962.o
  LD [M]  snd-soc-wm8978.o
  LD [M]  snd-soc-wm8994.o
  LD [M]  snd-soc-wm-hubs.o
  LD [M]  snd-soc-wsa881x.o
  LD [M]  snd-soc-wsa883x.o
  LD [M]  snd-soc-wsa884x.o
  LD [M]  snd-soc-simple-amplifier.o
  LD [M]  snd-soc-lpass-macro-common.o
  LD [M]  snd-soc-lpass-va-macro.o
  LD [M]  snd-soc-lpass-wsa-macro.o
  LD [M]  snd-soc-simple-mux.o
  LD [M]  snd-soc-lpass-rx-macro.o
  LD [M]  snd-soc-lpass-tx-macro.o
  MODPOST Module.symvers
  CC [M]  snd-soc-adau7002.mod.o
  CC [M]  .module-common.o
  CC [M]  snd-soc-ak4613.mod.o
  CC [M]  snd-soc-ak4619.mod.o
  CC [M]  snd-soc-bt-sco.mod.o
  CC [M]  snd-soc-cros-ec-codec.mod.o
  CC [M]  snd-soc-da7213.mod.o
  CC [M]  snd-soc-da7219.mod.o
  CC [M]  snd-soc-dmic.mod.o
  CC [M]  snd-soc-es7134.mod.o
  CC [M]  snd-soc-es7241.mod.o
  CC [M]  snd-soc-es8316.mod.o
  CC [M]  snd-soc-es8326.mod.o
  CC [M]  snd-soc-es8328.mod.o
  CC [M]  snd-soc-es8328-i2c.mod.o
  CC [M]  snd-soc-gtm601.mod.o
  CC [M]  snd-soc-max98357a.mod.o
  CC [M]  snd-soc-max98927.mod.o
  CC [M]  snd-soc-max98390.mod.o
  CC [M]  snd-soc-msm8916-analog.mod.o
  CC [M]  snd-soc-msm8916-digital.mod.o
  CC [M]  snd-soc-mt6357.mod.o
  CC [M]  snd-soc-mt6358.mod.o
  CC [M]  snd-soc-mt6359.mod.o
  CC [M]  snd-soc-nau8315.mod.o
  CC [M]  snd-soc-nau8822.mod.o
  CC [M]  snd-soc-nau8825.mod.o
  CC [M]  snd-soc-hdmi-codec.mod.o
  CC [M]  snd-soc-pcm3168a.mod.o
  CC [M]  snd-soc-pcm3168a-i2c.mod.o
  CC [M]  snd-soc-rk3308.mod.o
  CC [M]  snd-soc-rk817.mod.o
  CC [M]  snd-soc-rl6231.mod.o
  CC [M]  snd-soc-rt1011.mod.o
  CC [M]  snd-soc-rt1015.mod.o
  CC [M]  snd-soc-rt1015p.mod.o
  CC [M]  snd-soc-rt5514.mod.o
  CC [M]  snd-soc-rt5514-spi.mod.o
  CC [M]  snd-soc-rt5640.mod.o
  CC [M]  snd-soc-rt5645.mod.o
  CC [M]  snd-soc-rt5659.mod.o
  CC [M]  snd-soc-rt5663.mod.o
  CC [M]  snd-soc-rt5682.mod.o
  CC [M]  snd-soc-rt5682-i2c.mod.o
  CC [M]  snd-soc-rt5682s.mod.o
  CC [M]  snd-soc-sgtl5000.mod.o
  CC [M]  snd-soc-spdif-rx.mod.o
  CC [M]  snd-soc-spdif-tx.mod.o
  CC [M]  snd-soc-tas2552.mod.o
  CC [M]  snd-soc-tas571x.mod.o
  CC [M]  snd-soc-tlv320aic31xx.mod.o
  CC [M]  snd-soc-tlv320aic32x4.mod.o
  CC [M]  snd-soc-tlv320aic32x4-i2c.mod.o
  CC [M]  snd-soc-tlv320aic3x.mod.o
  CC [M]  snd-soc-tlv320aic3x-i2c.mod.o
  CC [M]  snd-soc-ts3a227e.mod.o
  CC [M]  snd-soc-wcd-classh.mod.o
  CC [M]  snd-soc-wcd-common.mod.o
  CC [M]  snd-soc-wcd-mbhc.mod.o
  CC [M]  snd-soc-wcd9335.mod.o
  CC [M]  snd-soc-wcd934x.mod.o
  CC [M]  snd-soc-wcd938x.mod.o
  CC [M]  snd-soc-wcd938x-sdw.mod.o
  CC [M]  snd-soc-wcd939x.mod.o
  CC [M]  snd-soc-wcd939x-sdw.mod.o
  CC [M]  snd-soc-wm8524.mod.o
  CC [M]  snd-soc-wm8904.mod.o
  CC [M]  snd-soc-wm8960.mod.o
  CC [M]  snd-soc-wm8962.mod.o
  CC [M]  snd-soc-wm8978.mod.o
  CC [M]  snd-soc-wm8994.mod.o
  CC [M]  snd-soc-wm-hubs.mod.o
  CC [M]  snd-soc-wsa881x.mod.o
  CC [M]  snd-soc-wsa883x.mod.o
  CC [M]  snd-soc-wsa884x.mod.o
  CC [M]  snd-soc-simple-amplifier.mod.o
  CC [M]  snd-soc-lpass-macro-common.mod.o
  CC [M]  snd-soc-lpass-wsa-macro.mod.o
  CC [M]  snd-soc-lpass-va-macro.mod.o
  CC [M]  snd-soc-lpass-rx-macro.mod.o
  CC [M]  snd-soc-lpass-tx-macro.mod.o
  CC [M]  snd-soc-simple-mux.mod.o
  LD [M]  snd-soc-adau7002.ko
  LD [M]  snd-soc-ak4613.ko
  LD [M]  snd-soc-ak4619.ko
  LD [M]  snd-soc-bt-sco.ko
  LD [M]  snd-soc-cros-ec-codec.ko
  LD [M]  snd-soc-da7213.ko
  LD [M]  snd-soc-da7219.ko
  LD [M]  snd-soc-dmic.ko
  LD [M]  snd-soc-es7134.ko
  LD [M]  snd-soc-es7241.ko
  LD [M]  snd-soc-es8316.ko
  LD [M]  snd-soc-es8326.ko
  LD [M]  snd-soc-es8328.ko
  LD [M]  snd-soc-es8328-i2c.ko
  LD [M]  snd-soc-gtm601.ko
  LD [M]  snd-soc-max98357a.ko
  LD [M]  snd-soc-max98927.ko
  LD [M]  snd-soc-max98390.ko
  LD [M]  snd-soc-msm8916-analog.ko
  LD [M]  snd-soc-msm8916-digital.ko
  LD [M]  snd-soc-mt6357.ko
  LD [M]  snd-soc-mt6358.ko
  LD [M]  snd-soc-mt6359.ko
  LD [M]  snd-soc-nau8315.ko
  LD [M]  snd-soc-nau8822.ko
  LD [M]  snd-soc-nau8825.ko
  LD [M]  snd-soc-hdmi-codec.ko
  LD [M]  snd-soc-pcm3168a.ko
  LD [M]  snd-soc-pcm3168a-i2c.ko
  LD [M]  snd-soc-rk3308.ko
  LD [M]  snd-soc-rk817.ko
  LD [M]  snd-soc-rl6231.ko
  LD [M]  snd-soc-rt1011.ko
  LD [M]  snd-soc-rt1015.ko
  LD [M]  snd-soc-rt1015p.ko
  LD [M]  snd-soc-rt5514.ko
  LD [M]  snd-soc-rt5514-spi.ko
  LD [M]  snd-soc-rt5640.ko
  LD [M]  snd-soc-rt5645.ko
  LD [M]  snd-soc-rt5659.ko
  LD [M]  snd-soc-rt5663.ko
  LD [M]  snd-soc-rt5682.ko
  LD [M]  snd-soc-rt5682-i2c.ko
  LD [M]  snd-soc-rt5682s.ko
  LD [M]  snd-soc-sgtl5000.ko
  LD [M]  snd-soc-spdif-rx.ko
  LD [M]  snd-soc-spdif-tx.ko
  LD [M]  snd-soc-tas2552.ko
  LD [M]  snd-soc-tas571x.ko
  LD [M]  snd-soc-tlv320aic31xx.ko
  LD [M]  snd-soc-tlv320aic32x4.ko
  LD [M]  snd-soc-tlv320aic32x4-i2c.ko
  LD [M]  snd-soc-tlv320aic3x.ko
  LD [M]  snd-soc-tlv320aic3x-i2c.ko
  LD [M]  snd-soc-ts3a227e.ko
  LD [M]  snd-soc-wcd-classh.ko
  LD [M]  snd-soc-wcd-common.ko
  LD [M]  snd-soc-wcd-mbhc.ko
  LD [M]  snd-soc-wcd9335.ko
  LD [M]  snd-soc-wcd934x.ko
  LD [M]  snd-soc-wcd938x.ko
  LD [M]  snd-soc-wcd938x-sdw.ko
  LD [M]  snd-soc-wcd939x.ko
  LD [M]  snd-soc-wcd939x-sdw.ko
  LD [M]  snd-soc-wm8524.ko
  LD [M]  snd-soc-wm8904.ko
  LD [M]  snd-soc-wm8960.ko
  LD [M]  snd-soc-wm8962.ko
  LD [M]  snd-soc-wm8978.ko
  LD [M]  snd-soc-wm8994.ko
  LD [M]  snd-soc-wm-hubs.ko
  LD [M]  snd-soc-wsa881x.ko
  LD [M]  snd-soc-wsa883x.ko
  LD [M]  snd-soc-wsa884x.ko
  LD [M]  snd-soc-simple-amplifier.ko
  LD [M]  snd-soc-lpass-macro-common.ko
  LD [M]  snd-soc-lpass-wsa-macro.ko
  LD [M]  snd-soc-lpass-va-macro.ko
  LD [M]  snd-soc-lpass-rx-macro.ko
  LD [M]  snd-soc-lpass-tx-macro.ko
  LD [M]  snd-soc-simple-mux.ko
make[1]: Leaving directory '/local/mnt/workspace/AURA_V1/evidence/compile_closure_wcd937x_continuation_20260520_033221/repos/linux-compile-closure/sound/soc/codecs'
