# kernel config prep
make: Entering directory '/local/mnt/workspace/AURA_V1/evidence/wcd937x_real_study_20260519_062557/repos/linux-upstream-v6.18'
make[1]: Entering directory '/local/mnt/workspace/AURA_V1/evidence/wcd937x_real_study_20260519_062557/repos/build-v6.18-wcd937x'
  GEN     Makefile
  HOSTCC  scripts/basic/fixdep
  HOSTCC  scripts/kconfig/conf.o
  HOSTCC  scripts/kconfig/confdata.o
  HOSTCC  scripts/kconfig/expr.o
  LEX     scripts/kconfig/lexer.lex.c
  YACC    scripts/kconfig/parser.tab.[ch]
  HOSTCC  scripts/kconfig/lexer.lex.o
  HOSTCC  scripts/kconfig/menu.o
  HOSTCC  scripts/kconfig/parser.tab.o
  HOSTCC  scripts/kconfig/preprocess.o
  HOSTCC  scripts/kconfig/symbol.o
  HOSTCC  scripts/kconfig/util.o
  HOSTLD  scripts/kconfig/conf
/boot/config-5.15.0-164-generic:436:warning: symbol value 'm' invalid for I8K
/boot/config-5.15.0-164-generic:882:warning: symbol value '0' invalid for BASE_SMALL
/boot/config-5.15.0-164-generic:2002:warning: symbol value 'm' invalid for MCTP
/boot/config-5.15.0-164-generic:3203:warning: symbol value 'm' invalid for NET_DSA_REALTEK_SMI
/boot/config-5.15.0-164-generic:6720:warning: symbol value 'm' invalid for FB_BACKLIGHT
/boot/config-5.15.0-164-generic:7714:warning: symbol value 'm' invalid for USB_FOTG210_HCD
/boot/config-5.15.0-164-generic:7947:warning: symbol value 'm' invalid for USB_FOTG210_UDC
/boot/config-5.15.0-164-generic:8579:warning: symbol value 'm' invalid for HYPERV
/boot/config-5.15.0-164-generic:8853:warning: symbol value 'm' invalid for VIDEO_ZORAN_DC30
/boot/config-5.15.0-164-generic:8854:warning: symbol value 'm' invalid for VIDEO_ZORAN_ZR36060
/boot/config-5.15.0-164-generic:8855:warning: symbol value 'm' invalid for VIDEO_ZORAN_BUZ
/boot/config-5.15.0-164-generic:8856:warning: symbol value 'm' invalid for VIDEO_ZORAN_DC10
/boot/config-5.15.0-164-generic:8857:warning: symbol value 'm' invalid for VIDEO_ZORAN_LML33
/boot/config-5.15.0-164-generic:8858:warning: symbol value 'm' invalid for VIDEO_ZORAN_LML33R10
/boot/config-5.15.0-164-generic:8859:warning: symbol value 'm' invalid for VIDEO_ZORAN_AVS6EYES
/boot/config-5.15.0-164-generic:9955:warning: symbol value 'm' invalid for ANDROID_BINDER_IPC
/boot/config-5.15.0-164-generic:9956:warning: symbol value 'm' invalid for ANDROID_BINDERFS
/boot/config-5.15.0-164-generic:10176:warning: symbol value 'm' invalid for FSCACHE
/boot/config-5.15.0-164-generic:10874:warning: symbol value 'm' invalid for CRYPTO_LIB_CURVE25519_GENERIC
/boot/config-5.15.0-164-generic:10879:warning: symbol value 'm' invalid for CRYPTO_LIB_POLY1305_GENERIC
#
# using defaults found in /boot/config-5.15.0-164-generic
#
#
# configuration written to .config
#
make[1]: Leaving directory '/local/mnt/workspace/AURA_V1/evidence/wcd937x_real_study_20260519_062557/repos/build-v6.18-wcd937x'
make: Leaving directory '/local/mnt/workspace/AURA_V1/evidence/wcd937x_real_study_20260519_062557/repos/linux-upstream-v6.18'
# compile scope attempt
make: Entering directory '/local/mnt/workspace/AURA_V1/evidence/wcd937x_real_study_20260519_062557/repos/linux-upstream-v6.18'
make[1]: Entering directory '/local/mnt/workspace/AURA_V1/evidence/wcd937x_real_study_20260519_062557/repos/build-v6.18-wcd937x'
  GEN     Makefile
#
# configuration written to .config
#
make[1]: Leaving directory '/local/mnt/workspace/AURA_V1/evidence/wcd937x_real_study_20260519_062557/repos/build-v6.18-wcd937x'
make: Leaving directory '/local/mnt/workspace/AURA_V1/evidence/wcd937x_real_study_20260519_062557/repos/linux-upstream-v6.18'
make: Entering directory '/local/mnt/workspace/AURA_V1/evidence/wcd937x_real_study_20260519_062557/repos/linux-upstream-v6.18'
make[1]: Entering directory '/local/mnt/workspace/AURA_V1/evidence/wcd937x_real_study_20260519_062557/repos/linux-upstream-v6.18/sound/soc/codecs'
  CC      wcd937x.o
In file included from /local/mnt/workspace/AURA_V1/evidence/wcd937x_real_study_20260519_062557/repos/linux-upstream-v6.18/include/linux/types.h:6,
                 from /local/mnt/workspace/AURA_V1/evidence/wcd937x_real_study_20260519_062557/repos/linux-upstream-v6.18/include/linux/component.h:6,
                 from wcd937x.c:4:
/local/mnt/workspace/AURA_V1/evidence/wcd937x_real_study_20260519_062557/repos/linux-upstream-v6.18/include/uapi/linux/types.h:5:10: fatal error: asm/types.h: No such file or directory
    5 | #include <asm/types.h>
      |          ^~~~~~~~~~~~~
compilation terminated.
make[3]: *** [/local/mnt/workspace/AURA_V1/evidence/wcd937x_real_study_20260519_062557/repos/linux-upstream-v6.18/scripts/Makefile.build:287: wcd937x.o] Error 1
make[2]: *** [/local/mnt/workspace/AURA_V1/evidence/wcd937x_real_study_20260519_062557/repos/linux-upstream-v6.18/Makefile:2010: .] Error 2
make[1]: *** [/local/mnt/workspace/AURA_V1/evidence/wcd937x_real_study_20260519_062557/repos/linux-upstream-v6.18/Makefile:248: __sub-make] Error 2
make[1]: Leaving directory '/local/mnt/workspace/AURA_V1/evidence/wcd937x_real_study_20260519_062557/repos/linux-upstream-v6.18/sound/soc/codecs'
make: *** [Makefile:248: __sub-make] Error 2
make: Leaving directory '/local/mnt/workspace/AURA_V1/evidence/wcd937x_real_study_20260519_062557/repos/linux-upstream-v6.18'
