# forbidden downstream patterns
## pattern: msm_cdc_
/local/mnt/workspace/AURA_V1/evidence/wcd937x_real_study_20260519_062557/repos/downstream-audio-kernel-ar/asoc/codecs/wcd937x/wcd937x.c:2172:		ret = msm_cdc_enable_ondemand_supply(wcd937x->dev,
/local/mnt/workspace/AURA_V1/evidence/wcd937x_real_study_20260519_062557/repos/downstream-audio-kernel-ar/asoc/codecs/wcd937x/wcd937x.c:3198:		ret = msm_cdc_disable_ondemand_supply(wcd937x->dev,
/local/mnt/workspace/AURA_V1/evidence/wcd937x_real_study_20260519_062557/repos/downstream-audio-kernel-ar/asoc/codecs/wcd937x/wcd937x.c:3238:	value = msm_cdc_pinctrl_get_state(wcd937x->rst_np);
/local/mnt/workspace/AURA_V1/evidence/wcd937x_real_study_20260519_062557/repos/downstream-audio-kernel-ar/asoc/codecs/wcd937x/wcd937x.c:3242:	rc = msm_cdc_pinctrl_select_sleep_state(wcd937x->rst_np);
/local/mnt/workspace/AURA_V1/evidence/wcd937x_real_study_20260519_062557/repos/downstream-audio-kernel-ar/asoc/codecs/wcd937x/wcd937x.c:3251:	rc = msm_cdc_pinctrl_select_active_state(wcd937x->rst_np);
/local/mnt/workspace/AURA_V1/evidence/wcd937x_real_study_20260519_062557/repos/downstream-audio-kernel-ar/asoc/codecs/wcd937x/wcd937x.c:3340:	rc = msm_cdc_pinctrl_select_sleep_state(wcd937x->rst_np);
/local/mnt/workspace/AURA_V1/evidence/wcd937x_real_study_20260519_062557/repos/downstream-audio-kernel-ar/asoc/codecs/wcd937x/wcd937x.c:3372:	msm_cdc_get_power_supplies(dev, &pdata->regulator,
/local/mnt/workspace/AURA_V1/evidence/wcd937x_real_study_20260519_062557/repos/downstream-audio-kernel-ar/asoc/codecs/wcd937x/wcd937x.c:3434:	ret = msm_cdc_init_supplies(dev, &wcd937x->supplies,
/local/mnt/workspace/AURA_V1/evidence/wcd937x_real_study_20260519_062557/repos/downstream-audio-kernel-ar/asoc/codecs/wcd937x/wcd937x.c:3470:	ret = msm_cdc_enable_static_supplies(dev, wcd937x->supplies,
/local/mnt/workspace/AURA_V1/evidence/wcd937x_real_study_20260519_062557/repos/downstream-audio-kernel-ar/include/asoc/msm-cdc-supply.h:31:extern int msm_cdc_get_power_supplies(struct device *dev,
/local/mnt/workspace/AURA_V1/evidence/wcd937x_real_study_20260519_062557/repos/downstream-audio-kernel-ar/include/asoc/msm-cdc-supply.h:34:extern bool msm_cdc_is_ondemand_supply(struct device *dev,
/local/mnt/workspace/AURA_V1/evidence/wcd937x_real_study_20260519_062557/repos/downstream-audio-kernel-ar/include/asoc/msm-cdc-supply.h:38:extern bool msm_cdc_supply_supports_retention_mode(struct device *dev,
/local/mnt/workspace/AURA_V1/evidence/wcd937x_real_study_20260519_062557/repos/downstream-audio-kernel-ar/include/asoc/msm-cdc-supply.h:42:extern bool msm_cdc_check_supply_vote(struct device *dev,
/local/mnt/workspace/AURA_V1/evidence/wcd937x_real_study_20260519_062557/repos/downstream-audio-kernel-ar/include/asoc/msm-cdc-supply.h:46:extern int msm_cdc_disable_ondemand_supply(struct device *dev,
/local/mnt/workspace/AURA_V1/evidence/wcd937x_real_study_20260519_062557/repos/downstream-audio-kernel-ar/include/asoc/msm-cdc-supply.h:50:extern int msm_cdc_enable_ondemand_supply(struct device *dev,
/local/mnt/workspace/AURA_V1/evidence/wcd937x_real_study_20260519_062557/repos/downstream-audio-kernel-ar/include/asoc/msm-cdc-supply.h:54:extern int msm_cdc_disable_static_supplies(struct device *dev,
/local/mnt/workspace/AURA_V1/evidence/wcd937x_real_study_20260519_062557/repos/downstream-audio-kernel-ar/include/asoc/msm-cdc-supply.h:58:extern int msm_cdc_release_supplies(struct device *dev,
/local/mnt/workspace/AURA_V1/evidence/wcd937x_real_study_20260519_062557/repos/downstream-audio-kernel-ar/include/asoc/msm-cdc-supply.h:62:extern int msm_cdc_enable_static_supplies(struct device *dev,
/local/mnt/workspace/AURA_V1/evidence/wcd937x_real_study_20260519_062557/repos/downstream-audio-kernel-ar/include/asoc/msm-cdc-supply.h:66:extern int msm_cdc_set_supplies_lpm_mode(struct device *dev,
/local/mnt/workspace/AURA_V1/evidence/wcd937x_real_study_20260519_062557/repos/downstream-audio-kernel-ar/include/asoc/msm-cdc-supply.h:71:extern int msm_cdc_init_supplies(struct device *dev,
/local/mnt/workspace/AURA_V1/evidence/wcd937x_real_study_20260519_062557/repos/downstream-audio-kernel-ar/include/asoc/msm-cdc-supply.h:75:extern int msm_cdc_init_supplies_v2(struct device *dev,
/local/mnt/workspace/AURA_V1/evidence/wcd937x_real_study_20260519_062557/repos/downstream-audio-kernel-ar/include/asoc/msm-cdc-supply.h:80:int msm_cdc_init_wcd_supply(struct device_node *np, const char *name,
/local/mnt/workspace/AURA_V1/evidence/wcd937x_real_study_20260519_062557/repos/downstream-audio-kernel-ar/include/asoc/msm-cdc-supply.h:82:int msm_cdc_enable_wcd_supply(struct cdc_wcd_supply *cdc_supply, bool enable);
/local/mnt/workspace/AURA_V1/evidence/wcd937x_real_study_20260519_062557/repos/downstream-audio-kernel-ar/include/asoc/msm-cdc-supply.h:83:extern int msm_cdc_set_supply_min_voltage(struct device *dev,
/local/mnt/workspace/AURA_V1/evidence/wcd937x_real_study_20260519_062557/repos/downstream-audio-kernel-ar/include/asoc/msm-cdc-pinctrl.h:12:extern int msm_cdc_pinctrl_select_sleep_state(struct device_node *np);
/local/mnt/workspace/AURA_V1/evidence/wcd937x_real_study_20260519_062557/repos/downstream-audio-kernel-ar/include/asoc/msm-cdc-pinctrl.h:13:extern int msm_cdc_pinctrl_select_active_state(struct device_node *np);
/local/mnt/workspace/AURA_V1/evidence/wcd937x_real_study_20260519_062557/repos/downstream-audio-kernel-ar/include/asoc/msm-cdc-pinctrl.h:14:extern int msm_cdc_pinctrl_select_alt_active_state(struct device_node *np);
/local/mnt/workspace/AURA_V1/evidence/wcd937x_real_study_20260519_062557/repos/downstream-audio-kernel-ar/include/asoc/msm-cdc-pinctrl.h:15:extern int msm_cdc_pinctrl_get_state(struct device_node *np);
/local/mnt/workspace/AURA_V1/evidence/wcd937x_real_study_20260519_062557/repos/downstream-audio-kernel-ar/include/asoc/msm-cdc-pinctrl.h:16:extern int msm_cdc_get_gpio_state(struct device_node *np);
/local/mnt/workspace/AURA_V1/evidence/wcd937x_real_study_20260519_062557/repos/downstream-audio-kernel-ar/include/asoc/msm-cdc-pinctrl.h:17:extern int msm_cdc_pinctrl_set_wakeup_capable(struct device_node *np,
/local/mnt/workspace/AURA_V1/evidence/wcd937x_real_study_20260519_062557/repos/downstream-audio-kernel-ar/include/asoc/msm-cdc-pinctrl.h:19:int msm_cdc_pinctrl_drv_init(void);
/local/mnt/workspace/AURA_V1/evidence/wcd937x_real_study_20260519_062557/repos/downstream-audio-kernel-ar/include/asoc/msm-cdc-pinctrl.h:20:void msm_cdc_pinctrl_drv_exit(void);
/local/mnt/workspace/AURA_V1/evidence/wcd937x_real_study_20260519_062557/repos/downstream-audio-kernel-ar/include/asoc/msm-cdc-pinctrl.h:23:int msm_cdc_pinctrl_select_sleep_state(struct device_node *np)
/local/mnt/workspace/AURA_V1/evidence/wcd937x_real_study_20260519_062557/repos/downstream-audio-kernel-ar/include/asoc/msm-cdc-pinctrl.h:27:int msm_cdc_pinctrl_select_active_state(struct device_node *np)
/local/mnt/workspace/AURA_V1/evidence/wcd937x_real_study_20260519_062557/repos/downstream-audio-kernel-ar/include/asoc/msm-cdc-pinctrl.h:31:int msm_cdc_pinctrl_select_alt_active_state(struct device_node *np)
/local/mnt/workspace/AURA_V1/evidence/wcd937x_real_study_20260519_062557/repos/downstream-audio-kernel-ar/include/asoc/msm-cdc-pinctrl.h:35:int msm_cdc_get_gpio_state(struct device_node *np)
/local/mnt/workspace/AURA_V1/evidence/wcd937x_real_study_20260519_062557/repos/downstream-audio-kernel-ar/include/asoc/msm-cdc-pinctrl.h:39:int msm_cdc_pinctrl_drv_init(void)
/local/mnt/workspace/AURA_V1/evidence/wcd937x_real_study_20260519_062557/repos/downstream-audio-kernel-ar/include/asoc/msm-cdc-pinctrl.h:43:void msm_cdc_pinctrl_drv_exit(void)
/local/mnt/workspace/AURA_V1/evidence/wcd937x_real_study_20260519_062557/repos/downstream-audio-kernel-ar/include/asoc/msm-cdc-pinctrl.h:46:int msm_cdc_pinctrl_get_state(struct device_node *np)
/local/mnt/workspace/AURA_V1/evidence/wcd937x_real_study_20260519_062557/repos/downstream-audio-kernel-ar/include/asoc/msm-cdc-pinctrl.h:50:static int msm_cdc_pinctrl_set_wakeup_capable(struct device_node *np,
/local/mnt/workspace/AURA_V1/evidence/wcd937x_real_study_20260519_062557/repos/downstream-audio-kernel-ar/asoc/codecs/wcd9xxx-core-init.c:17:	ret[0] = msm_cdc_pinctrl_drv_init();
/local/mnt/workspace/AURA_V1/evidence/wcd937x_real_study_20260519_062557/repos/downstream-audio-kernel-ar/asoc/codecs/wcd9xxx-core-init.c:42:	msm_cdc_pinctrl_drv_exit();
/local/mnt/workspace/AURA_V1/evidence/wcd937x_real_study_20260519_062557/repos/downstream-audio-kernel-ar/asoc/codecs/wsa884x/wsa884x.c:1810:		ret = msm_cdc_pinctrl_select_active_state(
/local/mnt/workspace/AURA_V1/evidence/wcd937x_real_study_20260519_062557/repos/downstream-audio-kernel-ar/asoc/codecs/wsa884x/wsa884x.c:1813:		ret = msm_cdc_pinctrl_select_sleep_state(
/local/mnt/workspace/AURA_V1/evidence/wcd937x_real_study_20260519_062557/repos/downstream-audio-kernel-ar/asoc/codecs/wsa884x/wsa884x.c:1972:	msm_cdc_get_power_supplies(dev, &priv->regulator,
/local/mnt/workspace/AURA_V1/evidence/wcd937x_real_study_20260519_062557/repos/downstream-audio-kernel-ar/asoc/codecs/wsa884x/wsa884x.c:1979:	ret = msm_cdc_init_supplies(dev, &priv->supplies,
/local/mnt/workspace/AURA_V1/evidence/wcd937x_real_study_20260519_062557/repos/downstream-audio-kernel-ar/asoc/codecs/wsa884x/wsa884x.c:1987:	ret = msm_cdc_enable_static_supplies(dev, priv->supplies,
/local/mnt/workspace/AURA_V1/evidence/wcd937x_real_study_20260519_062557/repos/downstream-audio-kernel-ar/asoc/codecs/wsa884x/wsa884x.c:2134:	pin_state_current = msm_cdc_pinctrl_get_state(wsa884x->wsa_rst_np);
/local/mnt/workspace/AURA_V1/evidence/wcd937x_real_study_20260519_062557/repos/downstream-audio-kernel-ar/asoc/codecs/wsa884x/wsa884x.c:2495:	msm_cdc_release_supplies(&pdev->dev, wsa884x->supplies,
/local/mnt/workspace/AURA_V1/evidence/wcd937x_real_study_20260519_062557/repos/downstream-audio-kernel-ar/asoc/codecs/wsa884x/wsa884x.c:2534:	msm_cdc_release_supplies(&pdev->dev, wsa884x->supplies,
/local/mnt/workspace/AURA_V1/evidence/wcd937x_real_study_20260519_062557/repos/downstream-audio-kernel-ar/asoc/codecs/wsa884x/wsa884x.c:2555:		msm_cdc_set_supplies_lpm_mode(dev, wsa884x->supplies,
/local/mnt/workspace/AURA_V1/evidence/wcd937x_real_study_20260519_062557/repos/downstream-audio-kernel-ar/asoc/codecs/wsa884x/wsa884x.c:2573:		msm_cdc_set_supplies_lpm_mode(dev, wsa884x->supplies,
/local/mnt/workspace/AURA_V1/evidence/wcd937x_real_study_20260519_062557/repos/downstream-audio-kernel-ar/asoc/codecs/aqt1000/aqt1000-core.c:246:	if (!msm_cdc_pinctrl_get_state(aqt1000->aqt_rst_np)) {
/local/mnt/workspace/AURA_V1/evidence/wcd937x_real_study_20260519_062557/repos/downstream-audio-kernel-ar/asoc/codecs/aqt1000/aqt1000-core.c:247:		rc = msm_cdc_pinctrl_select_sleep_state(aqt1000->aqt_rst_np);
/local/mnt/workspace/AURA_V1/evidence/wcd937x_real_study_20260519_062557/repos/downstream-audio-kernel-ar/asoc/codecs/aqt1000/aqt1000-core.c:257:		rc = msm_cdc_pinctrl_select_active_state(aqt1000->aqt_rst_np);
/local/mnt/workspace/AURA_V1/evidence/wcd937x_real_study_20260519_062557/repos/downstream-audio-kernel-ar/asoc/codecs/aqt1000/aqt1000-core.c:344:	msm_cdc_get_power_supplies(dev, &pdata->regulator,
/local/mnt/workspace/AURA_V1/evidence/wcd937x_real_study_20260519_062557/repos/downstream-audio-kernel-ar/asoc/codecs/aqt1000/aqt1000-core.c:481:	ret = msm_cdc_init_supplies(aqt1000->dev, &aqt1000->supplies,
/local/mnt/workspace/AURA_V1/evidence/wcd937x_real_study_20260519_062557/repos/downstream-audio-kernel-ar/asoc/codecs/aqt1000/aqt1000-core.c:489:	ret = msm_cdc_enable_static_supplies(aqt1000->dev,
/local/mnt/workspace/AURA_V1/evidence/wcd937x_real_study_20260519_062557/repos/downstream-audio-kernel-ar/asoc/codecs/aqt1000/aqt1000-core.c:534:	msm_cdc_release_supplies(aqt1000->dev, aqt1000->supplies,
/local/mnt/workspace/AURA_V1/evidence/wcd937x_real_study_20260519_062557/repos/downstream-audio-kernel-ar/asoc/codecs/aqt1000/aqt1000-core.c:554:	msm_cdc_release_supplies(aqt->dev, aqt->supplies,
/local/mnt/workspace/AURA_V1/evidence/wcd937x_real_study_20260519_062557/repos/downstream-audio-kernel-ar/asoc/codecs/wcd9xxx-core.c:766:			msm_cdc_pinctrl_select_active_state(
/local/mnt/workspace/AURA_V1/evidence/wcd937x_real_study_20260519_062557/repos/downstream-audio-kernel-ar/asoc/codecs/wcd9xxx-core.c:769:			msm_cdc_pinctrl_select_sleep_state(
/local/mnt/workspace/AURA_V1/evidence/wcd937x_real_study_20260519_062557/repos/downstream-audio-kernel-ar/asoc/codecs/wcd9xxx-core.c:797:			msm_cdc_disable_static_supplies(debugCodec->dev,
/local/mnt/workspace/AURA_V1/evidence/wcd937x_real_study_20260519_062557/repos/downstream-audio-kernel-ar/asoc/codecs/wcd9xxx-core.c:803:			msm_cdc_enable_static_supplies(debugCodec->dev,
/local/mnt/workspace/AURA_V1/evidence/wcd937x_real_study_20260519_062557/repos/downstream-audio-kernel-ar/asoc/codecs/wcd9xxx-core.c:1139:		ret = msm_cdc_init_supplies_v2(wcd9xxx->dev, &wcd9xxx->supplies,
/local/mnt/workspace/AURA_V1/evidence/wcd937x_real_study_20260519_062557/repos/downstream-audio-kernel-ar/asoc/codecs/wcd9xxx-core.c:1148:		ret = msm_cdc_enable_static_supplies(wcd9xxx->dev,
/local/mnt/workspace/AURA_V1/evidence/wcd937x_real_study_20260519_062557/repos/downstream-audio-kernel-ar/asoc/codecs/wcd9xxx-core.c:1211:	msm_cdc_release_supplies(wcd9xxx->dev, wcd9xxx->supplies,
/local/mnt/workspace/AURA_V1/evidence/wcd937x_real_study_20260519_062557/repos/downstream-audio-kernel-ar/asoc/codecs/wcd9xxx-core.c:1229:	msm_cdc_release_supplies(wcd9xxx->dev, wcd9xxx->supplies,
/local/mnt/workspace/AURA_V1/evidence/wcd937x_real_study_20260519_062557/repos/downstream-audio-kernel-ar/asoc/codecs/wcd9xxx-core.c:1351:		msm_cdc_pinctrl_select_active_state(pdata->buck_vsel_ctl_np);
/local/mnt/workspace/AURA_V1/evidence/wcd937x_real_study_20260519_062557/repos/downstream-audio-kernel-ar/asoc/codecs/wcd9xxx-core.c:1354:		msm_cdc_pinctrl_select_active_state(pdata->micb_en_ctl);
/local/mnt/workspace/AURA_V1/evidence/wcd937x_real_study_20260519_062557/repos/downstream-audio-kernel-ar/asoc/codecs/wcd9xxx-core.c:1394:	ret = msm_cdc_init_supplies_v2(&slim->dev, &wcd9xxx->supplies,
/local/mnt/workspace/AURA_V1/evidence/wcd937x_real_study_20260519_062557/repos/downstream-audio-kernel-ar/asoc/codecs/wcd9xxx-core.c:1403:	ret = msm_cdc_enable_static_supplies(wcd9xxx->dev,
/local/mnt/workspace/AURA_V1/evidence/wcd937x_real_study_20260519_062557/repos/downstream-audio-kernel-ar/asoc/codecs/wcd9xxx-core.c:1501:	msm_cdc_release_supplies(wcd9xxx->dev, wcd9xxx->supplies,
/local/mnt/workspace/AURA_V1/evidence/wcd937x_real_study_20260519_062557/repos/downstream-audio-kernel-ar/asoc/codecs/wcd9xxx-core.c:1521:	msm_cdc_release_supplies(wcd9xxx->dev, wcd9xxx->supplies,
/local/mnt/workspace/AURA_V1/evidence/wcd937x_real_study_20260519_062557/repos/downstream-audio-kernel-ar/asoc/codecs/wcd9378/wcd9378.c:3130:	if (!msm_cdc_is_ondemand_supply(wcd9378->dev,
/local/mnt/workspace/AURA_V1/evidence/wcd937x_real_study_20260519_062557/repos/downstream-audio-kernel-ar/asoc/codecs/wcd9378/wcd9378.c:3149:		ret = msm_cdc_enable_ondemand_supply(wcd9378->dev,
/local/mnt/workspace/AURA_V1/evidence/wcd937x_real_study_20260519_062557/repos/downstream-audio-kernel-ar/asoc/codecs/wcd9378/wcd9378.c:4296:	value = msm_cdc_pinctrl_get_state(wcd9378->rst_np);
/local/mnt/workspace/AURA_V1/evidence/wcd937x_real_study_20260519_062557/repos/downstream-audio-kernel-ar/asoc/codecs/wcd9378/wcd9378.c:4300:	rc = msm_cdc_pinctrl_select_sleep_state(wcd9378->rst_np);
/local/mnt/workspace/AURA_V1/evidence/wcd937x_real_study_20260519_062557/repos/downstream-audio-kernel-ar/asoc/codecs/wcd9378/wcd9378.c:4309:	rc = msm_cdc_pinctrl_select_active_state(wcd9378->rst_np);
/local/mnt/workspace/AURA_V1/evidence/wcd937x_real_study_20260519_062557/repos/downstream-audio-kernel-ar/asoc/codecs/wcd9378/wcd9378.c:4398:	rc = msm_cdc_pinctrl_select_sleep_state(wcd9378->rst_np);
/local/mnt/workspace/AURA_V1/evidence/wcd937x_real_study_20260519_062557/repos/downstream-audio-kernel-ar/asoc/codecs/wcd9378/wcd9378.c:4430:	msm_cdc_get_power_supplies(dev, &pdata->regulator,
/local/mnt/workspace/AURA_V1/evidence/wcd937x_real_study_20260519_062557/repos/downstream-audio-kernel-ar/asoc/codecs/wcd9378/wcd9378.c:4662:	ret = msm_cdc_init_supplies(dev, &wcd9378->supplies,
/local/mnt/workspace/AURA_V1/evidence/wcd937x_real_study_20260519_062557/repos/downstream-audio-kernel-ar/asoc/codecs/wcd9378/wcd9378.c:4703:	ret = msm_cdc_enable_static_supplies(&pdev->dev, wcd9378->supplies,
/local/mnt/workspace/AURA_V1/evidence/wcd937x_real_study_20260519_062557/repos/downstream-audio-kernel-ar/asoc/codecs/wcd9378/wcd9378.c:4796:		ret = msm_cdc_disable_ondemand_supply(wcd9378->dev,
/local/mnt/workspace/AURA_V1/evidence/wcd937x_real_study_20260519_062557/repos/downstream-audio-kernel-ar/asoc/codecs/wcd9378/wcd9378.c:4812:		msm_cdc_set_supplies_lpm_mode(wcd9378->dev,
/local/mnt/workspace/AURA_V1/evidence/wcd937x_real_study_20260519_062557/repos/downstream-audio-kernel-ar/asoc/codecs/wcd9378/wcd9378.c:4842:		msm_cdc_set_supplies_lpm_mode(wcd9378->dev,
/local/mnt/workspace/AURA_V1/evidence/wcd937x_real_study_20260519_062557/repos/downstream-audio-kernel-ar/asoc/codecs/wcd934x/wcd934x.c:11082:		else if (strnstr(node->name, "msm_cdc_pinctrl",
/local/mnt/workspace/AURA_V1/evidence/wcd937x_real_study_20260519_062557/repos/downstream-audio-kernel-ar/asoc/codecs/wcd934x/wcd934x.c:11083:				 strlen("msm_cdc_pinctrl")) != NULL)
/local/mnt/workspace/AURA_V1/evidence/wcd937x_real_study_20260519_062557/repos/downstream-audio-kernel-ar/asoc/codecs/wcd937x/wcd937x.c:2172:		ret = msm_cdc_enable_ondemand_supply(wcd937x->dev,
/local/mnt/workspace/AURA_V1/evidence/wcd937x_real_study_20260519_062557/repos/downstream-audio-kernel-ar/asoc/codecs/wcd937x/wcd937x.c:3198:		ret = msm_cdc_disable_ondemand_supply(wcd937x->dev,
/local/mnt/workspace/AURA_V1/evidence/wcd937x_real_study_20260519_062557/repos/downstream-audio-kernel-ar/asoc/codecs/wcd937x/wcd937x.c:3238:	value = msm_cdc_pinctrl_get_state(wcd937x->rst_np);
/local/mnt/workspace/AURA_V1/evidence/wcd937x_real_study_20260519_062557/repos/downstream-audio-kernel-ar/asoc/codecs/wcd937x/wcd937x.c:3242:	rc = msm_cdc_pinctrl_select_sleep_state(wcd937x->rst_np);
/local/mnt/workspace/AURA_V1/evidence/wcd937x_real_study_20260519_062557/repos/downstream-audio-kernel-ar/asoc/codecs/wcd937x/wcd937x.c:3251:	rc = msm_cdc_pinctrl_select_active_state(wcd937x->rst_np);
/local/mnt/workspace/AURA_V1/evidence/wcd937x_real_study_20260519_062557/repos/downstream-audio-kernel-ar/asoc/codecs/wcd937x/wcd937x.c:3340:	rc = msm_cdc_pinctrl_select_sleep_state(wcd937x->rst_np);
/local/mnt/workspace/AURA_V1/evidence/wcd937x_real_study_20260519_062557/repos/downstream-audio-kernel-ar/asoc/codecs/wcd937x/wcd937x.c:3372:	msm_cdc_get_power_supplies(dev, &pdata->regulator,
/local/mnt/workspace/AURA_V1/evidence/wcd937x_real_study_20260519_062557/repos/downstream-audio-kernel-ar/asoc/codecs/wcd937x/wcd937x.c:3434:	ret = msm_cdc_init_supplies(dev, &wcd937x->supplies,
/local/mnt/workspace/AURA_V1/evidence/wcd937x_real_study_20260519_062557/repos/downstream-audio-kernel-ar/asoc/codecs/wcd937x/wcd937x.c:3470:	ret = msm_cdc_enable_static_supplies(dev, wcd937x->supplies,
/local/mnt/workspace/AURA_V1/evidence/wcd937x_real_study_20260519_062557/repos/downstream-audio-kernel-ar/asoc/codecs/wsa883x/wsa883x.c:1541:		ret = msm_cdc_pinctrl_select_active_state(
/local/mnt/workspace/AURA_V1/evidence/wcd937x_real_study_20260519_062557/repos/downstream-audio-kernel-ar/asoc/codecs/wsa883x/wsa883x.c:1544:		ret = msm_cdc_pinctrl_select_sleep_state(
/local/mnt/workspace/AURA_V1/evidence/wcd937x_real_study_20260519_062557/repos/downstream-audio-kernel-ar/asoc/codecs/wsa883x/wsa883x.c:1658:	msm_cdc_get_power_supplies(dev, &priv->regulator,
/local/mnt/workspace/AURA_V1/evidence/wcd937x_real_study_20260519_062557/repos/downstream-audio-kernel-ar/asoc/codecs/wsa883x/wsa883x.c:1665:	ret = msm_cdc_init_supplies(dev, &priv->supplies,
/local/mnt/workspace/AURA_V1/evidence/wcd937x_real_study_20260519_062557/repos/downstream-audio-kernel-ar/asoc/codecs/wsa883x/wsa883x.c:1673:	ret = msm_cdc_enable_static_supplies(dev, priv->supplies,
/local/mnt/workspace/AURA_V1/evidence/wcd937x_real_study_20260519_062557/repos/downstream-audio-kernel-ar/asoc/codecs/wsa883x/wsa883x.c:1816:	pin_state_current = msm_cdc_pinctrl_get_state(wsa883x->wsa_rst_np);
/local/mnt/workspace/AURA_V1/evidence/wcd937x_real_study_20260519_062557/repos/downstream-audio-kernel-ar/asoc/codecs/wsa883x/wsa883x.c:2078:	msm_cdc_release_supplies(&pdev->dev, wsa883x->supplies,
/local/mnt/workspace/AURA_V1/evidence/wcd937x_real_study_20260519_062557/repos/downstream-audio-kernel-ar/asoc/codecs/wsa883x/wsa883x.c:2128:	msm_cdc_release_supplies(&pdev->dev, wsa883x->supplies,
/local/mnt/workspace/AURA_V1/evidence/wcd937x_real_study_20260519_062557/repos/downstream-audio-kernel-ar/asoc/codecs/wsa883x/wsa883x.c:2149:		msm_cdc_set_supplies_lpm_mode(dev, wsa883x->supplies,
/local/mnt/workspace/AURA_V1/evidence/wcd937x_real_study_20260519_062557/repos/downstream-audio-kernel-ar/asoc/codecs/wsa883x/wsa883x.c:2167:		msm_cdc_set_supplies_lpm_mode(dev, wsa883x->supplies,
/local/mnt/workspace/AURA_V1/evidence/wcd937x_real_study_20260519_062557/repos/downstream-audio-kernel-ar/asoc/codecs/wsa881x.c:1333:			ret = msm_cdc_pinctrl_select_active_state(
/local/mnt/workspace/AURA_V1/evidence/wcd937x_real_study_20260519_062557/repos/downstream-audio-kernel-ar/asoc/codecs/wsa881x.c:1336:			ret = msm_cdc_pinctrl_select_sleep_state(
/local/mnt/workspace/AURA_V1/evidence/wcd937x_real_study_20260519_062557/repos/downstream-audio-kernel-ar/asoc/codecs/wsa881x.c:1450:		pin_state_current = msm_cdc_pinctrl_get_state(
/local/mnt/workspace/AURA_V1/evidence/wcd937x_real_study_20260519_062557/repos/downstream-audio-kernel-ar/asoc/codecs/wcd939x/wcd939x.c:3430:	if (!msm_cdc_is_ondemand_supply(wcd939x->dev,
/local/mnt/workspace/AURA_V1/evidence/wcd937x_real_study_20260519_062557/repos/downstream-audio-kernel-ar/asoc/codecs/wcd939x/wcd939x.c:3449:		ret = msm_cdc_enable_ondemand_supply(wcd939x->dev,
/local/mnt/workspace/AURA_V1/evidence/wcd937x_real_study_20260519_062557/repos/downstream-audio-kernel-ar/asoc/codecs/wcd939x/wcd939x.c:4947:	value = msm_cdc_pinctrl_get_state(wcd939x->rst_np);
/local/mnt/workspace/AURA_V1/evidence/wcd937x_real_study_20260519_062557/repos/downstream-audio-kernel-ar/asoc/codecs/wcd939x/wcd939x.c:4956:	rc = msm_cdc_pinctrl_select_sleep_state(wcd939x->rst_np);
/local/mnt/workspace/AURA_V1/evidence/wcd937x_real_study_20260519_062557/repos/downstream-audio-kernel-ar/asoc/codecs/wcd939x/wcd939x.c:4965:	rc = msm_cdc_pinctrl_select_active_state(wcd939x->rst_np);
/local/mnt/workspace/AURA_V1/evidence/wcd937x_real_study_20260519_062557/repos/downstream-audio-kernel-ar/asoc/codecs/wcd939x/wcd939x.c:5344:	rc = msm_cdc_pinctrl_select_sleep_state(wcd939x->rst_np);
/local/mnt/workspace/AURA_V1/evidence/wcd937x_real_study_20260519_062557/repos/downstream-audio-kernel-ar/asoc/codecs/wcd939x/wcd939x.c:5376:	msm_cdc_get_power_supplies(dev, &pdata->regulator,
/local/mnt/workspace/AURA_V1/evidence/wcd937x_real_study_20260519_062557/repos/downstream-audio-kernel-ar/asoc/codecs/wcd939x/wcd939x.c:5714:	ret = msm_cdc_init_supplies(dev, &wcd939x->supplies,
/local/mnt/workspace/AURA_V1/evidence/wcd937x_real_study_20260519_062557/repos/downstream-audio-kernel-ar/asoc/codecs/wcd939x/wcd939x.c:5747:	ret = msm_cdc_enable_static_supplies(&pdev->dev, wcd939x->supplies,
/local/mnt/workspace/AURA_V1/evidence/wcd937x_real_study_20260519_062557/repos/downstream-audio-kernel-ar/asoc/codecs/wcd939x/wcd939x.c:5756:	if (msm_cdc_is_ondemand_supply(wcd939x->dev, wcd939x->supplies,

## pattern: qti-regmap-debugfs
/local/mnt/workspace/AURA_V1/evidence/wcd937x_real_study_20260519_062557/repos/downstream-audio-kernel-ar/asoc/codecs/wcd937x/wcd937x.c:31:#include <linux/qti-regmap-debugfs.h>
/local/mnt/workspace/AURA_V1/evidence/wcd937x_real_study_20260519_062557/repos/downstream-audio-kernel-ar/asoc/codecs/qmp1000/qmp-dmic.c:11:#include <linux/qti-regmap-debugfs.h>
/local/mnt/workspace/AURA_V1/evidence/wcd937x_real_study_20260519_062557/repos/downstream-audio-kernel-ar/asoc/codecs/wsa885x-i2c.c:29:#include <linux/qti-regmap-debugfs.h>
/local/mnt/workspace/AURA_V1/evidence/wcd937x_real_study_20260519_062557/repos/downstream-audio-kernel-ar/asoc/codecs/wsa884x/wsa884x.c:35:#include <linux/qti-regmap-debugfs.h>
/local/mnt/workspace/AURA_V1/evidence/wcd937x_real_study_20260519_062557/repos/downstream-audio-kernel-ar/asoc/codecs/wcd9378/wcd9378.c:20:#include <linux/qti-regmap-debugfs.h>
/local/mnt/workspace/AURA_V1/evidence/wcd937x_real_study_20260519_062557/repos/downstream-audio-kernel-ar/asoc/codecs/sdca/simple-amp.c:11:#include <linux/qti-regmap-debugfs.h>
/local/mnt/workspace/AURA_V1/evidence/wcd937x_real_study_20260519_062557/repos/downstream-audio-kernel-ar/asoc/codecs/wcd937x/wcd937x.c:31:#include <linux/qti-regmap-debugfs.h>
/local/mnt/workspace/AURA_V1/evidence/wcd937x_real_study_20260519_062557/repos/downstream-audio-kernel-ar/asoc/codecs/wsa883x/wsa883x.c:35:#include <linux/qti-regmap-debugfs.h>
/local/mnt/workspace/AURA_V1/evidence/wcd937x_real_study_20260519_062557/repos/downstream-audio-kernel-ar/asoc/codecs/wcd939x/wcd939x.c:27:#include <linux/qti-regmap-debugfs.h>
/local/mnt/workspace/AURA_V1/evidence/wcd937x_real_study_20260519_062557/repos/downstream-audio-kernel-ar/asoc/codecs/wcd938x/wcd938x.c:24:#include <linux/qti-regmap-debugfs.h>
/local/mnt/workspace/AURA_V1/evidence/wcd937x_real_study_20260519_062557/repos/downstream-audio-kernel-ar/asoc/codecs/lpass-cdc/lpass-cdc.c:23:#include <linux/qti-regmap-debugfs.h>
/local/mnt/workspace/AURA_V1/evidence/wcd937x_real_study_20260519_062557/repos/downstream-audio-kernel-ar/asoc/codecs/bolero/bolero-cdc.c:24:#include <linux/qti-regmap-debugfs.h>

## pattern: wcdcal-
/local/mnt/workspace/AURA_V1/evidence/wcd937x_real_study_20260519_062557/repos/downstream-audio-kernel-ar/asoc/codecs/wcd937x/wcd937x.c:21:#include <asoc/wcdcal-hwdep.h>
/local/mnt/workspace/AURA_V1/evidence/wcd937x_real_study_20260519_062557/repos/downstream-audio-kernel-ar/asoc/codecs/wcd937x/wcd937x-mbhc.c:20:#include <asoc/wcdcal-hwdep.h>
/local/mnt/workspace/AURA_V1/evidence/wcd937x_real_study_20260519_062557/repos/downstream-audio-kernel-ar/include/asoc/wcd-mbhc-v2.h:13:#include "wcdcal-hwdep.h"
/local/mnt/workspace/AURA_V1/evidence/wcd937x_real_study_20260519_062557/repos/downstream-audio-kernel-ar/asoc/codecs/wcd-mbhc-legacy.h:7:#include <asoc/wcdcal-hwdep.h>
/local/mnt/workspace/AURA_V1/evidence/wcd937x_real_study_20260519_062557/repos/downstream-audio-kernel-ar/asoc/codecs/aqt1000/aqt1000-mbhc.c:24:#include <asoc/wcdcal-hwdep.h>
/local/mnt/workspace/AURA_V1/evidence/wcd937x_real_study_20260519_062557/repos/downstream-audio-kernel-ar/asoc/codecs/aqt1000/aqt1000.c:28:#include <asoc/wcdcal-hwdep.h>
/local/mnt/workspace/AURA_V1/evidence/wcd937x_real_study_20260519_062557/repos/downstream-audio-kernel-ar/asoc/codecs/wcd9378/wcd9378-mbhc.c:20:#include <asoc/wcdcal-hwdep.h>
/local/mnt/workspace/AURA_V1/evidence/wcd937x_real_study_20260519_062557/repos/downstream-audio-kernel-ar/asoc/codecs/wcd934x/wcd934x.c:42:#include <asoc/wcdcal-hwdep.h>
/local/mnt/workspace/AURA_V1/evidence/wcd937x_real_study_20260519_062557/repos/downstream-audio-kernel-ar/asoc/codecs/wcd934x/wcd934x-mbhc.c:26:#include <asoc/wcdcal-hwdep.h>
/local/mnt/workspace/AURA_V1/evidence/wcd937x_real_study_20260519_062557/repos/downstream-audio-kernel-ar/asoc/codecs/wcd937x/wcd937x.c:21:#include <asoc/wcdcal-hwdep.h>
/local/mnt/workspace/AURA_V1/evidence/wcd937x_real_study_20260519_062557/repos/downstream-audio-kernel-ar/asoc/codecs/wcd937x/wcd937x-mbhc.c:20:#include <asoc/wcdcal-hwdep.h>
/local/mnt/workspace/AURA_V1/evidence/wcd937x_real_study_20260519_062557/repos/downstream-audio-kernel-ar/asoc/codecs/Kbuild:173:	WCD9XXX_OBJS += wcdcal-hwdep.o
/local/mnt/workspace/AURA_V1/evidence/wcd937x_real_study_20260519_062557/repos/downstream-audio-kernel-ar/asoc/codecs/wcdcal-hwdep.c:15:#include <asoc/wcdcal-hwdep.h>
/local/mnt/workspace/AURA_V1/evidence/wcd937x_real_study_20260519_062557/repos/downstream-audio-kernel-ar/asoc/codecs/wcd939x/wcd939x.c:22:#include <asoc/wcdcal-hwdep.h>
/local/mnt/workspace/AURA_V1/evidence/wcd937x_real_study_20260519_062557/repos/downstream-audio-kernel-ar/asoc/codecs/wcd939x/wcd939x-mbhc.c:21:#include <asoc/wcdcal-hwdep.h>
/local/mnt/workspace/AURA_V1/evidence/wcd937x_real_study_20260519_062557/repos/downstream-audio-kernel-ar/asoc/codecs/wcd-mbhc-v2.c:31:#include <asoc/wcdcal-hwdep.h>
/local/mnt/workspace/AURA_V1/evidence/wcd937x_real_study_20260519_062557/repos/downstream-audio-kernel-ar/asoc/codecs/wcd938x/wcd938x.c:20:#include <asoc/wcdcal-hwdep.h>
/local/mnt/workspace/AURA_V1/evidence/wcd937x_real_study_20260519_062557/repos/downstream-audio-kernel-ar/asoc/codecs/wcd938x/wcd938x-mbhc.c:20:#include <asoc/wcdcal-hwdep.h>
/local/mnt/workspace/AURA_V1/evidence/wcd937x_real_study_20260519_062557/repos/downstream-audio-kernel-ar/asoc/codecs/rouleur/rouleur.c:24:#include <asoc/wcdcal-hwdep.h>
/local/mnt/workspace/AURA_V1/evidence/wcd937x_real_study_20260519_062557/repos/downstream-audio-kernel-ar/asoc/codecs/rouleur/rouleur-mbhc.c:20:#include <asoc/wcdcal-hwdep.h>
/local/mnt/workspace/AURA_V1/evidence/wcd937x_real_study_20260519_062557/repos/downstream-audio-kernel-ar/asoc/codecs/wcd9335.c:41:#include <asoc/wcdcal-hwdep.h>

## pattern: asoc/bolero-slave-internal.h
/local/mnt/workspace/AURA_V1/evidence/wcd937x_real_study_20260519_062557/repos/downstream-audio-kernel-ar/asoc/codecs/wcd937x/wcd937x.c:30:#include "asoc/bolero-slave-internal.h"
/local/mnt/workspace/AURA_V1/evidence/wcd937x_real_study_20260519_062557/repos/downstream-audio-kernel-ar/asoc/codecs/wsa884x/wsa884x.c:34:#include "asoc/bolero-slave-internal.h"
/local/mnt/workspace/AURA_V1/evidence/wcd937x_real_study_20260519_062557/repos/downstream-audio-kernel-ar/asoc/codecs/wcd9378/wcd9378.c:26:#include "asoc/bolero-slave-internal.h"
/local/mnt/workspace/AURA_V1/evidence/wcd937x_real_study_20260519_062557/repos/downstream-audio-kernel-ar/asoc/codecs/sdca/simple-amp.c:20:#include "asoc/bolero-slave-internal.h"
/local/mnt/workspace/AURA_V1/evidence/wcd937x_real_study_20260519_062557/repos/downstream-audio-kernel-ar/asoc/codecs/wcd937x/wcd937x.c:30:#include "asoc/bolero-slave-internal.h"
/local/mnt/workspace/AURA_V1/evidence/wcd937x_real_study_20260519_062557/repos/downstream-audio-kernel-ar/asoc/codecs/wsa883x/wsa883x.c:34:#include "asoc/bolero-slave-internal.h"
/local/mnt/workspace/AURA_V1/evidence/wcd937x_real_study_20260519_062557/repos/downstream-audio-kernel-ar/asoc/codecs/wsa881x.c:31:#include "asoc/bolero-slave-internal.h"
/local/mnt/workspace/AURA_V1/evidence/wcd937x_real_study_20260519_062557/repos/downstream-audio-kernel-ar/asoc/codecs/wcd939x/wcd939x.c:31:#include "asoc/bolero-slave-internal.h"
/local/mnt/workspace/AURA_V1/evidence/wcd937x_real_study_20260519_062557/repos/downstream-audio-kernel-ar/asoc/codecs/wcd938x/wcd938x.c:30:#include "asoc/bolero-slave-internal.h"
/local/mnt/workspace/AURA_V1/evidence/wcd937x_real_study_20260519_062557/repos/downstream-audio-kernel-ar/asoc/codecs/rouleur/rouleur.c:31:#include "asoc/bolero-slave-internal.h"
/local/mnt/workspace/AURA_V1/evidence/wcd937x_real_study_20260519_062557/repos/downstream-audio-kernel-ar/asoc/codecs/bolero/bolero-cdc.c:23:#include "asoc/bolero-slave-internal.h"

## pattern: swr_
/local/mnt/workspace/AURA_V1/evidence/wcd937x_real_study_20260519_062557/repos/downstream-audio-kernel-ar/asoc/codecs/wcd937x/wcd937x_slave.c:29:	struct swr_device *swr_slave;
/local/mnt/workspace/AURA_V1/evidence/wcd937x_real_study_20260519_062557/repos/downstream-audio-kernel-ar/asoc/codecs/wcd937x/wcd937x_slave.c:70:static bool is_swr_slv_reg_readable(int reg)
/local/mnt/workspace/AURA_V1/evidence/wcd937x_real_study_20260519_062557/repos/downstream-audio-kernel-ar/asoc/codecs/wcd937x/wcd937x_slave.c:100:static ssize_t wcd937x_swrslave_reg_show(struct swr_device *pdev,
/local/mnt/workspace/AURA_V1/evidence/wcd937x_real_study_20260519_062557/repos/downstream-audio-kernel-ar/asoc/codecs/wcd937x/wcd937x_slave.c:113:		if (!is_swr_slv_reg_readable(i))
/local/mnt/workspace/AURA_V1/evidence/wcd937x_real_study_20260519_062557/repos/downstream-audio-kernel-ar/asoc/codecs/wcd937x/wcd937x_slave.c:115:		swr_read(pdev, pdev->dev_num, i, &reg_val, 1);
/local/mnt/workspace/AURA_V1/evidence/wcd937x_real_study_20260519_062557/repos/downstream-audio-kernel-ar/asoc/codecs/wcd937x/wcd937x_slave.c:137:	struct swr_device *pdev;
/local/mnt/workspace/AURA_V1/evidence/wcd937x_real_study_20260519_062557/repos/downstream-audio-kernel-ar/asoc/codecs/wcd937x/wcd937x_slave.c:156:	struct swr_device *pdev = NULL;
/local/mnt/workspace/AURA_V1/evidence/wcd937x_real_study_20260519_062557/repos/downstream-audio-kernel-ar/asoc/codecs/wcd937x/wcd937x_slave.c:166:	wcd937x_slave = swr_get_dev_data(pdev);
/local/mnt/workspace/AURA_V1/evidence/wcd937x_real_study_20260519_062557/repos/downstream-audio-kernel-ar/asoc/codecs/wcd937x/wcd937x_slave.c:186:	struct swr_device *pdev = NULL;
/local/mnt/workspace/AURA_V1/evidence/wcd937x_real_study_20260519_062557/repos/downstream-audio-kernel-ar/asoc/codecs/wcd937x/wcd937x_slave.c:196:	wcd937x_slave = swr_get_dev_data(pdev);
/local/mnt/workspace/AURA_V1/evidence/wcd937x_real_study_20260519_062557/repos/downstream-audio-kernel-ar/asoc/codecs/wcd937x/wcd937x_slave.c:214:	swr_read(pdev, pdev->dev_num, param[0], &wcd937x_slave->read_data, 1);
/local/mnt/workspace/AURA_V1/evidence/wcd937x_real_study_20260519_062557/repos/downstream-audio-kernel-ar/asoc/codecs/wcd937x/wcd937x_slave.c:229:	struct swr_device *pdev;
/local/mnt/workspace/AURA_V1/evidence/wcd937x_real_study_20260519_062557/repos/downstream-audio-kernel-ar/asoc/codecs/wcd937x/wcd937x_slave.c:250:	swr_write(pdev, pdev->dev_num, param[0], &param[1]);
/local/mnt/workspace/AURA_V1/evidence/wcd937x_real_study_20260519_062557/repos/downstream-audio-kernel-ar/asoc/codecs/wcd937x/wcd937x_slave.c:282:	struct swr_device *pdev = to_swr_device(dev);
/local/mnt/workspace/AURA_V1/evidence/wcd937x_real_study_20260519_062557/repos/downstream-audio-kernel-ar/asoc/codecs/wcd937x/wcd937x_slave.c:295:	swr_set_dev_data(pdev, wcd937x_slave);
/local/mnt/workspace/AURA_V1/evidence/wcd937x_real_study_20260519_062557/repos/downstream-audio-kernel-ar/asoc/codecs/wcd937x/wcd937x_slave.c:297:	wcd937x_slave->swr_slave = pdev;
/local/mnt/workspace/AURA_V1/evidence/wcd937x_real_study_20260519_062557/repos/downstream-audio-kernel-ar/asoc/codecs/wcd937x/wcd937x_slave.c:331:        	ret = swr_get_logical_dev_num(pdev, pdev->addr, &devnum);
/local/mnt/workspace/AURA_V1/evidence/wcd937x_real_study_20260519_062557/repos/downstream-audio-kernel-ar/asoc/codecs/wcd937x/wcd937x_slave.c:337:		swr_remove_device(pdev);
/local/mnt/workspace/AURA_V1/evidence/wcd937x_real_study_20260519_062557/repos/downstream-audio-kernel-ar/asoc/codecs/wcd937x/wcd937x_slave.c:349:	struct swr_device *pdev = to_swr_device(dev);
/local/mnt/workspace/AURA_V1/evidence/wcd937x_real_study_20260519_062557/repos/downstream-audio-kernel-ar/asoc/codecs/wcd937x/wcd937x_slave.c:356:	wcd937x_slave = swr_get_dev_data(pdev);
/local/mnt/workspace/AURA_V1/evidence/wcd937x_real_study_20260519_062557/repos/downstream-audio-kernel-ar/asoc/codecs/wcd937x/wcd937x_slave.c:367:	swr_set_dev_data(pdev, NULL);
/local/mnt/workspace/AURA_V1/evidence/wcd937x_real_study_20260519_062557/repos/downstream-audio-kernel-ar/asoc/codecs/wcd937x/wcd937x_slave.c:370:static const struct swr_device_id wcd937x_swr_id[] = {
/local/mnt/workspace/AURA_V1/evidence/wcd937x_real_study_20260519_062557/repos/downstream-audio-kernel-ar/asoc/codecs/wcd937x/wcd937x_slave.c:375:static const struct of_device_id wcd937x_swr_dt_match[] = {
/local/mnt/workspace/AURA_V1/evidence/wcd937x_real_study_20260519_062557/repos/downstream-audio-kernel-ar/asoc/codecs/wcd937x/wcd937x_slave.c:387:static int wcd937x_swr_up(struct swr_device *pdev)
/local/mnt/workspace/AURA_V1/evidence/wcd937x_real_study_20260519_062557/repos/downstream-audio-kernel-ar/asoc/codecs/wcd937x/wcd937x_slave.c:392:static int wcd937x_swr_down(struct swr_device *pdev)
/local/mnt/workspace/AURA_V1/evidence/wcd937x_real_study_20260519_062557/repos/downstream-audio-kernel-ar/asoc/codecs/wcd937x/wcd937x_slave.c:397:static int wcd937x_swr_reset(struct swr_device *pdev)
/local/mnt/workspace/AURA_V1/evidence/wcd937x_real_study_20260519_062557/repos/downstream-audio-kernel-ar/asoc/codecs/wcd937x/wcd937x_slave.c:402:static int wcd937x_swr_probe(struct swr_device *pdev)
/local/mnt/workspace/AURA_V1/evidence/wcd937x_real_study_20260519_062557/repos/downstream-audio-kernel-ar/asoc/codecs/wcd937x/wcd937x_slave.c:407:static int wcd937x_swr_remove(struct swr_device *pdev)
/local/mnt/workspace/AURA_V1/evidence/wcd937x_real_study_20260519_062557/repos/downstream-audio-kernel-ar/asoc/codecs/wcd937x/wcd937x_slave.c:413:static struct swr_driver wcd937x_slave_driver = {
/local/mnt/workspace/AURA_V1/evidence/wcd937x_real_study_20260519_062557/repos/downstream-audio-kernel-ar/asoc/codecs/wcd937x/wcd937x_slave.c:417:		.of_match_table = wcd937x_swr_dt_match,
/local/mnt/workspace/AURA_V1/evidence/wcd937x_real_study_20260519_062557/repos/downstream-audio-kernel-ar/asoc/codecs/wcd937x/wcd937x_slave.c:419:	.probe = wcd937x_swr_probe,
/local/mnt/workspace/AURA_V1/evidence/wcd937x_real_study_20260519_062557/repos/downstream-audio-kernel-ar/asoc/codecs/wcd937x/wcd937x_slave.c:420:	.remove = wcd937x_swr_remove,
/local/mnt/workspace/AURA_V1/evidence/wcd937x_real_study_20260519_062557/repos/downstream-audio-kernel-ar/asoc/codecs/wcd937x/wcd937x_slave.c:421:	.id_table = wcd937x_swr_id,
/local/mnt/workspace/AURA_V1/evidence/wcd937x_real_study_20260519_062557/repos/downstream-audio-kernel-ar/asoc/codecs/wcd937x/wcd937x_slave.c:422:	.device_up = wcd937x_swr_up,
/local/mnt/workspace/AURA_V1/evidence/wcd937x_real_study_20260519_062557/repos/downstream-audio-kernel-ar/asoc/codecs/wcd937x/wcd937x_slave.c:423:	.device_down = wcd937x_swr_down,
/local/mnt/workspace/AURA_V1/evidence/wcd937x_real_study_20260519_062557/repos/downstream-audio-kernel-ar/asoc/codecs/wcd937x/wcd937x_slave.c:424:	.reset_device = wcd937x_swr_reset,
/local/mnt/workspace/AURA_V1/evidence/wcd937x_real_study_20260519_062557/repos/downstream-audio-kernel-ar/asoc/codecs/wcd937x/wcd937x_slave.c:429:	return swr_driver_register(&wcd937x_slave_driver);
/local/mnt/workspace/AURA_V1/evidence/wcd937x_real_study_20260519_062557/repos/downstream-audio-kernel-ar/asoc/codecs/wcd937x/wcd937x_slave.c:434:	swr_driver_unregister(&wcd937x_slave_driver);
/local/mnt/workspace/AURA_V1/evidence/wcd937x_real_study_20260519_062557/repos/downstream-audio-kernel-ar/asoc/codecs/wcd937x/wcd937x.c:150:	wcd937x->tx_swr_dev->slave_irq_pending =
/local/mnt/workspace/AURA_V1/evidence/wcd937x_real_study_20260519_062557/repos/downstream-audio-kernel-ar/asoc/codecs/wcd937x/wcd937x.c:238:	if (!wcd937x || !wcd937x->rx_swr_dev) {
/local/mnt/workspace/AURA_V1/evidence/wcd937x_real_study_20260519_062557/repos/downstream-audio-kernel-ar/asoc/codecs/wcd937x/wcd937x.c:243:	return wcd937x->rx_swr_dev->dev_num;
/local/mnt/workspace/AURA_V1/evidence/wcd937x_real_study_20260519_062557/repos/downstream-audio-kernel-ar/asoc/codecs/wcd937x/wcd937x.c:304:	struct swr_port_params (*map)[SWR_UC_MAX][SWR_NUM_PORTS];
/local/mnt/workspace/AURA_V1/evidence/wcd937x_real_study_20260519_062557/repos/downstream-audio-kernel-ar/asoc/codecs/wcd937x/wcd937x.c:305:	struct swr_dev_frame_config (*map_uc)[SWR_UC_MAX];
/local/mnt/workspace/AURA_V1/evidence/wcd937x_real_study_20260519_062557/repos/downstream-audio-kernel-ar/asoc/codecs/wcd937x/wcd937x.c:311:		map_uc = &wcd937x->swr_tx_port_params;
/local/mnt/workspace/AURA_V1/evidence/wcd937x_real_study_20260519_062557/repos/downstream-audio-kernel-ar/asoc/codecs/wcd937x/wcd937x.c:475:		ret = swr_connect_port(wcd937x->tx_swr_dev, &port_id,
/local/mnt/workspace/AURA_V1/evidence/wcd937x_real_study_20260519_062557/repos/downstream-audio-kernel-ar/asoc/codecs/wcd937x/wcd937x.c:479:		ret = swr_disconnect_port(wcd937x->tx_swr_dev, &port_id,
/local/mnt/workspace/AURA_V1/evidence/wcd937x_real_study_20260519_062557/repos/downstream-audio-kernel-ar/asoc/codecs/wcd937x/wcd937x.c:504:		ret = swr_connect_port(wcd937x->rx_swr_dev, &port_id,
/local/mnt/workspace/AURA_V1/evidence/wcd937x_real_study_20260519_062557/repos/downstream-audio-kernel-ar/asoc/codecs/wcd937x/wcd937x.c:508:		ret = swr_disconnect_port(wcd937x->rx_swr_dev, &port_id,
/local/mnt/workspace/AURA_V1/evidence/wcd937x_real_study_20260519_062557/repos/downstream-audio-kernel-ar/asoc/codecs/wcd937x/wcd937x.c:873:		ret = swr_slvdev_datapath_control(wcd937x->rx_swr_dev,
/local/mnt/workspace/AURA_V1/evidence/wcd937x_real_study_20260519_062557/repos/downstream-audio-kernel-ar/asoc/codecs/wcd937x/wcd937x.c:874:				    wcd937x->rx_swr_dev->dev_num,
/local/mnt/workspace/AURA_V1/evidence/wcd937x_real_study_20260519_062557/repos/downstream-audio-kernel-ar/asoc/codecs/wcd937x/wcd937x.c:972:		ret = swr_slvdev_datapath_control(wcd937x->rx_swr_dev,
/local/mnt/workspace/AURA_V1/evidence/wcd937x_real_study_20260519_062557/repos/downstream-audio-kernel-ar/asoc/codecs/wcd937x/wcd937x.c:973:				    wcd937x->rx_swr_dev->dev_num,
/local/mnt/workspace/AURA_V1/evidence/wcd937x_real_study_20260519_062557/repos/downstream-audio-kernel-ar/asoc/codecs/wcd937x/wcd937x.c:1071:		ret = swr_slvdev_datapath_control(wcd937x->rx_swr_dev,
/local/mnt/workspace/AURA_V1/evidence/wcd937x_real_study_20260519_062557/repos/downstream-audio-kernel-ar/asoc/codecs/wcd937x/wcd937x.c:1072:			    wcd937x->rx_swr_dev->dev_num,
/local/mnt/workspace/AURA_V1/evidence/wcd937x_real_study_20260519_062557/repos/downstream-audio-kernel-ar/asoc/codecs/wcd937x/wcd937x.c:1125:		ret = swr_slvdev_datapath_control(wcd937x->rx_swr_dev,
/local/mnt/workspace/AURA_V1/evidence/wcd937x_real_study_20260519_062557/repos/downstream-audio-kernel-ar/asoc/codecs/wcd937x/wcd937x.c:1126:			    wcd937x->rx_swr_dev->dev_num,
/local/mnt/workspace/AURA_V1/evidence/wcd937x_real_study_20260519_062557/repos/downstream-audio-kernel-ar/asoc/codecs/wcd937x/wcd937x.c:1219:		ret = swr_slvdev_datapath_control(
/local/mnt/workspace/AURA_V1/evidence/wcd937x_real_study_20260519_062557/repos/downstream-audio-kernel-ar/asoc/codecs/wcd937x/wcd937x.c:1220:				wcd937x->rx_swr_dev,
/local/mnt/workspace/AURA_V1/evidence/wcd937x_real_study_20260519_062557/repos/downstream-audio-kernel-ar/asoc/codecs/wcd937x/wcd937x.c:1221:				wcd937x->rx_swr_dev->dev_num,
/local/mnt/workspace/AURA_V1/evidence/wcd937x_real_study_20260519_062557/repos/downstream-audio-kernel-ar/asoc/codecs/wcd937x/wcd937x.c:1376:		ret = swr_slvdev_datapath_control(wcd937x->tx_swr_dev,
/local/mnt/workspace/AURA_V1/evidence/wcd937x_real_study_20260519_062557/repos/downstream-audio-kernel-ar/asoc/codecs/wcd937x/wcd937x.c:1377:		    wcd937x->tx_swr_dev->dev_num,
/local/mnt/workspace/AURA_V1/evidence/wcd937x_real_study_20260519_062557/repos/downstream-audio-kernel-ar/asoc/codecs/wcd937x/wcd937x.c:1483:static int wcd937x_tx_swr_ctrl(struct snd_soc_dapm_widget *w,
/local/mnt/workspace/AURA_V1/evidence/wcd937x_real_study_20260519_062557/repos/downstream-audio-kernel-ar/asoc/codecs/wcd937x/wcd937x.c:1511:		ret = swr_slvdev_datapath_control(wcd937x->tx_swr_dev,
/local/mnt/workspace/AURA_V1/evidence/wcd937x_real_study_20260519_062557/repos/downstream-audio-kernel-ar/asoc/codecs/wcd937x/wcd937x.c:1512:		    wcd937x->tx_swr_dev->dev_num,
/local/mnt/workspace/AURA_V1/evidence/wcd937x_real_study_20260519_062557/repos/downstream-audio-kernel-ar/asoc/codecs/wcd937x/wcd937x.c:1570:		ret = swr_slvdev_datapath_control(wcd937x->tx_swr_dev,
/local/mnt/workspace/AURA_V1/evidence/wcd937x_real_study_20260519_062557/repos/downstream-audio-kernel-ar/asoc/codecs/wcd937x/wcd937x.c:1571:		    wcd937x->tx_swr_dev->dev_num,
/local/mnt/workspace/AURA_V1/evidence/wcd937x_real_study_20260519_062557/repos/downstream-audio-kernel-ar/asoc/codecs/wcd937x/wcd937x.c:1799:static int wcd937x_get_logical_addr(struct swr_device *swr_dev)
/local/mnt/workspace/AURA_V1/evidence/wcd937x_real_study_20260519_062557/repos/downstream-audio-kernel-ar/asoc/codecs/wcd937x/wcd937x.c:1806:		ret = swr_get_logical_dev_num(swr_dev, swr_dev->addr, &devnum);
/local/mnt/workspace/AURA_V1/evidence/wcd937x_real_study_20260519_062557/repos/downstream-audio-kernel-ar/asoc/codecs/wcd937x/wcd937x.c:1808:			dev_err(&swr_dev->dev,
/local/mnt/workspace/AURA_V1/evidence/wcd937x_real_study_20260519_062557/repos/downstream-audio-kernel-ar/asoc/codecs/wcd937x/wcd937x.c:1810:				__func__, devnum, swr_dev->addr);
/local/mnt/workspace/AURA_V1/evidence/wcd937x_real_study_20260519_062557/repos/downstream-audio-kernel-ar/asoc/codecs/wcd937x/wcd937x.c:1815:	swr_dev->dev_num = devnum;
/local/mnt/workspace/AURA_V1/evidence/wcd937x_real_study_20260519_062557/repos/downstream-audio-kernel-ar/asoc/codecs/wcd937x/wcd937x.c:1874:		wcd937x_get_logical_addr(wcd937x->tx_swr_dev);
/local/mnt/workspace/AURA_V1/evidence/wcd937x_real_study_20260519_062557/repos/downstream-audio-kernel-ar/asoc/codecs/wcd937x/wcd937x.c:1875:		wcd937x_get_logical_addr(wcd937x->rx_swr_dev);
/local/mnt/workspace/AURA_V1/evidence/wcd937x_real_study_20260519_062557/repos/downstream-audio-kernel-ar/asoc/codecs/wcd937x/wcd937x.c:2299:	if (idx < 0 || idx >= ARRAY_SIZE(wcd937x_swr_master_ch_map))
/local/mnt/workspace/AURA_V1/evidence/wcd937x_real_study_20260519_062557/repos/downstream-audio-kernel-ar/asoc/codecs/wcd937x/wcd937x.c:2514:				wcd937x_tx_swr_ctrl, SND_SOC_DAPM_PRE_PMU |
/local/mnt/workspace/AURA_V1/evidence/wcd937x_real_study_20260519_062557/repos/downstream-audio-kernel-ar/asoc/codecs/wcd937x/wcd937x.c:2518:				wcd937x_tx_swr_ctrl, SND_SOC_DAPM_PRE_PMU |
/local/mnt/workspace/AURA_V1/evidence/wcd937x_real_study_20260519_062557/repos/downstream-audio-kernel-ar/asoc/codecs/wcd937x/wcd937x.c:2665:				wcd937x_tx_swr_ctrl, SND_SOC_DAPM_PRE_PMU |
/local/mnt/workspace/AURA_V1/evidence/wcd937x_real_study_20260519_062557/repos/downstream-audio-kernel-ar/asoc/codecs/wcd937x/wcd937x.c:2669:				wcd937x_tx_swr_ctrl, SND_SOC_DAPM_PRE_PMU |
/local/mnt/workspace/AURA_V1/evidence/wcd937x_real_study_20260519_062557/repos/downstream-audio-kernel-ar/asoc/codecs/wcd937x/wcd937x.c:2673:				wcd937x_tx_swr_ctrl, SND_SOC_DAPM_PRE_PMU |
/local/mnt/workspace/AURA_V1/evidence/wcd937x_real_study_20260519_062557/repos/downstream-audio-kernel-ar/asoc/codecs/wcd937x/wcd937x.c:2677:				wcd937x_tx_swr_ctrl, SND_SOC_DAPM_PRE_PMU |
/local/mnt/workspace/AURA_V1/evidence/wcd937x_real_study_20260519_062557/repos/downstream-audio-kernel-ar/asoc/codecs/wcd937x/wcd937x.c:2681:				wcd937x_tx_swr_ctrl, SND_SOC_DAPM_PRE_PMU |
/local/mnt/workspace/AURA_V1/evidence/wcd937x_real_study_20260519_062557/repos/downstream-audio-kernel-ar/asoc/codecs/wcd937x/wcd937x.c:2685:				wcd937x_tx_swr_ctrl, SND_SOC_DAPM_PRE_PMU |
/local/mnt/workspace/AURA_V1/evidence/wcd937x_real_study_20260519_062557/repos/downstream-audio-kernel-ar/asoc/codecs/wcd937x/wcd937x.c:2688:				ARRAY_SIZE(adc3_switch), wcd937x_tx_swr_ctrl,
/local/mnt/workspace/AURA_V1/evidence/wcd937x_real_study_20260519_062557/repos/downstream-audio-kernel-ar/asoc/codecs/wcd937x/wcd937x.c:3044:	devm_regmap_qti_debugfs_register(&wcd937x->tx_swr_dev->dev, wcd937x->regmap);
/local/mnt/workspace/AURA_V1/evidence/wcd937x_real_study_20260519_062557/repos/downstream-audio-kernel-ar/asoc/codecs/wcd937x/wcd937x.c:3396:	if (!priv->tx_swr_dev) {
/local/mnt/workspace/AURA_V1/evidence/wcd937x_real_study_20260519_062557/repos/downstream-audio-kernel-ar/asoc/codecs/wcd937x/wcd937x.c:3401:		return swr_device_wakeup_vote(priv->tx_swr_dev);
/local/mnt/workspace/AURA_V1/evidence/wcd937x_real_study_20260519_062557/repos/downstream-audio-kernel-ar/asoc/codecs/wcd937x/wcd937x.c:3403:		return swr_device_wakeup_unvote(priv->tx_swr_dev);
/local/mnt/workspace/AURA_V1/evidence/wcd937x_real_study_20260519_062557/repos/downstream-audio-kernel-ar/asoc/codecs/wcd937x/wcd937x.c:3499:	ret = wcd937x_parse_port_mapping(dev, "qcom,rx_swr_ch_map", CODEC_RX);
/local/mnt/workspace/AURA_V1/evidence/wcd937x_real_study_20260519_062557/repos/downstream-audio-kernel-ar/asoc/codecs/wcd937x/wcd937x.c:3500:	ret |= wcd937x_parse_port_mapping(dev, "qcom,tx_swr_ch_map", CODEC_TX);
/local/mnt/workspace/AURA_V1/evidence/wcd937x_real_study_20260519_062557/repos/downstream-audio-kernel-ar/asoc/codecs/wcd937x/wcd937x.c:3514:	wcd937x->rx_swr_dev = get_matching_swr_slave_device(pdata->rx_slave);
/local/mnt/workspace/AURA_V1/evidence/wcd937x_real_study_20260519_062557/repos/downstream-audio-kernel-ar/asoc/codecs/wcd937x/wcd937x.c:3515:	if (!wcd937x->rx_swr_dev) {
/local/mnt/workspace/AURA_V1/evidence/wcd937x_real_study_20260519_062557/repos/downstream-audio-kernel-ar/asoc/codecs/wcd937x/wcd937x.c:3522:	wcd937x->tx_swr_dev = get_matching_swr_slave_device(pdata->tx_slave);
/local/mnt/workspace/AURA_V1/evidence/wcd937x_real_study_20260519_062557/repos/downstream-audio-kernel-ar/asoc/codecs/wcd937x/wcd937x.c:3523:	if (!wcd937x->tx_swr_dev) {
/local/mnt/workspace/AURA_V1/evidence/wcd937x_real_study_20260519_062557/repos/downstream-audio-kernel-ar/asoc/codecs/wcd937x/wcd937x.c:3529:	swr_init_port_params(wcd937x->tx_swr_dev, SWR_NUM_PORTS,
/local/mnt/workspace/AURA_V1/evidence/wcd937x_real_study_20260519_062557/repos/downstream-audio-kernel-ar/asoc/codecs/wcd937x/wcd937x.c:3530:			     wcd937x->swr_tx_port_params);
/local/mnt/workspace/AURA_V1/evidence/wcd937x_real_study_20260519_062557/repos/downstream-audio-kernel-ar/asoc/codecs/wcd937x/wcd937x.c:3532:	wcd937x->regmap = devm_regmap_init_swr(wcd937x->tx_swr_dev,
/local/mnt/workspace/AURA_V1/evidence/wcd937x_real_study_20260519_062557/repos/downstream-audio-kernel-ar/asoc/codecs/wcd937x/wcd937x.c:3557:	wcd937x->tx_swr_dev->slave_irq = wcd937x->virq;
/local/mnt/workspace/AURA_V1/evidence/wcd937x_real_study_20260519_062557/repos/downstream-audio-kernel-ar/asoc/codecs/wcd937x/wcd937x.h:16:struct wcd937x_swr_slave_ch_map {
/local/mnt/workspace/AURA_V1/evidence/wcd937x_real_study_20260519_062557/repos/downstream-audio-kernel-ar/asoc/codecs/wcd937x/wcd937x.h:21:static const struct wcd937x_swr_slave_ch_map wcd937x_swr_slv_tx_ch_idx[] = {
/local/mnt/workspace/AURA_V1/evidence/wcd937x_real_study_20260519_062557/repos/downstream-audio-kernel-ar/asoc/codecs/wcd937x/wcd937x.h:34:static int wcd937x_swr_master_ch_map[] = {
/local/mnt/workspace/AURA_V1/evidence/wcd937x_real_study_20260519_062557/repos/downstream-audio-kernel-ar/asoc/codecs/wcd937x/wcd937x.h:61:		if (ch == wcd937x_swr_master_ch_map[i])
/local/mnt/workspace/AURA_V1/evidence/wcd937x_real_study_20260519_062557/repos/downstream-audio-kernel-ar/asoc/codecs/wcd937x/wcd937x.h:68:	return wcd937x_swr_master_ch_map[idx];
/local/mnt/workspace/AURA_V1/evidence/wcd937x_real_study_20260519_062557/repos/downstream-audio-kernel-ar/asoc/codecs/wcd937x/wcd937x.h:76:		if (ch == wcd937x_swr_slv_tx_ch_idx[i].ch_type)
/local/mnt/workspace/AURA_V1/evidence/wcd937x_real_study_20260519_062557/repos/downstream-audio-kernel-ar/asoc/codecs/wcd937x/wcd937x.h:77:			return wcd937x_swr_slv_tx_ch_idx[i].index;
/local/mnt/workspace/AURA_V1/evidence/wcd937x_real_study_20260519_062557/repos/downstream-audio-kernel-ar/asoc/codecs/wcd937x/internal.h:44:	struct swr_device *rx_swr_dev;
/local/mnt/workspace/AURA_V1/evidence/wcd937x_real_study_20260519_062557/repos/downstream-audio-kernel-ar/asoc/codecs/wcd937x/internal.h:45:	struct swr_device *tx_swr_dev;
/local/mnt/workspace/AURA_V1/evidence/wcd937x_real_study_20260519_062557/repos/downstream-audio-kernel-ar/asoc/codecs/wcd937x/internal.h:80:	struct swr_port_params tx_port_params[SWR_UC_MAX][SWR_NUM_PORTS];
/local/mnt/workspace/AURA_V1/evidence/wcd937x_real_study_20260519_062557/repos/downstream-audio-kernel-ar/asoc/codecs/wcd937x/internal.h:81:	struct swr_dev_frame_config swr_tx_port_params[SWR_UC_MAX];
/local/mnt/workspace/AURA_V1/evidence/wcd937x_real_study_20260519_062557/repos/downstream-audio-kernel-ar/asoc/codecs/qmp1000/qmp-aggregator.h:12:		void *qmp_private_data, struct swr_device *sdev,
/local/mnt/workspace/AURA_V1/evidence/wcd937x_real_study_20260519_062557/repos/downstream-audio-kernel-ar/asoc/codecs/qmp1000/qmp-aggregator.c:41:	struct swr_device *peripheral;
/local/mnt/workspace/AURA_V1/evidence/wcd937x_real_study_20260519_062557/repos/downstream-audio-kernel-ar/asoc/codecs/qmp1000/qmp-aggregator.c:213:		void *slave_priv_data, struct swr_device *peripheral,
/local/mnt/workspace/AURA_V1/evidence/wcd937x_real_study_20260519_062557/repos/downstream-audio-kernel-ar/asoc/codecs/qmp1000/qmp-aggregator.c:494:	 * swr_connect_port( ) gets called otherwise skip connect port.
/local/mnt/workspace/AURA_V1/evidence/wcd937x_real_study_20260519_062557/repos/downstream-audio-kernel-ar/asoc/codecs/qmp1000/qmp-aggregator.c:502:		rc = swr_connect_port(ch->peripheral, &ch->s_dp, 1, &ch_mask,
/local/mnt/workspace/AURA_V1/evidence/wcd937x_real_study_20260519_062557/repos/downstream-audio-kernel-ar/asoc/codecs/qmp1000/qmp-aggregator.c:526:			rc = swr_slvdev_datapath_control(enable_pending_ch->peripheral,
/local/mnt/workspace/AURA_V1/evidence/wcd937x_real_study_20260519_062557/repos/downstream-audio-kernel-ar/asoc/codecs/qmp1000/qmp-aggregator.c:580:		rc = swr_disconnect_port(ch->peripheral, &ch->s_dp, 1, &ch_mask, &port_type);
/local/mnt/workspace/AURA_V1/evidence/wcd937x_real_study_20260519_062557/repos/downstream-audio-kernel-ar/asoc/codecs/qmp1000/qmp-aggregator.c:592:			rc = swr_slvdev_datapath_control(disable_pending_ch->peripheral,
/local/mnt/workspace/AURA_V1/evidence/wcd937x_real_study_20260519_062557/repos/downstream-audio-kernel-ar/asoc/codecs/qmp1000/qmp-dmic.c:95:	struct swr_device *swr_slave;
/local/mnt/workspace/AURA_V1/evidence/wcd937x_real_study_20260519_062557/repos/downstream-audio-kernel-ar/asoc/codecs/qmp1000/qmp-dmic.c:102:	struct swr_port_params tx_port_params[SWR_UC_MAX][QMP_SDCA_DMIC_MAX_PORTS];
/local/mnt/workspace/AURA_V1/evidence/wcd937x_real_study_20260519_062557/repos/downstream-audio-kernel-ar/asoc/codecs/qmp1000/qmp-dmic.c:103:	struct swr_dev_frame_config swr_tx_port_params[SWR_UC_MAX];
/local/mnt/workspace/AURA_V1/evidence/wcd937x_real_study_20260519_062557/repos/downstream-audio-kernel-ar/asoc/codecs/qmp1000/qmp-dmic.c:244:	swr_init_port_params(qmp->swr_slave, QMP_SDCA_DMIC_MAX_PORTS,

## pattern: SWR_
/local/mnt/workspace/AURA_V1/evidence/wcd937x_real_study_20260519_062557/repos/downstream-audio-kernel-ar/asoc/codecs/wcd937x/wcd937x_slave.c:14:#define SWR_MAX_RETRY 5
/local/mnt/workspace/AURA_V1/evidence/wcd937x_real_study_20260519_062557/repos/downstream-audio-kernel-ar/asoc/codecs/wcd937x/wcd937x_slave.c:19:#define SWR_SLV_MAX_REG_ADDR    0x2009
/local/mnt/workspace/AURA_V1/evidence/wcd937x_real_study_20260519_062557/repos/downstream-audio-kernel-ar/asoc/codecs/wcd937x/wcd937x_slave.c:20:#define SWR_SLV_START_REG_ADDR  0x40
/local/mnt/workspace/AURA_V1/evidence/wcd937x_real_study_20260519_062557/repos/downstream-audio-kernel-ar/asoc/codecs/wcd937x/wcd937x_slave.c:21:#define SWR_SLV_MAX_BUF_LEN     20
/local/mnt/workspace/AURA_V1/evidence/wcd937x_real_study_20260519_062557/repos/downstream-audio-kernel-ar/asoc/codecs/wcd937x/wcd937x_slave.c:23:#define SWR_SLV_RD_BUF_LEN      8
/local/mnt/workspace/AURA_V1/evidence/wcd937x_real_study_20260519_062557/repos/downstream-audio-kernel-ar/asoc/codecs/wcd937x/wcd937x_slave.c:24:#define SWR_SLV_WR_BUF_LEN      32
/local/mnt/workspace/AURA_V1/evidence/wcd937x_real_study_20260519_062557/repos/downstream-audio-kernel-ar/asoc/codecs/wcd937x/wcd937x_slave.c:25:#define SWR_SLV_MAX_DEVICES     2
/local/mnt/workspace/AURA_V1/evidence/wcd937x_real_study_20260519_062557/repos/downstream-audio-kernel-ar/asoc/codecs/wcd937x/wcd937x_slave.c:106:	char tmp_buf[SWR_SLV_MAX_BUF_LEN];
/local/mnt/workspace/AURA_V1/evidence/wcd937x_real_study_20260519_062557/repos/downstream-audio-kernel-ar/asoc/codecs/wcd937x/wcd937x_slave.c:111:	for (i = (((int) *ppos/BYTES_PER_LINE) + SWR_SLV_START_REG_ADDR);
/local/mnt/workspace/AURA_V1/evidence/wcd937x_real_study_20260519_062557/repos/downstream-audio-kernel-ar/asoc/codecs/wcd937x/wcd937x_slave.c:112:		i <= SWR_SLV_MAX_REG_ADDR; i++) {
/local/mnt/workspace/AURA_V1/evidence/wcd937x_real_study_20260519_062557/repos/downstream-audio-kernel-ar/asoc/codecs/wcd937x/wcd937x_slave.c:130:	*ppos = SWR_SLV_MAX_REG_ADDR * BYTES_PER_LINE;
/local/mnt/workspace/AURA_V1/evidence/wcd937x_real_study_20260519_062557/repos/downstream-audio-kernel-ar/asoc/codecs/wcd937x/wcd937x_slave.c:155:	char lbuf[SWR_SLV_RD_BUF_LEN];
/local/mnt/workspace/AURA_V1/evidence/wcd937x_real_study_20260519_062557/repos/downstream-audio-kernel-ar/asoc/codecs/wcd937x/wcd937x_slave.c:183:	char lbuf[SWR_SLV_WR_BUF_LEN];
/local/mnt/workspace/AURA_V1/evidence/wcd937x_real_study_20260519_062557/repos/downstream-audio-kernel-ar/asoc/codecs/wcd937x/wcd937x_slave.c:212:	if (!((param[0] <= SWR_SLV_MAX_REG_ADDR) && (rc == 0)))
/local/mnt/workspace/AURA_V1/evidence/wcd937x_real_study_20260519_062557/repos/downstream-audio-kernel-ar/asoc/codecs/wcd937x/wcd937x_slave.c:226:	char lbuf[SWR_SLV_WR_BUF_LEN];
/local/mnt/workspace/AURA_V1/evidence/wcd937x_real_study_20260519_062557/repos/downstream-audio-kernel-ar/asoc/codecs/wcd937x/wcd937x_slave.c:247:	if (!((param[0] <= SWR_SLV_MAX_REG_ADDR) &&
/local/mnt/workspace/AURA_V1/evidence/wcd937x_real_study_20260519_062557/repos/downstream-audio-kernel-ar/asoc/codecs/wcd937x/wcd937x_slave.c:283:	int retry = SWR_MAX_RETRY;
/local/mnt/workspace/AURA_V1/evidence/wcd937x_real_study_20260519_062557/repos/downstream-audio-kernel-ar/asoc/codecs/wcd937x/wcd937x-tables.c:243:	[WCD937X_REG(WCD937X_DIGITAL_SWR_RST_EN)] = RD_WR_REG,
/local/mnt/workspace/AURA_V1/evidence/wcd937x_real_study_20260519_062557/repos/downstream-audio-kernel-ar/asoc/codecs/wcd937x/wcd937x-tables.c:312:	[WCD937X_REG(WCD937X_DIGITAL_CDC_SWR_CLH)] = RD_WR_REG,
/local/mnt/workspace/AURA_V1/evidence/wcd937x_real_study_20260519_062557/repos/downstream-audio-kernel-ar/asoc/codecs/wcd937x/wcd937x-tables.c:313:	[WCD937X_REG(WCD937X_DIGITAL_SWR_CLH_BYP)] = RD_WR_REG,
/local/mnt/workspace/AURA_V1/evidence/wcd937x_real_study_20260519_062557/repos/downstream-audio-kernel-ar/asoc/codecs/wcd937x/wcd937x-tables.c:357:	[WCD937X_REG(WCD937X_DIGITAL_SWR_DAC_TEST)] = RD_WR_REG,
/local/mnt/workspace/AURA_V1/evidence/wcd937x_real_study_20260519_062557/repos/downstream-audio-kernel-ar/asoc/codecs/wcd937x/wcd937x-tables.c:358:	[WCD937X_REG(WCD937X_DIGITAL_SWR_HM_TEST_RX_0)] = RD_WR_REG,
/local/mnt/workspace/AURA_V1/evidence/wcd937x_real_study_20260519_062557/repos/downstream-audio-kernel-ar/asoc/codecs/wcd937x/wcd937x-tables.c:359:	[WCD937X_REG(WCD937X_DIGITAL_SWR_HM_TEST_TX_0)] = RD_WR_REG,
/local/mnt/workspace/AURA_V1/evidence/wcd937x_real_study_20260519_062557/repos/downstream-audio-kernel-ar/asoc/codecs/wcd937x/wcd937x-tables.c:360:	[WCD937X_REG(WCD937X_DIGITAL_SWR_HM_TEST_RX_1)] = RD_WR_REG,
/local/mnt/workspace/AURA_V1/evidence/wcd937x_real_study_20260519_062557/repos/downstream-audio-kernel-ar/asoc/codecs/wcd937x/wcd937x-tables.c:361:	[WCD937X_REG(WCD937X_DIGITAL_SWR_HM_TEST_TX_1)] = RD_WR_REG,
/local/mnt/workspace/AURA_V1/evidence/wcd937x_real_study_20260519_062557/repos/downstream-audio-kernel-ar/asoc/codecs/wcd937x/wcd937x-tables.c:362:	[WCD937X_REG(WCD937X_DIGITAL_SWR_HM_TEST)] = RD_WR_REG,
/local/mnt/workspace/AURA_V1/evidence/wcd937x_real_study_20260519_062557/repos/downstream-audio-kernel-ar/asoc/codecs/wcd937x/wcd937x.c:304:	struct swr_port_params (*map)[SWR_UC_MAX][SWR_NUM_PORTS];
/local/mnt/workspace/AURA_V1/evidence/wcd937x_real_study_20260519_062557/repos/downstream-audio-kernel-ar/asoc/codecs/wcd937x/wcd937x.c:305:	struct swr_dev_frame_config (*map_uc)[SWR_UC_MAX];
/local/mnt/workspace/AURA_V1/evidence/wcd937x_real_study_20260519_062557/repos/downstream-audio-kernel-ar/asoc/codecs/wcd937x/wcd937x.c:325:	max_uc = map_size / (SWR_NUM_PORTS * SWR_PORT_PARAMS * sizeof(u32));
/local/mnt/workspace/AURA_V1/evidence/wcd937x_real_study_20260519_062557/repos/downstream-audio-kernel-ar/asoc/codecs/wcd937x/wcd937x.c:327:	if (max_uc != SWR_UC_MAX) {
/local/mnt/workspace/AURA_V1/evidence/wcd937x_real_study_20260519_062557/repos/downstream-audio-kernel-ar/asoc/codecs/wcd937x/wcd937x.c:340:				SWR_NUM_PORTS * SWR_PORT_PARAMS * max_uc);
/local/mnt/workspace/AURA_V1/evidence/wcd937x_real_study_20260519_062557/repos/downstream-audio-kernel-ar/asoc/codecs/wcd937x/wcd937x.c:348:		for (j = 0; j < SWR_NUM_PORTS; j++) {
/local/mnt/workspace/AURA_V1/evidence/wcd937x_real_study_20260519_062557/repos/downstream-audio-kernel-ar/asoc/codecs/wcd937x/wcd937x.c:349:			cnt = (i * SWR_NUM_PORTS + j) * SWR_PORT_PARAMS;
/local/mnt/workspace/AURA_V1/evidence/wcd937x_real_study_20260519_062557/repos/downstream-audio-kernel-ar/asoc/codecs/wcd937x/wcd937x.c:3529:	swr_init_port_params(wcd937x->tx_swr_dev, SWR_NUM_PORTS,
/local/mnt/workspace/AURA_V1/evidence/wcd937x_real_study_20260519_062557/repos/downstream-audio-kernel-ar/asoc/codecs/wcd937x/wcd937x-registers.h:255:#define WCD937X_DIGITAL_SWR_RST_EN                  (WCD937X_BASE_ADDRESS+0x40A)
/local/mnt/workspace/AURA_V1/evidence/wcd937x_real_study_20260519_062557/repos/downstream-audio-kernel-ar/asoc/codecs/wcd937x/wcd937x-registers.h:324:#define WCD937X_DIGITAL_CDC_SWR_CLH                 (WCD937X_BASE_ADDRESS+0x451)
/local/mnt/workspace/AURA_V1/evidence/wcd937x_real_study_20260519_062557/repos/downstream-audio-kernel-ar/asoc/codecs/wcd937x/wcd937x-registers.h:325:#define WCD937X_DIGITAL_SWR_CLH_BYP                 (WCD937X_BASE_ADDRESS+0x452)
/local/mnt/workspace/AURA_V1/evidence/wcd937x_real_study_20260519_062557/repos/downstream-audio-kernel-ar/asoc/codecs/wcd937x/wcd937x-registers.h:369:#define WCD937X_DIGITAL_SWR_DAC_TEST                (WCD937X_BASE_ADDRESS+0x484)
/local/mnt/workspace/AURA_V1/evidence/wcd937x_real_study_20260519_062557/repos/downstream-audio-kernel-ar/asoc/codecs/wcd937x/wcd937x-registers.h:370:#define WCD937X_DIGITAL_SWR_HM_TEST_RX_0            (WCD937X_BASE_ADDRESS+0x485)
/local/mnt/workspace/AURA_V1/evidence/wcd937x_real_study_20260519_062557/repos/downstream-audio-kernel-ar/asoc/codecs/wcd937x/wcd937x-registers.h:371:#define WCD937X_DIGITAL_SWR_HM_TEST_TX_0            (WCD937X_BASE_ADDRESS+0x491)
/local/mnt/workspace/AURA_V1/evidence/wcd937x_real_study_20260519_062557/repos/downstream-audio-kernel-ar/asoc/codecs/wcd937x/wcd937x-registers.h:372:#define WCD937X_DIGITAL_SWR_HM_TEST_RX_1            (WCD937X_BASE_ADDRESS+0x492)
/local/mnt/workspace/AURA_V1/evidence/wcd937x_real_study_20260519_062557/repos/downstream-audio-kernel-ar/asoc/codecs/wcd937x/wcd937x-registers.h:373:#define WCD937X_DIGITAL_SWR_HM_TEST_TX_1            (WCD937X_BASE_ADDRESS+0x493)
/local/mnt/workspace/AURA_V1/evidence/wcd937x_real_study_20260519_062557/repos/downstream-audio-kernel-ar/asoc/codecs/wcd937x/wcd937x-registers.h:374:#define WCD937X_DIGITAL_SWR_HM_TEST                 (WCD937X_BASE_ADDRESS+0x494)
/local/mnt/workspace/AURA_V1/evidence/wcd937x_real_study_20260519_062557/repos/downstream-audio-kernel-ar/asoc/codecs/wcd937x/wcd937x-regmap.c:247:	{ WCD937X_DIGITAL_SWR_RST_EN,             0x00 },
/local/mnt/workspace/AURA_V1/evidence/wcd937x_real_study_20260519_062557/repos/downstream-audio-kernel-ar/asoc/codecs/wcd937x/wcd937x-regmap.c:316:	{ WCD937X_DIGITAL_CDC_SWR_CLH,            0x00 },
/local/mnt/workspace/AURA_V1/evidence/wcd937x_real_study_20260519_062557/repos/downstream-audio-kernel-ar/asoc/codecs/wcd937x/wcd937x-regmap.c:317:	{ WCD937X_DIGITAL_SWR_CLH_BYP,            0x00 },
/local/mnt/workspace/AURA_V1/evidence/wcd937x_real_study_20260519_062557/repos/downstream-audio-kernel-ar/asoc/codecs/wcd937x/wcd937x-regmap.c:361:	{ WCD937X_DIGITAL_SWR_DAC_TEST,           0x00 },
/local/mnt/workspace/AURA_V1/evidence/wcd937x_real_study_20260519_062557/repos/downstream-audio-kernel-ar/asoc/codecs/wcd937x/wcd937x-regmap.c:362:	{ WCD937X_DIGITAL_SWR_HM_TEST_RX_0,       0x40 },
/local/mnt/workspace/AURA_V1/evidence/wcd937x_real_study_20260519_062557/repos/downstream-audio-kernel-ar/asoc/codecs/wcd937x/wcd937x-regmap.c:363:	{ WCD937X_DIGITAL_SWR_HM_TEST_TX_0,       0x40 },
/local/mnt/workspace/AURA_V1/evidence/wcd937x_real_study_20260519_062557/repos/downstream-audio-kernel-ar/asoc/codecs/wcd937x/wcd937x-regmap.c:364:	{ WCD937X_DIGITAL_SWR_HM_TEST_RX_1,       0x00 },
/local/mnt/workspace/AURA_V1/evidence/wcd937x_real_study_20260519_062557/repos/downstream-audio-kernel-ar/asoc/codecs/wcd937x/wcd937x-regmap.c:365:	{ WCD937X_DIGITAL_SWR_HM_TEST_TX_1,       0x00 },
/local/mnt/workspace/AURA_V1/evidence/wcd937x_real_study_20260519_062557/repos/downstream-audio-kernel-ar/asoc/codecs/wcd937x/wcd937x-regmap.c:366:	{ WCD937X_DIGITAL_SWR_HM_TEST,            0x00 },
/local/mnt/workspace/AURA_V1/evidence/wcd937x_real_study_20260519_062557/repos/downstream-audio-kernel-ar/asoc/codecs/wcd937x/internal.h:23:#define SWR_NUM_PORTS 4
/local/mnt/workspace/AURA_V1/evidence/wcd937x_real_study_20260519_062557/repos/downstream-audio-kernel-ar/asoc/codecs/wcd937x/internal.h:80:	struct swr_port_params tx_port_params[SWR_UC_MAX][SWR_NUM_PORTS];
/local/mnt/workspace/AURA_V1/evidence/wcd937x_real_study_20260519_062557/repos/downstream-audio-kernel-ar/asoc/codecs/wcd937x/internal.h:81:	struct swr_dev_frame_config swr_tx_port_params[SWR_UC_MAX];
/local/mnt/workspace/AURA_V1/evidence/wcd937x_real_study_20260519_062557/repos/downstream-audio-kernel-ar/include/asoc/wcd934x_registers.h:1324:#define WCD934X_SWR_AHB_BRIDGE_WR_DATA_0                   0x0c85
/local/mnt/workspace/AURA_V1/evidence/wcd937x_real_study_20260519_062557/repos/downstream-audio-kernel-ar/include/asoc/wcd934x_registers.h:1325:#define WCD934X_SWR_AHB_BRIDGE_WR_DATA_1                   0x0c86
/local/mnt/workspace/AURA_V1/evidence/wcd937x_real_study_20260519_062557/repos/downstream-audio-kernel-ar/include/asoc/wcd934x_registers.h:1326:#define WCD934X_SWR_AHB_BRIDGE_WR_DATA_2                   0x0c87
/local/mnt/workspace/AURA_V1/evidence/wcd937x_real_study_20260519_062557/repos/downstream-audio-kernel-ar/include/asoc/wcd934x_registers.h:1327:#define WCD934X_SWR_AHB_BRIDGE_WR_DATA_3                   0x0c88
/local/mnt/workspace/AURA_V1/evidence/wcd937x_real_study_20260519_062557/repos/downstream-audio-kernel-ar/include/asoc/wcd934x_registers.h:1328:#define WCD934X_SWR_AHB_BRIDGE_WR_ADDR_0                   0x0c89
/local/mnt/workspace/AURA_V1/evidence/wcd937x_real_study_20260519_062557/repos/downstream-audio-kernel-ar/include/asoc/wcd934x_registers.h:1329:#define WCD934X_SWR_AHB_BRIDGE_WR_ADDR_1                   0x0c8a
/local/mnt/workspace/AURA_V1/evidence/wcd937x_real_study_20260519_062557/repos/downstream-audio-kernel-ar/include/asoc/wcd934x_registers.h:1330:#define WCD934X_SWR_AHB_BRIDGE_WR_ADDR_2                   0x0c8b
/local/mnt/workspace/AURA_V1/evidence/wcd937x_real_study_20260519_062557/repos/downstream-audio-kernel-ar/include/asoc/wcd934x_registers.h:1331:#define WCD934X_SWR_AHB_BRIDGE_WR_ADDR_3                   0x0c8c
/local/mnt/workspace/AURA_V1/evidence/wcd937x_real_study_20260519_062557/repos/downstream-audio-kernel-ar/include/asoc/wcd934x_registers.h:1332:#define WCD934X_SWR_AHB_BRIDGE_RD_ADDR_0                   0x0c8d
/local/mnt/workspace/AURA_V1/evidence/wcd937x_real_study_20260519_062557/repos/downstream-audio-kernel-ar/include/asoc/wcd934x_registers.h:1333:#define WCD934X_SWR_AHB_BRIDGE_RD_ADDR_1                   0x0c8e
/local/mnt/workspace/AURA_V1/evidence/wcd937x_real_study_20260519_062557/repos/downstream-audio-kernel-ar/include/asoc/wcd934x_registers.h:1334:#define WCD934X_SWR_AHB_BRIDGE_RD_ADDR_2                   0x0c8f
/local/mnt/workspace/AURA_V1/evidence/wcd937x_real_study_20260519_062557/repos/downstream-audio-kernel-ar/include/asoc/wcd934x_registers.h:1335:#define WCD934X_SWR_AHB_BRIDGE_RD_ADDR_3                   0x0c90
/local/mnt/workspace/AURA_V1/evidence/wcd937x_real_study_20260519_062557/repos/downstream-audio-kernel-ar/include/asoc/wcd934x_registers.h:1336:#define WCD934X_SWR_AHB_BRIDGE_RD_DATA_0                   0x0c91
/local/mnt/workspace/AURA_V1/evidence/wcd937x_real_study_20260519_062557/repos/downstream-audio-kernel-ar/include/asoc/wcd934x_registers.h:1337:#define WCD934X_SWR_AHB_BRIDGE_RD_DATA_1                   0x0c92
/local/mnt/workspace/AURA_V1/evidence/wcd937x_real_study_20260519_062557/repos/downstream-audio-kernel-ar/include/asoc/wcd934x_registers.h:1338:#define WCD934X_SWR_AHB_BRIDGE_RD_DATA_2                   0x0c93
/local/mnt/workspace/AURA_V1/evidence/wcd937x_real_study_20260519_062557/repos/downstream-audio-kernel-ar/include/asoc/wcd934x_registers.h:1339:#define WCD934X_SWR_AHB_BRIDGE_RD_DATA_3                   0x0c94
/local/mnt/workspace/AURA_V1/evidence/wcd937x_real_study_20260519_062557/repos/downstream-audio-kernel-ar/include/asoc/wcd934x_registers.h:1340:#define WCD934X_SWR_AHB_BRIDGE_ACCESS_CFG                  0x0c95
/local/mnt/workspace/AURA_V1/evidence/wcd937x_real_study_20260519_062557/repos/downstream-audio-kernel-ar/include/asoc/wcd934x_registers.h:1341:#define WCD934X_SWR_AHB_BRIDGE_ACCESS_STATUS               0x0c96
/local/mnt/workspace/AURA_V1/evidence/wcd937x_real_study_20260519_062557/repos/downstream-audio-kernel-ar/include/asoc/wcd934x_registers.h:1442:#define WCD934X_CDC_CLK_RST_CTRL_SWR_CONTROL               0x0d43
/local/mnt/workspace/AURA_V1/evidence/wcd937x_real_study_20260519_062557/repos/downstream-audio-kernel-ar/include/asoc/wcd934x_registers.h:1752:#define WCD934X_TLMM_SWR_DATA_PINCFG                       0x8005
/local/mnt/workspace/AURA_V1/evidence/wcd937x_real_study_20260519_062557/repos/downstream-audio-kernel-ar/include/asoc/wcd934x_registers.h:1753:#define WCD934X_TLMM_SWR_CLK_PINCFG                        0x8006
/local/mnt/workspace/AURA_V1/evidence/wcd937x_real_study_20260519_062557/repos/downstream-audio-kernel-ar/asoc/codecs/qmp1000/qmp-dmic.c:102:	struct swr_port_params tx_port_params[SWR_UC_MAX][QMP_SDCA_DMIC_MAX_PORTS];
/local/mnt/workspace/AURA_V1/evidence/wcd937x_real_study_20260519_062557/repos/downstream-audio-kernel-ar/asoc/codecs/qmp1000/qmp-dmic.c:103:	struct swr_dev_frame_config swr_tx_port_params[SWR_UC_MAX];
/local/mnt/workspace/AURA_V1/evidence/wcd937x_real_study_20260519_062557/repos/downstream-audio-kernel-ar/asoc/codecs/qmp1000/qmp-dmic.c:241:	for (int i = 0; i < SWR_UC_MAX; ++i)
/local/mnt/workspace/AURA_V1/evidence/wcd937x_real_study_20260519_062557/repos/downstream-audio-kernel-ar/asoc/codecs/qmp1000/qmp-dmic.c:1079:	struct swr_port_params (*map)[SWR_UC_MAX][QMP_SDCA_DMIC_MAX_PORTS];
/local/mnt/workspace/AURA_V1/evidence/wcd937x_real_study_20260519_062557/repos/downstream-audio-kernel-ar/asoc/codecs/qmp1000/qmp-dmic.c:1080:	struct swr_dev_frame_config (*map_uc)[SWR_UC_MAX];
/local/mnt/workspace/AURA_V1/evidence/wcd937x_real_study_20260519_062557/repos/downstream-audio-kernel-ar/asoc/codecs/qmp1000/qmp-dmic.c:1092:	max_uc = map_size / (QMP_SDCA_DMIC_MAX_PORTS * SWR_PORT_PARAMS * sizeof(u32));
/local/mnt/workspace/AURA_V1/evidence/wcd937x_real_study_20260519_062557/repos/downstream-audio-kernel-ar/asoc/codecs/qmp1000/qmp-dmic.c:1094:	if (max_uc != SWR_UC_MAX) {
/local/mnt/workspace/AURA_V1/evidence/wcd937x_real_study_20260519_062557/repos/downstream-audio-kernel-ar/asoc/codecs/qmp1000/qmp-dmic.c:1106:				QMP_SDCA_DMIC_MAX_PORTS * SWR_PORT_PARAMS * max_uc);
/local/mnt/workspace/AURA_V1/evidence/wcd937x_real_study_20260519_062557/repos/downstream-audio-kernel-ar/asoc/codecs/qmp1000/qmp-dmic.c:1114:			cnt = (i * QMP_SDCA_DMIC_MAX_PORTS + j) * SWR_PORT_PARAMS;
/local/mnt/workspace/AURA_V1/evidence/wcd937x_real_study_20260519_062557/repos/downstream-audio-kernel-ar/asoc/codecs/wsa881x-tables.c:22:	[WSA881X_SWR_RESET_EN] = 1,
/local/mnt/workspace/AURA_V1/evidence/wcd937x_real_study_20260519_062557/repos/downstream-audio-kernel-ar/asoc/codecs/wsa881x-tables.c:57:	[WSA881X_SWR_HM_TEST1] = 1,
/local/mnt/workspace/AURA_V1/evidence/wcd937x_real_study_20260519_062557/repos/downstream-audio-kernel-ar/asoc/codecs/wsa881x-tables.c:58:	[WSA881X_SWR_HM_TEST2] = 1,
/local/mnt/workspace/AURA_V1/evidence/wcd937x_real_study_20260519_062557/repos/downstream-audio-kernel-ar/asoc/codecs/wsa881x-registers.h:23:#define WSA881X_SWR_RESET_EN			(WSA881X_DIGITAL_BASE+0x000B)
/local/mnt/workspace/AURA_V1/evidence/wcd937x_real_study_20260519_062557/repos/downstream-audio-kernel-ar/asoc/codecs/wsa881x-registers.h:58:#define WSA881X_SWR_HM_TEST1			(WSA881X_DIGITAL_BASE+0x003B)
/local/mnt/workspace/AURA_V1/evidence/wcd937x_real_study_20260519_062557/repos/downstream-audio-kernel-ar/asoc/codecs/wsa881x-registers.h:59:#define WSA881X_SWR_HM_TEST2			(WSA881X_DIGITAL_BASE+0x003C)
/local/mnt/workspace/AURA_V1/evidence/wcd937x_real_study_20260519_062557/repos/downstream-audio-kernel-ar/asoc/codecs/wcd9335-regmap.c:1215:	{ WCD9335_SWR_AHB_BRIDGE_WR_DATA_0,               0x00 },
/local/mnt/workspace/AURA_V1/evidence/wcd937x_real_study_20260519_062557/repos/downstream-audio-kernel-ar/asoc/codecs/wcd9335-regmap.c:1216:	{ WCD9335_SWR_AHB_BRIDGE_WR_DATA_1,               0x00 },
/local/mnt/workspace/AURA_V1/evidence/wcd937x_real_study_20260519_062557/repos/downstream-audio-kernel-ar/asoc/codecs/wcd9335-regmap.c:1217:	{ WCD9335_SWR_AHB_BRIDGE_WR_DATA_2,               0x00 },
/local/mnt/workspace/AURA_V1/evidence/wcd937x_real_study_20260519_062557/repos/downstream-audio-kernel-ar/asoc/codecs/wcd9335-regmap.c:1218:	{ WCD9335_SWR_AHB_BRIDGE_WR_DATA_3,               0x00 },
/local/mnt/workspace/AURA_V1/evidence/wcd937x_real_study_20260519_062557/repos/downstream-audio-kernel-ar/asoc/codecs/wcd9335-regmap.c:1219:	{ WCD9335_SWR_AHB_BRIDGE_WR_ADDR_0,               0x00 },
/local/mnt/workspace/AURA_V1/evidence/wcd937x_real_study_20260519_062557/repos/downstream-audio-kernel-ar/asoc/codecs/wcd9335-regmap.c:1220:	{ WCD9335_SWR_AHB_BRIDGE_WR_ADDR_1,               0x00 },
/local/mnt/workspace/AURA_V1/evidence/wcd937x_real_study_20260519_062557/repos/downstream-audio-kernel-ar/asoc/codecs/wcd9335-regmap.c:1221:	{ WCD9335_SWR_AHB_BRIDGE_WR_ADDR_2,               0x00 },
/local/mnt/workspace/AURA_V1/evidence/wcd937x_real_study_20260519_062557/repos/downstream-audio-kernel-ar/asoc/codecs/wcd9335-regmap.c:1222:	{ WCD9335_SWR_AHB_BRIDGE_WR_ADDR_3,               0x00 },
/local/mnt/workspace/AURA_V1/evidence/wcd937x_real_study_20260519_062557/repos/downstream-audio-kernel-ar/asoc/codecs/wcd9335-regmap.c:1223:	{ WCD9335_SWR_AHB_BRIDGE_RD_ADDR_0,               0x00 },
/local/mnt/workspace/AURA_V1/evidence/wcd937x_real_study_20260519_062557/repos/downstream-audio-kernel-ar/asoc/codecs/wcd9335-regmap.c:1224:	{ WCD9335_SWR_AHB_BRIDGE_RD_ADDR_1,               0x00 },
/local/mnt/workspace/AURA_V1/evidence/wcd937x_real_study_20260519_062557/repos/downstream-audio-kernel-ar/asoc/codecs/wcd9335-regmap.c:1225:	{ WCD9335_SWR_AHB_BRIDGE_RD_ADDR_2,               0x00 },
/local/mnt/workspace/AURA_V1/evidence/wcd937x_real_study_20260519_062557/repos/downstream-audio-kernel-ar/asoc/codecs/wcd9335-regmap.c:1226:	{ WCD9335_SWR_AHB_BRIDGE_RD_ADDR_3,               0x00 },
/local/mnt/workspace/AURA_V1/evidence/wcd937x_real_study_20260519_062557/repos/downstream-audio-kernel-ar/asoc/codecs/wcd9335-regmap.c:1227:	{ WCD9335_SWR_AHB_BRIDGE_RD_DATA_0,               0x00 },
/local/mnt/workspace/AURA_V1/evidence/wcd937x_real_study_20260519_062557/repos/downstream-audio-kernel-ar/asoc/codecs/wcd9335-regmap.c:1228:	{ WCD9335_SWR_AHB_BRIDGE_RD_DATA_1,               0x00 },
/local/mnt/workspace/AURA_V1/evidence/wcd937x_real_study_20260519_062557/repos/downstream-audio-kernel-ar/asoc/codecs/wcd9335-regmap.c:1229:	{ WCD9335_SWR_AHB_BRIDGE_RD_DATA_2,               0x00 },
/local/mnt/workspace/AURA_V1/evidence/wcd937x_real_study_20260519_062557/repos/downstream-audio-kernel-ar/asoc/codecs/wcd9335-regmap.c:1230:	{ WCD9335_SWR_AHB_BRIDGE_RD_DATA_3,               0x00 },
/local/mnt/workspace/AURA_V1/evidence/wcd937x_real_study_20260519_062557/repos/downstream-audio-kernel-ar/asoc/codecs/wcd9335-regmap.c:1231:	{ WCD9335_SWR_AHB_BRIDGE_ACCESS_CFG,              0x0f },
/local/mnt/workspace/AURA_V1/evidence/wcd937x_real_study_20260519_062557/repos/downstream-audio-kernel-ar/asoc/codecs/wcd9335-regmap.c:1232:	{ WCD9335_SWR_AHB_BRIDGE_ACCESS_STATUS,           0x03 },
/local/mnt/workspace/AURA_V1/evidence/wcd937x_real_study_20260519_062557/repos/downstream-audio-kernel-ar/asoc/codecs/wcd9335-regmap.c:1317:	{ WCD9335_CDC_CLK_RST_CTRL_SWR_CONTROL,           0x00 },
/local/mnt/workspace/AURA_V1/evidence/wcd937x_real_study_20260519_062557/repos/downstream-audio-kernel-ar/asoc/codecs/wcd9335-regmap.c:1389:	{ WCD9335_TLMM_SWR_DATA_PINCFG,                   0x00 },
/local/mnt/workspace/AURA_V1/evidence/wcd937x_real_study_20260519_062557/repos/downstream-audio-kernel-ar/asoc/codecs/wcd9335-regmap.c:1390:	{ WCD9335_TLMM_SWR_CLK_PINCFG,                    0x00 },
/local/mnt/workspace/AURA_V1/evidence/wcd937x_real_study_20260519_062557/repos/downstream-audio-kernel-ar/asoc/codecs/wcd9335-regmap.c:1533:	case WCD9335_SWR_AHB_BRIDGE_WR_DATA_0:
/local/mnt/workspace/AURA_V1/evidence/wcd937x_real_study_20260519_062557/repos/downstream-audio-kernel-ar/asoc/codecs/wcd9335-regmap.c:1534:	case WCD9335_SWR_AHB_BRIDGE_WR_DATA_1:
/local/mnt/workspace/AURA_V1/evidence/wcd937x_real_study_20260519_062557/repos/downstream-audio-kernel-ar/asoc/codecs/wcd9335-regmap.c:1535:	case WCD9335_SWR_AHB_BRIDGE_WR_DATA_2:
/local/mnt/workspace/AURA_V1/evidence/wcd937x_real_study_20260519_062557/repos/downstream-audio-kernel-ar/asoc/codecs/wcd9335-regmap.c:1536:	case WCD9335_SWR_AHB_BRIDGE_WR_DATA_3:
/local/mnt/workspace/AURA_V1/evidence/wcd937x_real_study_20260519_062557/repos/downstream-audio-kernel-ar/asoc/codecs/wcd9335-regmap.c:1537:	case WCD9335_SWR_AHB_BRIDGE_WR_ADDR_0:
/local/mnt/workspace/AURA_V1/evidence/wcd937x_real_study_20260519_062557/repos/downstream-audio-kernel-ar/asoc/codecs/wcd9335-regmap.c:1538:	case WCD9335_SWR_AHB_BRIDGE_WR_ADDR_1:
/local/mnt/workspace/AURA_V1/evidence/wcd937x_real_study_20260519_062557/repos/downstream-audio-kernel-ar/asoc/codecs/wcd9335-regmap.c:1539:	case WCD9335_SWR_AHB_BRIDGE_WR_ADDR_2:
/local/mnt/workspace/AURA_V1/evidence/wcd937x_real_study_20260519_062557/repos/downstream-audio-kernel-ar/asoc/codecs/wcd9335-regmap.c:1540:	case WCD9335_SWR_AHB_BRIDGE_WR_ADDR_3:

## pattern: linux/version.h
/local/mnt/workspace/AURA_V1/evidence/wcd937x_real_study_20260519_062557/repos/downstream-audio-kernel-ar/asoc/codecs/wcd937x/wcd937x.c:25:#include <linux/version.h>
/local/mnt/workspace/AURA_V1/evidence/wcd937x_real_study_20260519_062557/repos/downstream-audio-kernel-ar/asoc/codecs/audio-ext-clk.c:20:#include <linux/version.h>
/local/mnt/workspace/AURA_V1/evidence/wcd937x_real_study_20260519_062557/repos/downstream-audio-kernel-ar/asoc/codecs/wcd937x/wcd937x.c:25:#include <linux/version.h>
/local/mnt/workspace/AURA_V1/evidence/wcd937x_real_study_20260519_062557/repos/downstream-audio-kernel-ar/asoc/codecs/wcd939x/wcd939x.c:35:#include <linux/version.h>
/local/mnt/workspace/AURA_V1/evidence/wcd937x_real_study_20260519_062557/repos/downstream-audio-kernel-ar/asoc/codecs/wcd939x/wcd939x-mbhc.c:26:#include <linux/version.h>
/local/mnt/workspace/AURA_V1/evidence/wcd937x_real_study_20260519_062557/repos/downstream-audio-kernel-ar/asoc/codecs/lpass-bt-swr.c:13:#include <linux/version.h>
/local/mnt/workspace/AURA_V1/evidence/wcd937x_real_study_20260519_062557/repos/downstream-audio-kernel-ar/asoc/codecs/msm_stub.c:13:#include <linux/version.h>
/local/mnt/workspace/AURA_V1/evidence/wcd937x_real_study_20260519_062557/repos/downstream-audio-kernel-ar/asoc/codecs/msm-cdc-pinctrl.c:20:#include <linux/version.h>
/local/mnt/workspace/AURA_V1/evidence/wcd937x_real_study_20260519_062557/repos/downstream-audio-kernel-ar/asoc/codecs/audio-ext-clk-up.c:11:#include <linux/version.h>
/local/mnt/workspace/AURA_V1/evidence/wcd937x_real_study_20260519_062557/repos/downstream-audio-kernel-ar/asoc/codecs/wcd938x/wcd938x.c:25:#include <linux/version.h>
/local/mnt/workspace/AURA_V1/evidence/wcd937x_real_study_20260519_062557/repos/downstream-audio-kernel-ar/asoc/codecs/lpass-cdc/lpass-cdc-wsa-macro.c:19:#include <linux/version.h>
/local/mnt/workspace/AURA_V1/evidence/wcd937x_real_study_20260519_062557/repos/downstream-audio-kernel-ar/asoc/codecs/lpass-cdc/lpass-cdc-clk-rsc.c:16:#include <linux/version.h>
/local/mnt/workspace/AURA_V1/evidence/wcd937x_real_study_20260519_062557/repos/downstream-audio-kernel-ar/asoc/codecs/lpass-cdc/lpass-cdc-va-macro.c:21:#include <linux/version.h>
/local/mnt/workspace/AURA_V1/evidence/wcd937x_real_study_20260519_062557/repos/downstream-audio-kernel-ar/asoc/codecs/lpass-cdc/lpass-cdc-wsa2-macro.c:19:#include <linux/version.h>
/local/mnt/workspace/AURA_V1/evidence/wcd937x_real_study_20260519_062557/repos/downstream-audio-kernel-ar/asoc/codecs/lpass-cdc/lpass-cdc.c:15:#include <linux/version.h>
/local/mnt/workspace/AURA_V1/evidence/wcd937x_real_study_20260519_062557/repos/downstream-audio-kernel-ar/asoc/codecs/lpass-cdc/lpass-cdc-tx-macro.c:16:#include <linux/version.h>
/local/mnt/workspace/AURA_V1/evidence/wcd937x_real_study_20260519_062557/repos/downstream-audio-kernel-ar/asoc/codecs/lpass-cdc/lpass-cdc-rx-macro.c:19:#include <linux/version.h>
/local/mnt/workspace/AURA_V1/evidence/wcd937x_real_study_20260519_062557/repos/downstream-audio-kernel-ar/asoc/codecs/msm_hdmi_codec_rx.c:13:#include <linux/version.h>

